2025-12-04T10:52:11.338648Z  INFO main ThreadId(01) fenrir::infra::logging::init: file logging initialized log_path=logs/app.log
2025-12-04T10:52:11.339122Z  INFO main ThreadId(01) fenrir::infra::logging::init: db log file prepared log_path=logs/db.log
2025-12-04T10:52:11.407172Z  INFO main ThreadId(01) fenrir::boot::startup: core services registered in registry
2025-12-04T10:52:11.409653Z  INFO main ThreadId(01) fenrir::boot::startup: scheduler service started
2025-12-04T10:52:11.410889Z  INFO tokio-runtime-worker ThreadId(09) fenrir::services::scheduler::service: scheduler heartbeat loop started
2025-12-04T10:52:11.417952Z  INFO                 main ThreadId(01) fenrir::boot::startup: audit log persistence configured path=/opt/fenrir/development/tmp/runtime/audit/fenrir-audit-history.json capacity=2048 retention_hours=24 persist_seconds=30
2025-12-04T10:52:11.426674Z  INFO                 main ThreadId(01) fenrir::infra::modules::runtime::process: loaded 2 module states from disk
2025-12-04T10:52:11.428491Z  INFO                 main ThreadId(01) fenrir::infra::modules::runtime::process: reattached running module process module_id=fenrir-api pid=31498
2025-12-04T10:52:11.428972Z  INFO                 main ThreadId(01) fenrir::infra::modules::runtime::process: reattached running module process module_id=notification-hub pid=31513
2025-12-04T10:52:11.475193Z  INFO                 main ThreadId(01) fenrir::infra::http::server: HTTP control-plane authentication via identity broker with static token fallback
2025-12-04T10:52:11.475290Z  INFO                 main ThreadId(01) fenrir::boot::startup: boot complete app=fenrir version=0.1.4
2025-12-04T10:52:11.475798Z  INFO                 main ThreadId(01) fenrir::infra::db::connector: db connector ipc socket ready path=/opt/fenrir/development/tmp/ipc/db-connector.sock
2025-12-04T10:52:11.475997Z  INFO tokio-runtime-worker ThreadId(02) fenrir::infra::db::connector: db connector task started task="db-connector-ipc"
2025-12-04T10:52:11.476214Z  WARN                 main ThreadId(01) fenrir::infra::modules::storage: Skipping hidden module entry path=/Users/jfurocket/Documents/personal/modules/.fenrir-backups name=".fenrir-backups"
2025-12-04T10:52:11.476294Z  WARN                 main ThreadId(01) fenrir::infra::modules::storage: Skipping hidden module entry path=/Users/jfurocket/Documents/personal/modules/.cache name=".cache"
2025-12-04T10:52:11.481008Z  INFO                 main ThreadId(01) fenrir::boot::transports: transport initialisation triggered
2025-12-04T10:52:11.481015Z  INFO tokio-runtime-worker ThreadId(02) fenrir::boot::transports: ssh server task spawned
2025-12-04T10:52:11.481525Z  INFO tokio-runtime-worker ThreadId(02) fenrir::infra::ssh::server: starting SSH server host=127.0.0.1 port=2222
2025-12-04T10:52:11.482677Z  INFO tokio-runtime-worker ThreadId(03) fenrir::infra::http::server: HTTP server task spawned
2025-12-04T10:52:14.571521Z  INFO tokio-runtime-worker ThreadId(13) thrussh::server::encrypted: pty-req: unknown pty code 42
2025-12-04T10:52:16.387183Z  WARN tokio-runtime-worker ThreadId(09) fenrir::infra::modules::storage: Skipping hidden module entry path=/Users/jfurocket/Documents/personal/modules/.fenrir-backups name=".fenrir-backups"
2025-12-04T10:52:16.387457Z  WARN tokio-runtime-worker ThreadId(09) fenrir::infra::modules::storage: Skipping hidden module entry path=/Users/jfurocket/Documents/personal/modules/.cache name=".cache"
2025-12-04T10:52:17.210835Z  WARN tokio-runtime-worker ThreadId(02) fenrir::infra::modules::storage: Skipping hidden module entry path=/Users/jfurocket/Documents/personal/modules/.fenrir-backups name=".fenrir-backups"
2025-12-04T10:52:17.211515Z  WARN tokio-runtime-worker ThreadId(02) fenrir::infra::modules::storage: Skipping hidden module entry path=/Users/jfurocket/Documents/personal/modules/.cache name=".cache"
2025-12-04T10:52:17.499621Z  WARN tokio-runtime-worker ThreadId(03) fenrir::infra::modules::storage: Skipping hidden module entry path=/Users/jfurocket/Documents/personal/modules/.fenrir-backups name=".fenrir-backups"
2025-12-04T10:52:17.500076Z  WARN tokio-runtime-worker ThreadId(03) fenrir::infra::modules::storage: Skipping hidden module entry path=/Users/jfurocket/Documents/personal/modules/.cache name=".cache"
2025-12-04T10:52:17.541776Z  WARN tokio-runtime-worker ThreadId(03) fenrir::infra::modules::storage: Skipping hidden module entry path=/Users/jfurocket/Documents/personal/modules/.fenrir-backups name=".fenrir-backups"
2025-12-04T10:52:17.542206Z  WARN tokio-runtime-worker ThreadId(13) fenrir::infra::modules::storage: Skipping hidden module entry path=/Users/jfurocket/Documents/personal/modules/.cache name=".cache"
2025-12-04T10:52:22.645426Z  WARN tokio-runtime-worker ThreadId(03) fenrir::infra::modules::storage: Skipping hidden module entry path=/Users/jfurocket/Documents/personal/modules/.fenrir-backups name=".fenrir-backups"
2025-12-04T10:52:22.645914Z  WARN tokio-runtime-worker ThreadId(03) fenrir::infra::modules::storage: Skipping hidden module entry path=/Users/jfurocket/Documents/personal/modules/.cache name=".cache"
2025-12-04T10:52:22.671635Z  WARN tokio-runtime-worker ThreadId(02) fenrir::infra::modules::storage: Skipping hidden module entry path=/Users/jfurocket/Documents/personal/modules/.fenrir-backups name=".fenrir-backups"
2025-12-04T10:52:22.672176Z  WARN tokio-runtime-worker ThreadId(02) fenrir::infra::modules::storage: Skipping hidden module entry path=/Users/jfurocket/Documents/personal/modules/.cache name=".cache"
2025-12-04T10:52:35.427137Z  WARN ThreadId(20) fenrir::infra::modules::storage: Skipping hidden module entry path=/Users/jfurocket/Documents/personal/modules/.fenrir-backups name=".fenrir-backups"
2025-12-04T10:52:35.427724Z  WARN ThreadId(20) fenrir::infra::modules::storage: Skipping hidden module entry path=/Users/jfurocket/Documents/personal/modules/.cache name=".cache"
2025-12-04T10:52:37.483083Z  INFO tokio-runtime-worker ThreadId(02) fenrir::infra::modules::runtime::process: module stopped module_id=fenrir-api pid=31498
2025-12-04T10:52:37.487585Z  INFO tokio-runtime-worker ThreadId(02) fenrir::services::module::dev: activating module dev service override module=fenrir-api services=1
2025-12-04T10:52:37.728687Z  WARN tokio-runtime-worker ThreadId(09) fenrir::infra::modules::storage: Skipping hidden module entry path=/Users/jfurocket/Documents/personal/modules/.fenrir-backups name=".fenrir-backups"
2025-12-04T10:52:37.729184Z  WARN tokio-runtime-worker ThreadId(09) fenrir::infra::modules::storage: Skipping hidden module entry path=/Users/jfurocket/Documents/personal/modules/.cache name=".cache"
2025-12-04T10:52:39.496015Z  WARN ThreadId(38) fenrir::infra::modules::storage: Skipping hidden module entry path=/Users/jfurocket/Documents/personal/modules/.fenrir-backups name=".fenrir-backups"
2025-12-04T10:52:39.496809Z  WARN ThreadId(38) fenrir::infra::modules::storage: Skipping hidden module entry path=/Users/jfurocket/Documents/personal/modules/.cache name=".cache"
2025-12-04T10:52:39.760522Z  WARN tokio-runtime-worker ThreadId(03) fenrir::infra::modules::storage: Skipping hidden module entry path=/Users/jfurocket/Documents/personal/modules/.fenrir-backups name=".fenrir-backups"
2025-12-04T10:52:39.760716Z  WARN tokio-runtime-worker ThreadId(02) fenrir::infra::modules::storage: Skipping hidden module entry path=/Users/jfurocket/Documents/personal/modules/.cache name=".cache"
2025-12-04T10:52:39.771976Z  INFO tokio-runtime-worker ThreadId(03) fenrir::infra::modules::runtime::process: module process started module_id=fenrir-api pid=53561 port=Some(41002)
2025-12-04T10:52:39.772235Z  INFO tokio-runtime-worker ThreadId(03) fenrir::services::module::runtime: module started successfully module_id=fenrir-api pid=Some(53561) port=Some(41002)
2025-12-04T10:52:40.681434Z  INFO tokio-runtime-worker ThreadId(02) fenrir::services::module::runtime: module service manifest registered after retry module=fenrir-api attempt=1
2025-12-04T10:52:41.850084Z  WARN tokio-runtime-worker ThreadId(02) fenrir::infra::modules::storage: Skipping hidden module entry path=/Users/jfurocket/Documents/personal/modules/.fenrir-backups name=".fenrir-backups"
2025-12-04T10:52:41.850832Z  WARN tokio-runtime-worker ThreadId(02) fenrir::infra::modules::storage: Skipping hidden module entry path=/Users/jfurocket/Documents/personal/modules/.cache name=".cache"
2025-12-04T10:52:52.731998Z  WARN tokio-runtime-worker ThreadId(02) fenrir::infra::modules::storage: Skipping hidden module entry path=/Users/jfurocket/Documents/personal/modules/.fenrir-backups name=".fenrir-backups"
2025-12-04T10:52:52.733555Z  WARN tokio-runtime-worker ThreadId(02) fenrir::infra::modules::storage: Skipping hidden module entry path=/Users/jfurocket/Documents/personal/modules/.cache name=".cache"
2025-12-04T10:53:07.732465Z  WARN tokio-runtime-worker ThreadId(03) fenrir::infra::modules::storage: Skipping hidden module entry path=/Users/jfurocket/Documents/personal/modules/.fenrir-backups name=".fenrir-backups"
2025-12-04T10:53:07.733705Z  WARN tokio-runtime-worker ThreadId(03) fenrir::infra::modules::storage: Skipping hidden module entry path=/Users/jfurocket/Documents/personal/modules/.cache name=".cache"
2025-12-04T10:53:22.287540Z  INFO tokio-runtime-worker ThreadId(13) fenrir::infra::modules::runtime::process: module stopped module_id=fenrir-api pid=53561
2025-12-04T10:53:22.732630Z  WARN tokio-runtime-worker ThreadId(02) fenrir::infra::modules::storage: Skipping hidden module entry path=/Users/jfurocket/Documents/personal/modules/.fenrir-backups name=".fenrir-backups"
2025-12-04T10:53:22.732884Z  WARN tokio-runtime-worker ThreadId(02) fenrir::infra::modules::storage: Skipping hidden module entry path=/Users/jfurocket/Documents/personal/modules/.cache name=".cache"
2025-12-04T10:53:22.808889Z  INFO tokio-runtime-worker ThreadId(13) fenrir::infra::modules::runtime::process: module stopped module_id=notification-hub pid=31513
