2026-01-15T14:35:34.562878Z  INFO main ThreadId(01) fenrir::infra::logging::init: file logging initialized log_path=logs/app.log
2026-01-15T14:35:34.563051Z  INFO main ThreadId(01) fenrir::infra::logging::init: db log file prepared log_path=logs/db.log
2026-01-15T14:35:35.905749Z  INFO main ThreadId(01) fenrir::infra::db::runtime: postgres using Unix socket (TCP disabled) socket_dir=/opt/fenrir/development/tmp/runtime/db/socket
2026-01-15T14:35:36.109711Z  INFO main ThreadId(01) fenrir::infra::db::runtime: postgres unix socket ready socket=/opt/fenrir/development/tmp/runtime/db/socket/.s.PGSQL.5432
2026-01-15T14:35:36.109962Z  INFO main ThreadId(01) fenrir::infra::db::runtime: embedded postgres started securely port=55432 pid=62462 auth="scram-sha-256" socket=true
2026-01-15T14:35:36.110180Z  INFO main ThreadId(01) fenrir::infra::db::runtime: db runtime supervisor started (stub) mode=Embedded engine=Postgres dir=/opt/fenrir/development/tmp/runtime/db
2026-01-15T14:35:36.113433Z  INFO main ThreadId(01) fenrir::boot::startup: core services registered in registry
2026-01-15T14:35:36.254155Z  INFO main ThreadId(01) fenrir::boot::startup: database migrations up to date engine=postgres
2026-01-15T14:35:36.254248Z  INFO main ThreadId(01) fenrir::boot::startup: scheduler service started
2026-01-15T14:35:36.254335Z  INFO tokio-runtime-worker ThreadId(12) fenrir::services::scheduler::service: scheduler heartbeat loop started
2026-01-15T14:35:36.258390Z  INFO                 main ThreadId(01) fenrir::boot::startup: audit log persistence configured path=/opt/fenrir/development/tmp/runtime/audit/fenrir-audit-history.json capacity=2048 retention_hours=24 persist_seconds=30
2026-01-15T14:35:36.262664Z  INFO                 main ThreadId(01) fenrir::infra::modules::runtime::process: loaded 2 module states from disk
2026-01-15T14:35:36.262709Z  WARN                 main ThreadId(01) fenrir::infra::modules::runtime::process: module was running but process no longer exists module_id=notification-hub pid=55942
2026-01-15T14:35:36.262718Z  WARN                 main ThreadId(01) fenrir::infra::modules::runtime::process: module was running but process no longer exists module_id=fenrir-api pid=55936
2026-01-15T14:35:36.314573Z  INFO                 main ThreadId(01) fenrir::security::identity::authority: identity store: using database backend
2026-01-15T14:35:36.314999Z  INFO                 main ThreadId(01) fenrir::services::scheduler::service: Automatic backup job registered schedule=daily
2026-01-15T14:35:36.315054Z  INFO                 main ThreadId(01) fenrir::infra::http::server: HTTP control-plane authentication via identity broker with static token fallback
2026-01-15T14:35:36.315110Z  INFO                 main ThreadId(01) fenrir::boot::startup: boot complete app=fenrir version=0.1.4
2026-01-15T14:35:36.315424Z  INFO                 main ThreadId(01) fenrir::infra::db::connector: db connector ipc socket ready path=/opt/fenrir/development/tmp/runtime/ipc/db-connector.sock
2026-01-15T14:35:36.315509Z  INFO tokio-runtime-worker ThreadId(06) fenrir::infra::db::connector: db connector task started task="db-connector-ipc"
2026-01-15T14:35:36.317838Z  INFO                 main ThreadId(01) fenrir::services::module::gateway: runtime gateway started module=fenrir-api endpoint=http://127.0.0.1:53610/call
2026-01-15T14:35:36.341171Z  INFO                 main ThreadId(01) fenrir::infra::modules::runtime::process: module process started module_id=fenrir-api pid=62474 port=Some(41000)
2026-01-15T14:35:36.346048Z  INFO                 main ThreadId(01) fenrir::services::module::runtime: module started successfully module_id=fenrir-api pid=Some(62474) port=Some(41000)
2026-01-15T14:35:36.752466Z  INFO                 main ThreadId(01) fenrir::services::module::gateway: runtime gateway started module=fenrir-web endpoint=http://127.0.0.1:53614/call
2026-01-15T14:35:36.759228Z  INFO                 main ThreadId(01) fenrir::infra::modules::runtime::process: module static server started module_id=fenrir-web port=41003 root=/Users/jfurocket/Documents/personal/modules/fenrir-web/dist/browser
2026-01-15T14:35:36.764627Z  INFO                 main ThreadId(01) fenrir::services::module::runtime: module started successfully module_id=fenrir-web pid=None port=Some(41003)
2026-01-15T14:35:36.767489Z  INFO                 main ThreadId(01) fenrir::services::module::gateway: runtime gateway started module=notification-hub endpoint=http://127.0.0.1:53616/call
2026-01-15T14:35:36.777114Z  INFO                 main ThreadId(01) fenrir::infra::modules::runtime::process: module process started module_id=notification-hub pid=62477 port=Some(41001)
2026-01-15T14:35:36.782208Z  INFO                 main ThreadId(01) fenrir::services::module::runtime: module started successfully module_id=notification-hub pid=Some(62477) port=Some(41001)
2026-01-15T14:35:37.187440Z  INFO tokio-runtime-worker ThreadId(05) fenrir::boot::transports: ssh server task spawned
2026-01-15T14:35:37.187440Z  INFO                 main ThreadId(01) fenrir::boot::transports: transport initialisation triggered
2026-01-15T14:35:37.187967Z  INFO tokio-runtime-worker ThreadId(07) fenrir::infra::http::server: HTTP server task spawned
2026-01-15T14:35:37.189104Z  INFO tokio-runtime-worker ThreadId(05) fenrir::infra::ssh::server: starting SSH server host=127.0.0.1 port=2222
2026-01-15T14:35:37.577430Z  INFO tokio-runtime-worker ThreadId(12) tokio_postgres::connection: NOTICE: relation "verification_codes" already exists, skipping
2026-01-15T14:35:37.578339Z  INFO tokio-runtime-worker ThreadId(12) tokio_postgres::connection: NOTICE: relation "idx_verification_codes_email" already exists, skipping
2026-01-15T14:35:37.578385Z  INFO tokio-runtime-worker ThreadId(12) fenrir::services::db_connector: db connector request processed tenant="default"
2026-01-15T14:35:37.659508Z  INFO tokio-runtime-worker ThreadId(12) fenrir::services::module::runtime: module service manifest registered after retry module=fenrir-api attempt=1
2026-01-15T14:35:37.694589Z  INFO tokio-runtime-worker ThreadId(06) fenrir::services::module::runtime: module service manifest registered after retry module=notification-hub attempt=1
2026-01-15T14:35:55.107034Z  INFO tokio-runtime-worker ThreadId(21) fenrir::services::module::ports: released dynamic port assignment module=fenrir-api
2026-01-15T14:36:00.884205Z  INFO tokio-runtime-worker ThreadId(06) fenrir::services::module::ports: assigned dynamic port to module module=fenrir-api port=41000
2026-01-15T14:36:00.884424Z  INFO tokio-runtime-worker ThreadId(06) fenrir::services::module::gateway: runtime gateway started module=fenrir-api endpoint=http://127.0.0.1:53649/call
2026-01-15T14:36:05.839414Z  WARN tokio-runtime-worker ThreadId(14) fenrir::services::db_connector: db connector request failed error=token validation failed: service token not found
2026-01-15T14:36:06.355027Z  WARN tokio-runtime-worker ThreadId(07) fenrir::services::db_connector: db connector request failed error=token validation failed: service token not found
2026-01-15T14:36:09.166599Z  WARN tokio-runtime-worker ThreadId(06) fenrir::services::db_connector: db connector request failed error=token validation failed: service token not found
