2026-01-15T14:40:47.820309Z  INFO main ThreadId(01) fenrir::infra::logging::init: file logging initialized log_path=logs/app.log
2026-01-15T14:40:47.820433Z  INFO main ThreadId(01) fenrir::infra::logging::init: db log file prepared log_path=logs/db.log
2026-01-15T14:40:49.162420Z  INFO main ThreadId(01) fenrir::infra::db::runtime: postgres using Unix socket (TCP disabled) socket_dir=/opt/fenrir/development/tmp/runtime/db/socket
2026-01-15T14:40:49.365912Z  INFO main ThreadId(01) fenrir::infra::db::runtime: postgres unix socket ready socket=/opt/fenrir/development/tmp/runtime/db/socket/.s.PGSQL.5432
2026-01-15T14:40:49.366128Z  INFO main ThreadId(01) fenrir::infra::db::runtime: embedded postgres started securely port=55432 pid=63258 auth="scram-sha-256" socket=true
2026-01-15T14:40:49.366291Z  INFO main ThreadId(01) fenrir::infra::db::runtime: db runtime supervisor started (stub) mode=Embedded engine=Postgres dir=/opt/fenrir/development/tmp/runtime/db
2026-01-15T14:40:49.368181Z  INFO main ThreadId(01) fenrir::boot::startup: core services registered in registry
2026-01-15T14:40:49.510450Z  INFO main ThreadId(01) fenrir::boot::startup: database migrations up to date engine=postgres
2026-01-15T14:40:49.510548Z  INFO main ThreadId(01) fenrir::boot::startup: scheduler service started
2026-01-15T14:40:49.510602Z  INFO tokio-runtime-worker ThreadId(07) fenrir::services::scheduler::service: scheduler heartbeat loop started
2026-01-15T14:40:49.514910Z  INFO                 main ThreadId(01) fenrir::boot::startup: audit log persistence configured path=/opt/fenrir/development/tmp/runtime/audit/fenrir-audit-history.json capacity=2048 retention_hours=24 persist_seconds=30
2026-01-15T14:40:49.519049Z  INFO                 main ThreadId(01) fenrir::infra::modules::runtime::process: loaded 2 module states from disk
2026-01-15T14:40:49.519097Z  WARN                 main ThreadId(01) fenrir::infra::modules::runtime::process: module was running but process no longer exists module_id=fenrir-api pid=62474
2026-01-15T14:40:49.519106Z  WARN                 main ThreadId(01) fenrir::infra::modules::runtime::process: module was running but process no longer exists module_id=notification-hub pid=62477
2026-01-15T14:40:49.572767Z  INFO                 main ThreadId(01) fenrir::security::identity::authority: identity store: using database backend
2026-01-15T14:40:49.573237Z  INFO                 main ThreadId(01) fenrir::services::scheduler::service: Automatic backup job registered schedule=daily
2026-01-15T14:40:49.573308Z  INFO                 main ThreadId(01) fenrir::infra::http::server: HTTP control-plane authentication via identity broker with static token fallback
2026-01-15T14:40:49.573347Z  INFO                 main ThreadId(01) fenrir::boot::startup: boot complete app=fenrir version=0.1.4
2026-01-15T14:40:49.573662Z  INFO                 main ThreadId(01) fenrir::infra::db::connector: db connector ipc socket ready path=/opt/fenrir/development/tmp/runtime/ipc/db-connector.sock
2026-01-15T14:40:49.573722Z  INFO tokio-runtime-worker ThreadId(07) fenrir::infra::db::connector: db connector task started task="db-connector-ipc"
2026-01-15T14:40:49.576964Z  INFO                 main ThreadId(01) fenrir::services::module::gateway: runtime gateway started module=fenrir-api endpoint=http://127.0.0.1:53909/call
2026-01-15T14:40:49.590863Z  INFO                 main ThreadId(01) fenrir::infra::modules::runtime::process: module process started module_id=fenrir-api pid=63271 port=Some(41000)
2026-01-15T14:40:49.596049Z  INFO                 main ThreadId(01) fenrir::services::module::runtime: module started successfully module_id=fenrir-api pid=Some(63271) port=Some(41000)
2026-01-15T14:40:50.007472Z  INFO                 main ThreadId(01) fenrir::services::module::gateway: runtime gateway started module=fenrir-web endpoint=http://127.0.0.1:53913/call
2026-01-15T14:40:50.028532Z  INFO                 main ThreadId(01) fenrir::infra::modules::runtime::process: module static server started module_id=fenrir-web port=41003 root=/Users/jfurocket/Documents/personal/modules/fenrir-web/dist/browser
2026-01-15T14:40:50.048429Z  INFO                 main ThreadId(01) fenrir::services::module::runtime: module started successfully module_id=fenrir-web pid=None port=Some(41003)
2026-01-15T14:40:50.052309Z  INFO                 main ThreadId(01) fenrir::services::module::gateway: runtime gateway started module=notification-hub endpoint=http://127.0.0.1:53915/call
2026-01-15T14:40:50.065608Z  INFO                 main ThreadId(01) fenrir::infra::modules::runtime::process: module process started module_id=notification-hub pid=63273 port=Some(41001)
2026-01-15T14:40:50.073570Z  INFO                 main ThreadId(01) fenrir::services::module::runtime: module started successfully module_id=notification-hub pid=Some(63273) port=Some(41001)
2026-01-15T14:40:50.283998Z  INFO                 main ThreadId(01) fenrir::boot::transports: transport initialisation triggered
2026-01-15T14:40:50.283998Z  INFO tokio-runtime-worker ThreadId(03) fenrir::boot::transports: ssh server task spawned
2026-01-15T14:40:50.285320Z  INFO tokio-runtime-worker ThreadId(12) fenrir::infra::http::server: HTTP server task spawned
2026-01-15T14:40:50.286217Z  INFO tokio-runtime-worker ThreadId(03) fenrir::infra::ssh::server: starting SSH server host=127.0.0.1 port=2222
2026-01-15T14:40:51.290833Z  INFO tokio-runtime-worker ThreadId(07) tokio_postgres::connection: NOTICE: relation "verification_codes" already exists, skipping
2026-01-15T14:40:51.291801Z  INFO tokio-runtime-worker ThreadId(07) tokio_postgres::connection: NOTICE: relation "idx_verification_codes_email" already exists, skipping
2026-01-15T14:40:51.291855Z  INFO tokio-runtime-worker ThreadId(07) fenrir::services::db_connector: db connector request processed tenant="default"
2026-01-15T14:40:51.419414Z  INFO tokio-runtime-worker ThreadId(09) fenrir::services::module::runtime: module service manifest registered after retry module=fenrir-api attempt=2
2026-01-15T14:41:18.111503Z  INFO tokio-runtime-worker ThreadId(22) fenrir::services::module::ports: released dynamic port assignment module=fenrir-api
2026-01-15T14:41:21.816696Z  INFO tokio-runtime-worker ThreadId(12) fenrir::services::module::ports: assigned dynamic port to module module=fenrir-api port=41000
2026-01-15T14:41:21.816906Z  INFO tokio-runtime-worker ThreadId(12) fenrir::services::module::gateway: runtime gateway started module=fenrir-api endpoint=http://127.0.0.1:53959/call
2026-01-15T14:41:30.532524Z  WARN tokio-runtime-worker ThreadId(07) fenrir::services::db_connector: db connector request failed error=token validation failed: service token not found
2026-01-15T14:43:59.203458Z  WARN tokio-runtime-worker ThreadId(21) fenrir::services::db_connector: db connector request failed error=token validation failed: service token not found
2026-01-15T14:45:49.574661Z  INFO tokio-runtime-worker ThreadId(21) fenrir::services::scheduler::service: Running scheduled database backup
2026-01-15T14:45:49.574814Z  INFO tokio-runtime-worker ThreadId(21) fenrir::services::backup::service: Starting backup: running pre-flight checks
2026-01-15T14:45:49.674029Z  INFO tokio-runtime-worker ThreadId(22) fenrir::services::backup::service: Pre-backup: forcing checkpoint
2026-01-15T14:45:49.727585Z  INFO tokio-runtime-worker ThreadId(09) fenrir::services::backup::service: Creating backup
2026-01-15T14:45:50.999649Z  INFO tokio-runtime-worker ThreadId(22) fenrir::services::backup::service: Using Unix socket for backup: /opt/fenrir/development/tmp/runtime/db/socket
2026-01-15T14:45:51.663170Z  INFO tokio-runtime-worker ThreadId(09) fenrir::services::backup::service: Refreshing DB state snapshot
2026-01-15T14:45:51.663696Z  INFO tokio-runtime-worker ThreadId(09) fenrir::services::backup::service: DB state snapshot copied to backup
2026-01-15T14:45:51.663711Z  INFO tokio-runtime-worker ThreadId(09) fenrir::services::backup::service: Verifying backup integrity
2026-01-15T14:45:51.663823Z  INFO tokio-runtime-worker ThreadId(09) fenrir::services::backup::service: Rotating old backups (keeping 7)
2026-01-15T14:45:51.664304Z  INFO tokio-runtime-worker ThreadId(22) fenrir::services::backup::service: Removing old backup: /opt/fenrir/development/tmp/runtime/backups/postgres-20260115_081950
2026-01-15T14:45:51.704487Z  INFO tokio-runtime-worker ThreadId(22) fenrir::services::backup::service: Backup complete: /opt/fenrir/development/tmp/runtime/backups/postgres-20260115_144549 (17 MB)
2026-01-15T14:45:51.709237Z  INFO tokio-runtime-worker ThreadId(22) fenrir::services::scheduler::service: Scheduled backup completed successfully path=/opt/fenrir/development/tmp/runtime/backups/postgres-20260115_144549 size_mb=17
