2025-12-04T14:59:42.425775Z  INFO main ThreadId(01) fenrir::infra::logging::init: file logging initialized log_path=logs/app.log
2025-12-04T14:59:42.425880Z  INFO main ThreadId(01) fenrir::infra::logging::init: db log file prepared log_path=logs/db.log
2025-12-04T14:59:42.494349Z  INFO main ThreadId(01) fenrir::boot::startup: core services registered in registry
2025-12-04T14:59:42.494591Z  INFO main ThreadId(01) fenrir::boot::startup: scheduler service started
2025-12-04T14:59:42.494670Z  INFO tokio-runtime-worker ThreadId(02) fenrir::services::scheduler::service: scheduler heartbeat loop started
2025-12-04T14:59:42.501927Z  INFO                 main ThreadId(01) fenrir::boot::startup: audit log persistence configured path=/opt/fenrir/development/tmp/runtime/audit/fenrir-audit-history.json capacity=2048 retention_hours=24 persist_seconds=30
2025-12-04T14:59:42.505833Z  INFO                 main ThreadId(01) fenrir::infra::modules::runtime::process: loaded 0 module states from disk
2025-12-04T14:59:42.553246Z  INFO                 main ThreadId(01) fenrir::infra::http::server: HTTP control-plane authentication via identity broker with static token fallback
2025-12-04T14:59:42.553309Z  INFO                 main ThreadId(01) fenrir::boot::startup: boot complete app=fenrir version=0.1.4
2025-12-04T14:59:42.553566Z  INFO                 main ThreadId(01) fenrir::infra::db::connector: db connector ipc socket ready path=/opt/fenrir/development/tmp/ipc/db-connector.sock
2025-12-04T14:59:42.553580Z  INFO tokio-runtime-worker ThreadId(14) fenrir::infra::db::connector: db connector task started task="db-connector-ipc"
2025-12-04T14:59:42.553859Z  WARN                 main ThreadId(01) fenrir::infra::modules::storage: Skipping hidden module entry path=/Users/jfurocket/Documents/personal/modules/.fenrir-backups name=".fenrir-backups"
2025-12-04T14:59:42.553941Z  WARN                 main ThreadId(01) fenrir::infra::modules::storage: Skipping hidden module entry path=/Users/jfurocket/Documents/personal/modules/.cache name=".cache"
2025-12-04T14:59:42.564847Z  INFO                 main ThreadId(01) fenrir::infra::modules::runtime::process: module process started module_id=fenrir-api pid=37704 port=Some(41002)
2025-12-04T14:59:42.565089Z  INFO                 main ThreadId(01) fenrir::services::module::runtime: module started successfully module_id=fenrir-api pid=Some(37704) port=Some(41002)
2025-12-04T14:59:42.790150Z  INFO                 main ThreadId(01) fenrir::infra::modules::runtime::process: module process started module_id=notification-hub pid=37719 port=Some(41001)
2025-12-04T14:59:42.790816Z  INFO                 main ThreadId(01) fenrir::services::module::runtime: module started successfully module_id=notification-hub pid=Some(37719) port=Some(41001)
2025-12-04T14:59:43.003485Z  INFO tokio-runtime-worker ThreadId(10) fenrir::boot::transports: ssh server task spawned
2025-12-04T14:59:43.003485Z  INFO                 main ThreadId(01) fenrir::boot::transports: transport initialisation triggered
2025-12-04T14:59:43.004447Z  INFO tokio-runtime-worker ThreadId(10) fenrir::infra::ssh::server: starting SSH server host=127.0.0.1 port=2222
2025-12-04T14:59:43.004629Z  INFO tokio-runtime-worker ThreadId(13) fenrir::infra::http::server: HTTP server task spawned
2025-12-04T14:59:46.257771Z  INFO tokio-runtime-worker ThreadId(17) thrussh::server::encrypted: pty-req: unknown pty code 42
2025-12-04T14:59:49.913873Z  WARN tokio-runtime-worker ThreadId(02) fenrir::infra::modules::storage: Skipping hidden module entry path=/Users/jfurocket/Documents/personal/modules/.fenrir-backups name=".fenrir-backups"
2025-12-04T14:59:49.914297Z  WARN tokio-runtime-worker ThreadId(02) fenrir::infra::modules::storage: Skipping hidden module entry path=/Users/jfurocket/Documents/personal/modules/.cache name=".cache"
2025-12-04T14:59:50.580567Z  WARN ThreadId(20) fenrir::infra::modules::storage: Skipping hidden module entry path=/Users/jfurocket/Documents/personal/modules/.fenrir-backups name=".fenrir-backups"
2025-12-04T14:59:50.581946Z  WARN ThreadId(20) fenrir::infra::modules::storage: Skipping hidden module entry path=/Users/jfurocket/Documents/personal/modules/.cache name=".cache"
2025-12-04T14:59:50.906497Z  INFO ThreadId(36) fenrir::services::module::ports: released dynamic port assignment module=fenrir-api
2025-12-04T14:59:53.253159Z  WARN ThreadId(52) fenrir::infra::modules::storage: Skipping hidden module entry path=/Users/jfurocket/Documents/personal/modules/.fenrir-backups name=".fenrir-backups"
2025-12-04T14:59:53.253613Z  WARN ThreadId(52) fenrir::infra::modules::storage: Skipping hidden module entry path=/Users/jfurocket/Documents/personal/modules/.cache name=".cache"
2025-12-04T14:59:53.255224Z  WARN ThreadId(68) fenrir::infra::modules::storage: Skipping hidden module entry path=/Users/jfurocket/Documents/personal/modules/.fenrir-backups name=".fenrir-backups"
2025-12-04T14:59:53.255503Z  WARN ThreadId(68) fenrir::infra::modules::storage: Skipping hidden module entry path=/Users/jfurocket/Documents/personal/modules/.cache name=".cache"
2025-12-04T15:00:04.912706Z  WARN tokio-runtime-worker ThreadId(17) fenrir::infra::modules::storage: Skipping hidden module entry path=/Users/jfurocket/Documents/personal/modules/.fenrir-backups name=".fenrir-backups"
2025-12-04T15:00:04.914783Z  WARN tokio-runtime-worker ThreadId(17) fenrir::infra::modules::storage: Skipping hidden module entry path=/Users/jfurocket/Documents/personal/modules/.cache name=".cache"
2025-12-04T15:00:14.291788Z  WARN tokio-runtime-worker ThreadId(02) fenrir::infra::modules::storage: Skipping hidden module entry path=/Users/jfurocket/Documents/personal/modules/.fenrir-backups name=".fenrir-backups"
2025-12-04T15:00:14.292882Z  WARN tokio-runtime-worker ThreadId(02) fenrir::infra::modules::storage: Skipping hidden module entry path=/Users/jfurocket/Documents/personal/modules/.cache name=".cache"
2025-12-04T15:00:15.440992Z  WARN tokio-runtime-worker ThreadId(14) fenrir::infra::modules::storage: Skipping hidden module entry path=/Users/jfurocket/Documents/personal/modules/.fenrir-backups name=".fenrir-backups"
2025-12-04T15:00:15.441758Z  WARN tokio-runtime-worker ThreadId(14) fenrir::infra::modules::storage: Skipping hidden module entry path=/Users/jfurocket/Documents/personal/modules/.cache name=".cache"
2025-12-04T15:00:30.520235Z  WARN tokio-runtime-worker ThreadId(14) fenrir::infra::modules::storage: Skipping hidden module entry path=/Users/jfurocket/Documents/personal/modules/.fenrir-backups name=".fenrir-backups"
2025-12-04T15:00:30.520982Z  WARN tokio-runtime-worker ThreadId(14) fenrir::infra::modules::storage: Skipping hidden module entry path=/Users/jfurocket/Documents/personal/modules/.cache name=".cache"
2025-12-04T15:00:45.510831Z  WARN tokio-runtime-worker ThreadId(17) fenrir::infra::modules::storage: Skipping hidden module entry path=/Users/jfurocket/Documents/personal/modules/.fenrir-backups name=".fenrir-backups"
2025-12-04T15:00:45.511991Z  WARN tokio-runtime-worker ThreadId(17) fenrir::infra::modules::storage: Skipping hidden module entry path=/Users/jfurocket/Documents/personal/modules/.cache name=".cache"
2025-12-04T15:00:46.918884Z  WARN tokio-runtime-worker ThreadId(10) fenrir::infra::modules::storage: Skipping hidden module entry path=/Users/jfurocket/Documents/personal/modules/.fenrir-backups name=".fenrir-backups"
2025-12-04T15:00:46.919297Z  WARN tokio-runtime-worker ThreadId(10) fenrir::infra::modules::storage: Skipping hidden module entry path=/Users/jfurocket/Documents/personal/modules/.cache name=".cache"
2025-12-04T15:01:00.512900Z  WARN tokio-runtime-worker ThreadId(17) fenrir::infra::modules::storage: Skipping hidden module entry path=/Users/jfurocket/Documents/personal/modules/.fenrir-backups name=".fenrir-backups"
2025-12-04T15:01:00.513491Z  WARN tokio-runtime-worker ThreadId(17) fenrir::infra::modules::storage: Skipping hidden module entry path=/Users/jfurocket/Documents/personal/modules/.cache name=".cache"
2025-12-04T15:01:15.507796Z  WARN tokio-runtime-worker ThreadId(10) fenrir::infra::modules::storage: Skipping hidden module entry path=/Users/jfurocket/Documents/personal/modules/.fenrir-backups name=".fenrir-backups"
2025-12-04T15:01:15.508420Z  WARN tokio-runtime-worker ThreadId(10) fenrir::infra::modules::storage: Skipping hidden module entry path=/Users/jfurocket/Documents/personal/modules/.cache name=".cache"
2025-12-04T15:01:30.509082Z  WARN tokio-runtime-worker ThreadId(10) fenrir::infra::modules::storage: Skipping hidden module entry path=/Users/jfurocket/Documents/personal/modules/.fenrir-backups name=".fenrir-backups"
2025-12-04T15:01:30.510374Z  WARN tokio-runtime-worker ThreadId(10) fenrir::infra::modules::storage: Skipping hidden module entry path=/Users/jfurocket/Documents/personal/modules/.cache name=".cache"
2025-12-04T15:01:43.057019Z  INFO tokio-runtime-worker ThreadId(10) fenrir::infra::modules::runtime::process: module stopped module_id=fenrir-api pid=37704
2025-12-04T15:01:43.562648Z  INFO tokio-runtime-worker ThreadId(10) fenrir::infra::modules::runtime::process: module stopped module_id=notification-hub pid=37719
