2026-03-01T13:49:32.942745Z  INFO main ThreadId(01) fenrir::infra::logging::init: file logging initialized log_path=logs/app.log
2026-03-01T13:49:32.942965Z  INFO main ThreadId(01) fenrir::infra::logging::init: db log file prepared log_path=logs/db.log
2026-03-01T13:49:34.230711Z  INFO main ThreadId(01) fenrir::infra::db::runtime: postgres using Unix socket (TCP disabled) socket_dir=/opt/fenrir/development/tmp/runtime/db/socket
2026-03-01T13:49:34.435116Z  INFO main ThreadId(01) fenrir::infra::db::runtime: postgres unix socket ready socket=/opt/fenrir/development/tmp/runtime/db/socket/.s.PGSQL.5432
2026-03-01T13:49:34.435275Z  INFO main ThreadId(01) fenrir::infra::db::runtime: embedded postgres started securely port=55432 pid=80016 auth="scram-sha-256" socket=true
2026-03-01T13:49:34.435396Z  INFO main ThreadId(01) fenrir::infra::db::runtime: db runtime supervisor started (stub) mode=Embedded engine=Postgres dir=/opt/fenrir/development/tmp/runtime/db
2026-03-01T13:49:34.438213Z  INFO main ThreadId(01) fenrir::boot::startup: core services registered in registry
2026-03-01T13:49:34.568367Z  INFO main ThreadId(01) fenrir::boot::startup: database migrations up to date engine=postgres
2026-03-01T13:49:34.568484Z  INFO main ThreadId(01) fenrir::boot::startup: scheduler service started
2026-03-01T13:49:34.568556Z  INFO tokio-runtime-worker ThreadId(13) fenrir::services::scheduler::service: scheduler heartbeat loop started
2026-03-01T13:49:34.574778Z  INFO                 main ThreadId(01) fenrir::boot::startup: audit log persistence configured path=/opt/fenrir/development/tmp/runtime/audit/fenrir-audit-history.json capacity=2048 retention_hours=24 persist_seconds=30
2026-03-01T13:49:34.579888Z  INFO                 main ThreadId(01) fenrir::infra::modules::runtime::process: loaded 4 module states from disk
2026-03-01T13:49:34.579929Z  WARN                 main ThreadId(01) fenrir::infra::modules::runtime::process: module was running but process no longer exists module_id=notification-service pid=62203
2026-03-01T13:49:34.579941Z  WARN                 main ThreadId(01) fenrir::infra::modules::runtime::process: module was running but process no longer exists module_id=athene pid=63589
2026-03-01T13:49:34.579946Z  WARN                 main ThreadId(01) fenrir::infra::modules::runtime::process: module was running but process no longer exists module_id=athene-api pid=62160
2026-03-01T13:49:34.579950Z  WARN                 main ThreadId(01) fenrir::infra::modules::runtime::process: module was running but process no longer exists module_id=auth-service pid=62177
2026-03-01T13:49:34.633837Z  INFO                 main ThreadId(01) fenrir::security::identity::authority: identity store: using database backend
2026-03-01T13:49:34.634336Z  INFO                 main ThreadId(01) fenrir::services::scheduler::service: Automatic backup job registered schedule=daily
2026-03-01T13:49:34.634392Z  INFO                 main ThreadId(01) fenrir::infra::http::server: HTTP control-plane authentication via identity broker with static token fallback
2026-03-01T13:49:34.634456Z  INFO                 main ThreadId(01) fenrir::boot::startup: boot complete app=fenrir version=0.1.4
2026-03-01T13:49:34.634807Z  INFO                 main ThreadId(01) fenrir::infra::db::connector: db connector ipc socket ready path=/opt/fenrir/development/tmp/runtime/ipc/db-connector.sock
2026-03-01T13:49:34.634923Z  INFO tokio-runtime-worker ThreadId(05) fenrir::infra::db::connector: db connector task started task="db-connector-ipc"
2026-03-01T13:49:34.639235Z  INFO                 main ThreadId(01) fenrir::services::module::gateway: runtime gateway started module=athene endpoint=http://127.0.0.1:56828/call
2026-03-01T13:49:34.658772Z  INFO                 main ThreadId(01) fenrir::infra::modules::runtime::process: module process started module_id=athene pid=80044 port=Some(41002)
2026-03-01T13:49:34.659311Z  INFO                 main ThreadId(01) fenrir::services::module::runtime: module started successfully module_id=athene pid=Some(80044) port=Some(41002)
2026-03-01T13:49:35.065395Z  INFO                 main ThreadId(01) fenrir::services::module::gateway: runtime gateway started module=athene-api endpoint=http://127.0.0.1:56832/call
2026-03-01T13:49:35.069275Z  INFO                 main ThreadId(01) fenrir::infra::modules::runtime::process: module process started module_id=athene-api pid=80046 port=Some(41004)
2026-03-01T13:49:35.069669Z  INFO                 main ThreadId(01) fenrir::services::module::runtime: module started successfully module_id=athene-api pid=Some(80046) port=Some(41004)
2026-03-01T13:49:35.474742Z  INFO                 main ThreadId(01) fenrir::services::module::gateway: runtime gateway started module=athene-web endpoint=http://127.0.0.1:56836/call
2026-03-01T13:49:35.476223Z  INFO                 main ThreadId(01) fenrir::infra::modules::runtime::process: module static server started module_id=athene-web port=41005 root=/Users/jfurocket/Documents/personal/modules/athene-web/dist/browser
2026-03-01T13:49:35.476452Z  INFO                 main ThreadId(01) fenrir::services::module::runtime: module started successfully module_id=athene-web pid=None port=Some(41005)
2026-03-01T13:49:35.478658Z  INFO                 main ThreadId(01) fenrir::services::module::gateway: runtime gateway started module=athene-webcomponents endpoint=http://127.0.0.1:56838/call
2026-03-01T13:49:35.479959Z  WARN                 main ThreadId(01) fenrir::services::module::runtime: auto-start failed module=athene-webcomponents error=failed to start module `athene-webcomponents`: no executable module found in /Users/jfurocket/Documents/personal/modules/athene-webcomponents. Searched: athene-webcomponents, bin/athene-webcomponents, athene-webcomponents.exe, bin/athene-webcomponents.exe
2026-03-01T13:49:35.480489Z  INFO                 main ThreadId(01) fenrir::services::module::gateway: runtime gateway started module=auth-service endpoint=http://127.0.0.1:56839/call
2026-03-01T13:49:35.484429Z  INFO                 main ThreadId(01) fenrir::infra::modules::runtime::process: module process started module_id=auth-service pid=80058 port=Some(41006)
2026-03-01T13:49:35.484940Z  INFO                 main ThreadId(01) fenrir::services::module::runtime: module started successfully module_id=auth-service pid=Some(80058) port=Some(41006)
2026-03-01T13:49:36.423629Z  INFO                 main ThreadId(01) fenrir::services::module::gateway: runtime gateway started module=notification-service endpoint=http://127.0.0.1:56863/call
2026-03-01T13:49:36.429671Z  INFO                 main ThreadId(01) fenrir::infra::modules::runtime::process: module process started module_id=notification-service pid=80084 port=Some(41007)
2026-03-01T13:49:36.430620Z  INFO                 main ThreadId(01) fenrir::services::module::runtime: module started successfully module_id=notification-service pid=Some(80084) port=Some(41007)
2026-03-01T13:49:37.398484Z  INFO                 main ThreadId(01) fenrir::boot::transports: transport initialisation triggered
2026-03-01T13:49:37.398483Z  INFO tokio-runtime-worker ThreadId(13) fenrir::boot::transports: ssh server task spawned
2026-03-01T13:49:37.401454Z  INFO tokio-runtime-worker ThreadId(08) fenrir::infra::http::server: HTTP server task spawned
2026-03-01T13:49:37.402407Z  INFO tokio-runtime-worker ThreadId(13) fenrir::infra::ssh::server: starting SSH server host=127.0.0.1 port=2222
