2026-09-01T14:00:59.248847Z  INFO main ThreadId(01) fenrir::infra::logging::init: file logging initialized log_path=logs/app.log
2026-09-01T14:00:59.249033Z  INFO main ThreadId(01) fenrir::infra::logging::init: db log file prepared log_path=logs/db.log
2026-09-01T14:00:59.333833Z  INFO main ThreadId(01) fenrir::infra::db::runtime: postgres using Unix socket (TCP disabled) socket_dir=/opt/fenrir/development/tmp/runtime/db/socket
2026-09-01T14:00:59.962347Z  INFO main ThreadId(01) fenrir::infra::db::runtime: postgres unix socket ready socket=/opt/fenrir/development/tmp/runtime/db/socket/.s.PGSQL.5432
2026-09-01T14:00:59.962560Z  INFO main ThreadId(01) fenrir::infra::db::runtime: embedded postgres started securely port=55432 pid=58756 auth="scram-sha-256" socket=true
2026-09-01T14:00:59.962644Z  INFO main ThreadId(01) fenrir::infra::db::runtime: db runtime supervisor started (stub) mode=Embedded engine=Postgres dir=/opt/fenrir/development/tmp/runtime/db
2026-09-01T14:00:59.965235Z  INFO main ThreadId(01) fenrir::boot::startup: core services registered in registry
2026-09-01T14:01:00.010037Z  INFO main ThreadId(01) fenrir::infra::db::migrations::runner: applying database migration engine=postgres file=20260528_01_recover_athene_email_queue.sql
2026-09-01T14:01:00.020281Z  INFO main ThreadId(01) fenrir::boot::startup: database migrations applied engine=postgres applied=1 files=["20260528_01_recover_athene_email_queue.sql"]
2026-09-01T14:01:00.077009Z  INFO main ThreadId(01) fenrir::boot::startup: discovered module migration sources modules=2
2026-09-01T14:01:00.078272Z  INFO main ThreadId(01) fenrir::boot::startup: scheduler service started
2026-09-01T14:01:00.078328Z  INFO tokio-runtime-worker ThreadId(09) fenrir::services::scheduler::service: scheduler heartbeat loop started
2026-09-01T14:01:00.081448Z  INFO                 main ThreadId(01) fenrir::boot::startup: audit log persistence configured path=/opt/fenrir/development/tmp/runtime/audit/fenrir-audit-history.json capacity=2048 retention_hours=24 persist_seconds=30
2026-09-01T14:01:00.084411Z  INFO                 main ThreadId(01) fenrir::infra::modules::runtime::process: loaded 1 module states from disk
2026-09-01T14:01:00.084437Z  WARN                 main ThreadId(01) fenrir::infra::modules::runtime::process: module was running but process no longer exists module_id=auth-service pid=74066
2026-09-01T14:01:00.091372Z  INFO                 main ThreadId(01) fenrir::security::identity::authority: identity store: using database backend
2026-09-01T14:01:00.091620Z  INFO                 main ThreadId(01) fenrir::services::scheduler::service: Automatic backup job registered schedule=daily
2026-09-01T14:01:00.091649Z  INFO                 main ThreadId(01) fenrir::infra::http::server: HTTP control-plane authentication via identity broker with static token fallback
2026-09-01T14:01:00.091661Z  INFO                 main ThreadId(01) fenrir::boot::startup: boot complete app=fenrir version=0.1.4
2026-09-01T14:01:00.092191Z  INFO                 main ThreadId(01) fenrir::infra::db::connector: db connector ipc socket ready path=/opt/fenrir/development/tmp/runtime/ipc/db-connector.sock
2026-09-01T14:01:00.092293Z  INFO tokio-runtime-worker ThreadId(02) fenrir::infra::db::connector: db connector task started task="db-connector-ipc"
2026-09-01T14:01:00.096298Z  INFO                 main ThreadId(01) fenrir::services::module::runtime: event="module.lifecycle.autostart_started" module_count=6 concurrency=4
2026-09-01T14:01:00.097442Z  INFO                 main ThreadId(01) fenrir::services::module::runtime: event="module.lifecycle.preflight_started" module_id=athene assigned_port=Some(41000)
2026-09-01T14:01:00.097513Z  INFO                 main ThreadId(01) fenrir::services::module::runtime: event="module.lifecycle.preflight_started" module_id=athene-api assigned_port=Some(41001)
2026-09-01T14:01:00.097561Z  INFO                 main ThreadId(01) fenrir::services::module::runtime: event="module.lifecycle.preflight_started" module_id=athene-web assigned_port=Some(41002)
2026-09-01T14:01:00.097633Z  INFO                 main ThreadId(01) fenrir::services::module::runtime: event="module.lifecycle.preflight_passed" module_id=athene assigned_port=Some(41000)
2026-09-01T14:01:00.097813Z  INFO                 main ThreadId(01) fenrir::services::module::gateway: runtime gateway started module=athene endpoint=http://127.0.0.1:60781/call
2026-09-01T14:01:00.098089Z  INFO                 main ThreadId(01) fenrir::services::module::runtime: event="module.lifecycle.boot_started" module_id=athene assigned_port=Some(41000)
2026-09-01T14:01:00.098167Z  INFO                 main ThreadId(01) fenrir::services::module::runtime: event="module.lifecycle.preflight_started" module_id=athene-webcomponents assigned_port=Some(41003)
2026-09-01T14:01:00.098187Z  INFO                 main ThreadId(01) fenrir::services::module::runtime: event="module.lifecycle.preflight_passed" module_id=athene-api assigned_port=Some(41001)
2026-09-01T14:01:00.098229Z  INFO                 main ThreadId(01) fenrir::services::module::gateway: runtime gateway started module=athene-api endpoint=http://127.0.0.1:60782/call
2026-09-01T14:01:00.098318Z  INFO                 main ThreadId(01) fenrir::services::module::runtime: event="module.lifecycle.boot_started" module_id=athene-api assigned_port=Some(41001)
2026-09-01T14:01:00.098342Z  INFO                 main ThreadId(01) fenrir::services::module::runtime: event="module.lifecycle.preflight_passed" module_id=athene-web assigned_port=Some(41002)
2026-09-01T14:01:00.098388Z  INFO                 main ThreadId(01) fenrir::services::module::gateway: runtime gateway started module=athene-web endpoint=http://127.0.0.1:60783/call
2026-09-01T14:01:00.098473Z  INFO                 main ThreadId(01) fenrir::services::module::runtime: event="module.lifecycle.boot_started" module_id=athene-web assigned_port=Some(41002)
2026-09-01T14:01:00.098501Z  INFO                 main ThreadId(01) fenrir::services::module::runtime: event="module.lifecycle.preflight_passed" module_id=athene-webcomponents assigned_port=Some(41003)
2026-09-01T14:01:00.098548Z  INFO                 main ThreadId(01) fenrir::services::module::gateway: runtime gateway started module=athene-webcomponents endpoint=http://127.0.0.1:60784/call
2026-09-01T14:01:00.098634Z  INFO                 main ThreadId(01) fenrir::services::module::runtime: event="module.lifecycle.boot_started" module_id=athene-webcomponents assigned_port=Some(41003)
2026-09-01T14:01:00.100297Z  INFO                 main ThreadId(01) fenrir::infra::modules::runtime::process: module declares database migrations module_id=athene migrations_dir=/Users/jfurocket/Documents/personal/modules/athene/migrations
2026-09-01T14:01:00.101859Z  INFO                 main ThreadId(01) fenrir::infra::modules::runtime::process: module static server started module_id=athene-web port=41002 root=/Users/jfurocket/Documents/personal/modules/athene-web/dist/browser
2026-09-01T14:01:00.102037Z  INFO                 main ThreadId(01) fenrir::services::module::runtime: module started successfully event="module.lifecycle.boot_succeeded" module_id=athene-web pid=None port=Some(41002) latency_ms=3.559041
2026-09-01T14:01:00.102420Z  WARN                 main ThreadId(01) fenrir::services::module::runtime: event="module.lifecycle.boot_failed" module_id=athene-webcomponents latency_ms=3.7811670000000004 error=failed to start module `athene-webcomponents`: no executable module found in /Users/jfurocket/Documents/personal/modules/athene-webcomponents. Searched: athene-webcomponents, bin/athene-webcomponents, athene-webcomponents.exe, bin/athene-webcomponents.exe
2026-09-01T14:01:00.102445Z  WARN                 main ThreadId(01) fenrir::services::module::runtime: auto-start failed module=athene-webcomponents error=failed to start module `athene-webcomponents`: no executable module found in /Users/jfurocket/Documents/personal/modules/athene-webcomponents. Searched: athene-webcomponents, bin/athene-webcomponents, athene-webcomponents.exe, bin/athene-webcomponents.exe
2026-09-01T14:01:00.102922Z  INFO                 main ThreadId(01) fenrir::services::module::runtime: event="module.lifecycle.preflight_started" module_id=auth-service assigned_port=Some(41004)
2026-09-01T14:01:00.102967Z  INFO                 main ThreadId(01) fenrir::services::module::runtime: event="module.lifecycle.preflight_passed" module_id=auth-service assigned_port=Some(41004)
2026-09-01T14:01:00.103011Z  INFO                 main ThreadId(01) fenrir::services::module::gateway: runtime gateway started module=auth-service endpoint=http://127.0.0.1:60786/call
2026-09-01T14:01:00.103118Z  INFO                 main ThreadId(01) fenrir::services::module::runtime: event="module.lifecycle.boot_started" module_id=auth-service assigned_port=Some(41004)
2026-09-01T14:01:00.103555Z  INFO                 main ThreadId(01) fenrir::infra::modules::runtime::process: module declares database migrations module_id=auth-service migrations_dir=/Users/jfurocket/Documents/personal/modules/auth-service/migrations
2026-09-01T14:01:00.104565Z  INFO                 main ThreadId(01) fenrir::services::module::runtime: event="module.lifecycle.preflight_started" module_id=notification-service assigned_port=Some(41005)
2026-09-01T14:01:00.104594Z  INFO                 main ThreadId(01) fenrir::services::module::runtime: event="module.lifecycle.preflight_passed" module_id=notification-service assigned_port=Some(41005)
2026-09-01T14:01:00.104650Z  INFO                 main ThreadId(01) fenrir::services::module::gateway: runtime gateway started module=notification-service endpoint=http://127.0.0.1:60787/call
2026-09-01T14:01:00.104766Z  INFO                 main ThreadId(01) fenrir::services::module::runtime: event="module.lifecycle.boot_started" module_id=notification-service assigned_port=Some(41005)
2026-09-01T14:01:00.430453Z  INFO                 main ThreadId(01) fenrir::infra::modules::runtime::process: module process started module_id=athene instance_id=athene:primary pid=58776 port=Some(41000)
2026-09-01T14:01:00.431063Z  INFO                 main ThreadId(01) fenrir::infra::modules::runtime::process: module process started module_id=auth-service instance_id=auth-service:primary pid=58778 port=Some(41004)
2026-09-01T14:01:00.431522Z  INFO                 main ThreadId(01) fenrir::infra::modules::runtime::process: module process started module_id=athene-api instance_id=athene-api:primary pid=58779 port=Some(41001)
2026-09-01T14:01:00.432020Z  INFO                 main ThreadId(01) fenrir::infra::modules::runtime::process: module process started module_id=notification-service instance_id=notification-service:primary pid=58780 port=Some(41005)
2026-09-01T14:01:00.432373Z  INFO                 main ThreadId(01) fenrir::services::module::runtime: module started successfully event="module.lifecycle.boot_succeeded" module_id=athene pid=Some(58776) port=Some(41000) latency_ms=334.277875
2026-09-01T14:01:00.432623Z  INFO                 main ThreadId(01) fenrir::services::module::runtime: module started successfully event="module.lifecycle.boot_succeeded" module_id=notification-service pid=Some(58780) port=Some(41005) latency_ms=327.85275
2026-09-01T14:01:00.432849Z  INFO                 main ThreadId(01) fenrir::services::module::runtime: module started successfully event="module.lifecycle.boot_succeeded" module_id=auth-service pid=Some(58778) port=Some(41004) latency_ms=329.72704200000004
2026-09-01T14:01:00.433005Z  INFO                 main ThreadId(01) fenrir::services::module::runtime: module started successfully event="module.lifecycle.boot_succeeded" module_id=athene-api pid=Some(58779) port=Some(41001) latency_ms=334.68199999999996
2026-09-01T14:01:00.838140Z  INFO                 main ThreadId(01) fenrir::services::module::runtime: event="module.lifecycle.autostart_completed" module_count=6 concurrency=4
2026-09-01T14:01:00.838185Z  INFO tokio-runtime-worker ThreadId(09) fenrir::boot::transports: ssh server task spawned
2026-09-01T14:01:00.838278Z  INFO                 main ThreadId(01) fenrir::boot::transports: transport initialisation triggered
2026-09-01T14:01:00.838596Z  INFO tokio-runtime-worker ThreadId(06) fenrir::infra::http::server: HTTP server task spawned
2026-09-01T14:01:00.838898Z  INFO tokio-runtime-worker ThreadId(09) fenrir::infra::ssh::server: starting SSH server host=127.0.0.1 port=2222
2026-09-01T14:01:02.253363Z  INFO tokio-runtime-worker ThreadId(13) fenrir::services::module::runtime: module service manifest registered after retry module=athene attempt=2
2026-09-01T14:01:02.258042Z  INFO tokio-runtime-worker ThreadId(13) fenrir::services::module::runtime: module service manifest registered after retry module=athene-api attempt=2
2026-09-01T14:01:02.259922Z  INFO tokio-runtime-worker ThreadId(13) fenrir::services::module::runtime: module service manifest registered after retry module=auth-service attempt=2
2026-09-01T14:01:19.712151Z  WARN tokio-runtime-worker ThreadId(13) fenrir::infra::ssh::server: identity authentication rejected ssh_user=jfu error=identity authorization failed: invalid credentials
2026-09-01T14:01:28.251644Z  WARN tokio-runtime-worker ThreadId(33) fenrir::infra::ssh::server: identity authentication rejected ssh_user=jfu error=identity authorization failed: invalid credentials
2026-09-01T14:01:34.710054Z  WARN tokio-runtime-worker ThreadId(02) fenrir::infra::ssh::server: identity authentication rejected ssh_user=jfu error=identity authorization failed: invalid credentials
2026-09-01T14:03:15.110769Z  WARN tokio-runtime-worker ThreadId(08) fenrir::services::scheduler::service: db ping failed error=db connection error: failed to connect to Unix socket at /opt/fenrir/development/tmp/runtime/db/socket/.s.PGSQL.5432: No such file or directory (os error 2)
2026-09-01T14:03:54.713222Z  WARN tokio-runtime-worker ThreadId(06) fenrir::infra::ssh::server: identity authentication rejected ssh_user=jfu error=database error: db connection error: failed to connect to Unix socket at /opt/fenrir/development/tmp/runtime/db/socket/.s.PGSQL.5432: No such file or directory (os error 2)
2026-09-01T14:03:58.301501Z  WARN tokio-runtime-worker ThreadId(06) fenrir::infra::ssh::server: identity authentication rejected ssh_user=jfu error=database error: db connection error: failed to connect to Unix socket at /opt/fenrir/development/tmp/runtime/db/socket/.s.PGSQL.5432: No such file or directory (os error 2)
2026-09-01T14:04:02.223119Z  WARN tokio-runtime-worker ThreadId(40) fenrir::infra::ssh::server: identity authentication rejected ssh_user=jfu error=database error: db connection error: failed to connect to Unix socket at /opt/fenrir/development/tmp/runtime/db/socket/.s.PGSQL.5432: No such file or directory (os error 2)
2026-09-01T14:04:23.176151Z  INFO tokio-runtime-worker ThreadId(13) fenrir::infra::telemetry::controller: telemetry configuration updated metrics_enabled=true health_enabled=true
2026-09-01T14:04:23.176410Z  INFO tokio-runtime-worker ThreadId(13) fenrir::infra::http::server: HTTP TLS disabled
2026-09-01T14:04:23.191444Z  INFO tokio-runtime-worker ThreadId(33) fenrir::boot::transports: module overrides reloaded automatically trigger="filesystem" status=Applied restarted=0 rolled_back=0
2026-09-01T14:04:23.191580Z  INFO tokio-runtime-worker ThreadId(33) fenrir::boot::transports: configuration (logging/telemetry/TLS) reloaded trigger="filesystem"
2026-09-01T14:05:15.123130Z  WARN tokio-runtime-worker ThreadId(13) fenrir::services::scheduler::service: db ping failed error=db connection error: postgres handshake failed on Unix socket: db error: FATAL: password authentication failed for user "fenrir_embedded"
2026-09-01T14:05:24.659342Z  WARN tokio-runtime-worker ThreadId(08) fenrir::infra::ssh::server: identity authentication rejected ssh_user=jfu error=database error: db connection error: postgres handshake failed on Unix socket: db error: FATAL: password authentication failed for user "fenrir_embedded"
2026-09-01T14:05:31.335046Z  WARN tokio-runtime-worker ThreadId(33) fenrir::infra::ssh::server: identity authentication rejected ssh_user=jfu error=database error: db connection error: postgres handshake failed on Unix socket: db error: FATAL: password authentication failed for user "fenrir_embedded"
2026-09-01T14:05:33.863712Z  WARN tokio-runtime-worker ThreadId(08) fenrir::infra::ssh::server: identity authentication rejected ssh_user=jfu error=database error: db connection error: postgres handshake failed on Unix socket: db error: FATAL: password authentication failed for user "fenrir_embedded"
2026-09-01T14:06:00.093883Z  INFO tokio-runtime-worker ThreadId(43) fenrir::services::scheduler::service: Running scheduled database backup
2026-09-01T14:06:00.094858Z  INFO tokio-runtime-worker ThreadId(43) fenrir::services::backup::service: Starting backup: running pre-flight checks
2026-09-01T14:06:00.107351Z  WARN tokio-runtime-worker ThreadId(33) fenrir::services::scheduler::service: Scheduled backup failed error=database not healthy: database ping failed
2026-09-01T14:06:14.435028Z  WARN tokio-runtime-worker ThreadId(06) fenrir::infra::ssh::server: identity authentication rejected ssh_user=jfu error=database error: db connection error: postgres handshake failed on Unix socket: db error: FATAL: password authentication failed for user "fenrir_embedded"
2026-09-01T14:06:21.444066Z  WARN tokio-runtime-worker ThreadId(46) fenrir::infra::ssh::server: identity authentication rejected ssh_user=jfu error=database error: db connection error: postgres handshake failed on Unix socket: db error: FATAL: password authentication failed for user "fenrir_embedded"
2026-09-01T14:06:28.306551Z  WARN tokio-runtime-worker ThreadId(06) fenrir::infra::ssh::server: identity authentication rejected ssh_user=jfu error=database error: db connection error: postgres handshake failed on Unix socket: db error: FATAL: password authentication failed for user "fenrir_embedded"
2026-09-01T14:07:07.890631Z  WARN tokio-runtime-worker ThreadId(46) fenrir::infra::ssh::server: identity authentication rejected ssh_user=jfu error=database error: db connection error: failed to connect to Unix socket at /opt/fenrir/development/tmp/runtime/db/socket/.s.PGSQL.5432: No such file or directory (os error 2)
2026-09-01T14:07:15.126335Z  WARN tokio-runtime-worker ThreadId(43) fenrir::services::scheduler::service: db ping failed error=db connection error: failed to connect to Unix socket at /opt/fenrir/development/tmp/runtime/db/socket/.s.PGSQL.5432: No such file or directory (os error 2)
2026-09-01T14:08:22.736727Z  WARN tokio-runtime-worker ThreadId(47) fenrir::infra::ssh::server: identity authentication rejected ssh_user=jfu error=database error: db connection error: failed to connect to Unix socket at /opt/fenrir/development/tmp/runtime/db/socket/.s.PGSQL.5432: No such file or directory (os error 2)
2026-09-01T14:08:25.465573Z  WARN tokio-runtime-worker ThreadId(51) fenrir::infra::ssh::server: identity authentication rejected ssh_user=jfu error=database error: db connection error: failed to connect to Unix socket at /opt/fenrir/development/tmp/runtime/db/socket/.s.PGSQL.5432: No such file or directory (os error 2)
2026-09-01T14:08:39.645493Z  INFO tokio-runtime-worker ThreadId(47) fenrir::infra::modules::runtime::process: module stopped module_id=athene instance_id=athene:primary pid=58776
2026-09-01T14:08:39.648721Z  INFO tokio-runtime-worker ThreadId(09) fenrir::infra::modules::runtime::process: module static server stopped module_id=athene-web instance_id=athene-web:primary
2026-09-01T14:08:39.650006Z  WARN tokio-runtime-worker ThreadId(09) fenrir::infra::modules::runtime::process: SIGTERM failed: ESRCH: No such process, trying SIGKILL
2026-09-01T14:08:39.650071Z  INFO tokio-runtime-worker ThreadId(09) fenrir::infra::modules::runtime::process: module stopped module_id=notification-service instance_id=notification-service:primary pid=58780
2026-09-01T14:08:39.753522Z  INFO tokio-runtime-worker ThreadId(43) fenrir::infra::modules::runtime::process: module stopped module_id=athene-api instance_id=athene-api:primary pid=58779
2026-09-01T14:08:39.856281Z  INFO tokio-runtime-worker ThreadId(09) fenrir::infra::modules::runtime::process: module stopped module_id=auth-service instance_id=auth-service:primary pid=58778
2026-09-01T14:08:39.859746Z  INFO tokio-runtime-worker ThreadId(47) fenrir::infra::db::runtime: db runtime supervisor stopped (stub) mode=Embedded engine=Postgres dir=/opt/fenrir/development/tmp/runtime/db
