2026-03-18T11:59:09.399422Z  INFO main ThreadId(01) fenrir::infra::logging::init: file logging initialized log_path=logs/app.log
2026-03-18T11:59:09.399533Z  INFO main ThreadId(01) fenrir::infra::logging::init: db log file prepared log_path=logs/db.log
2026-03-18T11:59:09.484696Z  INFO main ThreadId(01) fenrir::infra::db::runtime: postgres using Unix socket (TCP disabled) socket_dir=/opt/fenrir/development/tmp/runtime/db/socket
2026-03-18T11:59:09.485361Z  INFO main ThreadId(01) fenrir::infra::db::runtime: postgres unix socket ready socket=/opt/fenrir/development/tmp/runtime/db/socket/.s.PGSQL.5432
2026-03-18T11:59:09.485422Z  INFO main ThreadId(01) fenrir::infra::db::runtime: embedded postgres started securely port=55432 pid=85203 auth="scram-sha-256" socket=true
2026-03-18T11:59:09.485469Z  INFO main ThreadId(01) fenrir::infra::db::runtime: db runtime supervisor started (stub) mode=Embedded engine=Postgres dir=/opt/fenrir/development/tmp/runtime/db
2026-03-18T11:59:09.486173Z  INFO main ThreadId(01) fenrir::boot::startup: core services registered in registry
2026-03-18T11:59:09.498942Z  INFO main ThreadId(01) fenrir::boot::startup: database migrations up to date engine=postgres
2026-03-18T11:59:09.501633Z  INFO main ThreadId(01) fenrir::boot::startup: discovered module migration sources modules=2
2026-03-18T11:59:09.501911Z  INFO main ThreadId(01) fenrir::infra::db::migrations::runner: applying module database migration engine=postgres module=athene file=0002_workflow_extensions.sql
2026-03-18T11:59:09.506969Z  INFO tokio-runtime-worker ThreadId(08) tokio_postgres::connection: NOTICE: column "triage_category" of relation "athene_tickets" already exists, skipping
2026-03-18T11:59:09.506995Z  INFO tokio-runtime-worker ThreadId(08) tokio_postgres::connection: NOTICE: column "triage_reason" of relation "athene_tickets" already exists, skipping
2026-03-18T11:59:09.506997Z  INFO tokio-runtime-worker ThreadId(08) tokio_postgres::connection: NOTICE: column "triaged_at" of relation "athene_tickets" already exists, skipping
2026-03-18T11:59:09.507000Z  INFO tokio-runtime-worker ThreadId(08) tokio_postgres::connection: NOTICE: column "first_response_at" of relation "athene_tickets" already exists, skipping
2026-03-18T11:59:09.507003Z  INFO tokio-runtime-worker ThreadId(08) tokio_postgres::connection: NOTICE: column "resolved_at" of relation "athene_tickets" already exists, skipping
2026-03-18T11:59:09.507005Z  INFO tokio-runtime-worker ThreadId(08) tokio_postgres::connection: NOTICE: column "sla_breached" of relation "athene_tickets" already exists, skipping
2026-03-18T11:59:09.507041Z  INFO tokio-runtime-worker ThreadId(08) tokio_postgres::connection: NOTICE: relation "athene_ticket_comments" already exists, skipping
2026-03-18T11:59:09.511306Z  INFO                 main ThreadId(01) fenrir::infra::db::migrations::runner: applying module database migration engine=postgres module=athene file=0003_workspaces_invitations.sql
2026-03-18T11:59:09.515563Z  INFO tokio-runtime-worker ThreadId(09) tokio_postgres::connection: NOTICE: relation "athene_workspaces" already exists, skipping
2026-03-18T11:59:09.515677Z  INFO tokio-runtime-worker ThreadId(09) tokio_postgres::connection: NOTICE: relation "idx_athene_workspaces_owner_id" already exists, skipping
2026-03-18T11:59:09.515685Z  INFO tokio-runtime-worker ThreadId(09) tokio_postgres::connection: NOTICE: relation "athene_workspace_members" already exists, skipping
2026-03-18T11:59:09.515732Z  INFO tokio-runtime-worker ThreadId(09) tokio_postgres::connection: NOTICE: relation "idx_athene_workspace_members_user_id" already exists, skipping
2026-03-18T11:59:09.515739Z  INFO tokio-runtime-worker ThreadId(09) tokio_postgres::connection: NOTICE: relation "athene_invitations" already exists, skipping
2026-03-18T11:59:09.516067Z  INFO tokio-runtime-worker ThreadId(09) tokio_postgres::connection: NOTICE: relation "idx_athene_invitations_token" already exists, skipping
2026-03-18T11:59:09.516088Z  INFO tokio-runtime-worker ThreadId(09) tokio_postgres::connection: NOTICE: relation "idx_athene_invitations_workspace_id" already exists, skipping
2026-03-18T11:59:09.516297Z  INFO                 main ThreadId(01) fenrir::infra::db::migrations::runner: applying module database migration engine=postgres module=athene file=0004_dashboard_extensions.sql
2026-03-18T11:59:09.520755Z  INFO tokio-runtime-worker ThreadId(08) tokio_postgres::connection: NOTICE: column "due_date" of relation "athene_tickets" already exists, skipping
2026-03-18T11:59:09.520795Z  INFO tokio-runtime-worker ThreadId(08) tokio_postgres::connection: NOTICE: relation "athene_user_settings" already exists, skipping
2026-03-18T11:59:09.521918Z  INFO tokio-runtime-worker ThreadId(08) tokio_postgres::connection: NOTICE: column "dashboard_layout" of relation "athene_user_settings" already exists, skipping
2026-03-18T11:59:09.521927Z  INFO tokio-runtime-worker ThreadId(08) tokio_postgres::connection: NOTICE: relation "athene_milestones" already exists, skipping
2026-03-18T11:59:09.522142Z  INFO tokio-runtime-worker ThreadId(08) tokio_postgres::connection: NOTICE: relation "idx_athene_milestones_project_id" already exists, skipping
2026-03-18T11:59:09.522184Z  INFO tokio-runtime-worker ThreadId(08) tokio_postgres::connection: NOTICE: relation "idx_athene_milestones_status" already exists, skipping
2026-03-18T11:59:09.522387Z  INFO                 main ThreadId(01) fenrir::infra::db::migrations::runner: applying module database migration engine=postgres module=athene file=0005_user_settings_palette.sql
2026-03-18T11:59:09.528972Z  INFO                 main ThreadId(01) fenrir::infra::db::migrations::runner: applying module database migration engine=postgres module=auth-service file=0001_auth_schema.sql
2026-03-18T11:59:09.533155Z  INFO tokio-runtime-worker ThreadId(08) tokio_postgres::connection: NOTICE: relation "athene_users" already exists, skipping
2026-03-18T11:59:09.533933Z  INFO tokio-runtime-worker ThreadId(08) tokio_postgres::connection: NOTICE: relation "idx_athene_users_email" already exists, skipping
2026-03-18T11:59:09.533947Z  INFO tokio-runtime-worker ThreadId(08) tokio_postgres::connection: NOTICE: relation "athene_sessions" already exists, skipping
2026-03-18T11:59:09.533988Z  INFO tokio-runtime-worker ThreadId(08) tokio_postgres::connection: NOTICE: relation "idx_athene_sessions_user_id" already exists, skipping
2026-03-18T11:59:09.534313Z  INFO tokio-runtime-worker ThreadId(08) tokio_postgres::connection: NOTICE: relation "idx_athene_sessions_expires_at" already exists, skipping
2026-03-18T11:59:09.534323Z  INFO tokio-runtime-worker ThreadId(08) tokio_postgres::connection: NOTICE: relation "athene_login_challenges" already exists, skipping
2026-03-18T11:59:09.534489Z  INFO tokio-runtime-worker ThreadId(08) tokio_postgres::connection: NOTICE: relation "idx_athene_login_challenges_email" already exists, skipping
2026-03-18T11:59:09.534500Z  INFO tokio-runtime-worker ThreadId(08) tokio_postgres::connection: NOTICE: relation "idx_athene_login_challenges_expires_at" already exists, skipping
2026-03-18T11:59:09.534506Z  INFO tokio-runtime-worker ThreadId(08) tokio_postgres::connection: NOTICE: relation "athene_login_attempts" already exists, skipping
2026-03-18T11:59:09.536214Z  INFO tokio-runtime-worker ThreadId(08) tokio_postgres::connection: NOTICE: relation "athene_password_reset_tokens" already exists, skipping
2026-03-18T11:59:09.536229Z  INFO tokio-runtime-worker ThreadId(08) tokio_postgres::connection: NOTICE: relation "idx_athene_password_reset_tokens_user_id" already exists, skipping
2026-03-18T11:59:09.536258Z  INFO tokio-runtime-worker ThreadId(08) tokio_postgres::connection: NOTICE: relation "idx_athene_password_reset_tokens_expires_at" already exists, skipping
2026-03-18T11:59:09.536598Z  INFO                 main ThreadId(01) fenrir::boot::startup: module database migrations applied engine=postgres applied=5 files=["athene:0002_workflow_extensions.sql", "athene:0003_workspaces_invitations.sql", "athene:0004_dashboard_extensions.sql", "athene:0005_user_settings_palette.sql", "auth-service:0001_auth_schema.sql"]
2026-03-18T11:59:09.536791Z  INFO                 main ThreadId(01) fenrir::boot::startup: scheduler service started
2026-03-18T11:59:09.536826Z  INFO tokio-runtime-worker ThreadId(09) fenrir::services::scheduler::service: scheduler heartbeat loop started
2026-03-18T11:59:09.537686Z  INFO                 main ThreadId(01) fenrir::boot::startup: audit log persistence configured path=/opt/fenrir/development/tmp/runtime/audit/fenrir-audit-history.json capacity=2048 retention_hours=24 persist_seconds=30
2026-03-18T11:59:09.541598Z  INFO                 main ThreadId(01) fenrir::infra::modules::runtime::process: loaded 4 module states from disk
2026-03-18T11:59:09.541636Z  WARN                 main ThreadId(01) fenrir::infra::modules::runtime::process: module was running but process no longer exists module_id=notification-service pid=18712
2026-03-18T11:59:09.541640Z  WARN                 main ThreadId(01) fenrir::infra::modules::runtime::process: module was running but process no longer exists module_id=auth-service pid=19160
2026-03-18T11:59:09.541642Z  WARN                 main ThreadId(01) fenrir::infra::modules::runtime::process: module was running but process no longer exists module_id=athene-api pid=18708
2026-03-18T11:59:09.541644Z  WARN                 main ThreadId(01) fenrir::infra::modules::runtime::process: module was running but process no longer exists module_id=athene pid=18710
2026-03-18T11:59:09.547865Z  INFO                 main ThreadId(01) fenrir::security::identity::authority: identity store: using database backend
2026-03-18T11:59:09.548164Z  INFO                 main ThreadId(01) fenrir::services::scheduler::service: Automatic backup job registered schedule=daily
2026-03-18T11:59:09.548224Z  INFO                 main ThreadId(01) fenrir::infra::http::server: HTTP control-plane authentication via identity broker with static token fallback
2026-03-18T11:59:09.548270Z  INFO                 main ThreadId(01) fenrir::boot::startup: boot complete app=fenrir version=0.1.4
2026-03-18T11:59:09.548748Z  INFO                 main ThreadId(01) fenrir::infra::db::connector: db connector ipc socket ready path=/opt/fenrir/development/tmp/runtime/ipc/db-connector.sock
2026-03-18T11:59:09.548801Z  INFO tokio-runtime-worker ThreadId(02) fenrir::infra::db::connector: db connector task started task="db-connector-ipc"
2026-03-18T11:59:09.551125Z  INFO                 main ThreadId(01) fenrir::services::module::runtime: event="module.lifecycle.autostart_started" module_count=6 concurrency=4
2026-03-18T11:59:09.552606Z  INFO                 main ThreadId(01) fenrir::services::module::runtime: event="module.lifecycle.preflight_started" module_id=athene-api assigned_port=Some(41004)
2026-03-18T11:59:09.552684Z  INFO                 main ThreadId(01) fenrir::services::module::runtime: event="module.lifecycle.preflight_started" module_id=athene assigned_port=Some(41002)
2026-03-18T11:59:09.552740Z  INFO                 main ThreadId(01) fenrir::services::module::runtime: event="module.lifecycle.preflight_started" module_id=athene-web assigned_port=Some(41005)
2026-03-18T11:59:09.552785Z  INFO                 main ThreadId(01) fenrir::services::module::runtime: event="module.lifecycle.preflight_started" module_id=athene-webcomponents assigned_port=Some(41008)
2026-03-18T11:59:09.552810Z  INFO                 main ThreadId(01) fenrir::services::module::runtime: event="module.lifecycle.preflight_passed" module_id=athene-api assigned_port=Some(41004)
2026-03-18T11:59:09.553058Z  INFO                 main ThreadId(01) fenrir::services::module::gateway: runtime gateway started module=athene-api endpoint=http://127.0.0.1:52826/call
2026-03-18T11:59:09.553969Z  INFO                 main ThreadId(01) fenrir::services::module::runtime: event="module.lifecycle.boot_started" module_id=athene-api assigned_port=Some(41004)
2026-03-18T11:59:09.554027Z  INFO                 main ThreadId(01) fenrir::services::module::runtime: event="module.lifecycle.preflight_passed" module_id=athene assigned_port=Some(41002)
2026-03-18T11:59:09.554083Z  INFO                 main ThreadId(01) fenrir::services::module::gateway: runtime gateway started module=athene endpoint=http://127.0.0.1:52827/call
2026-03-18T11:59:09.554826Z  INFO                 main ThreadId(01) fenrir::services::module::runtime: event="module.lifecycle.boot_started" module_id=athene assigned_port=Some(41002)
2026-03-18T11:59:09.554852Z  INFO                 main ThreadId(01) fenrir::services::module::runtime: event="module.lifecycle.preflight_passed" module_id=athene-web assigned_port=Some(41005)
2026-03-18T11:59:09.554896Z  INFO                 main ThreadId(01) fenrir::services::module::gateway: runtime gateway started module=athene-web endpoint=http://127.0.0.1:52828/call
2026-03-18T11:59:09.555579Z  INFO                 main ThreadId(01) fenrir::services::module::runtime: event="module.lifecycle.boot_started" module_id=athene-web assigned_port=Some(41005)
2026-03-18T11:59:09.555605Z  INFO                 main ThreadId(01) fenrir::services::module::runtime: event="module.lifecycle.preflight_passed" module_id=athene-webcomponents assigned_port=Some(41008)
2026-03-18T11:59:09.555649Z  INFO                 main ThreadId(01) fenrir::services::module::gateway: runtime gateway started module=athene-webcomponents endpoint=http://127.0.0.1:52829/call
2026-03-18T11:59:09.556326Z  INFO                 main ThreadId(01) fenrir::services::module::runtime: event="module.lifecycle.boot_started" module_id=athene-webcomponents assigned_port=Some(41008)
2026-03-18T11:59:09.559850Z  INFO                 main ThreadId(01) fenrir::infra::modules::runtime::process: module static server started module_id=athene-web port=41005 root=/Users/jfurocket/Documents/personal/modules/athene-web/dist/browser
2026-03-18T11:59:09.560463Z  INFO                 main ThreadId(01) fenrir::services::module::runtime: module started successfully event="module.lifecycle.boot_succeeded" module_id=athene-web pid=None port=Some(41005) latency_ms=4.8790830000000005
2026-03-18T11:59:09.561416Z  WARN                 main ThreadId(01) fenrir::services::module::runtime: event="module.lifecycle.boot_failed" module_id=athene-webcomponents latency_ms=5.084833000000001 error=failed to start module `athene-webcomponents`: no executable module found in /Users/jfurocket/Documents/personal/modules/athene-webcomponents. Searched: athene-webcomponents, bin/athene-webcomponents, athene-webcomponents.exe, bin/athene-webcomponents.exe
2026-03-18T11:59:09.561429Z  WARN                 main ThreadId(01) fenrir::services::module::runtime: auto-start failed module=athene-webcomponents error=failed to start module `athene-webcomponents`: no executable module found in /Users/jfurocket/Documents/personal/modules/athene-webcomponents. Searched: athene-webcomponents, bin/athene-webcomponents, athene-webcomponents.exe, bin/athene-webcomponents.exe
2026-03-18T11:59:09.561969Z  INFO                 main ThreadId(01) fenrir::services::module::runtime: event="module.lifecycle.preflight_started" module_id=auth-service assigned_port=Some(41006)
2026-03-18T11:59:09.562011Z  INFO                 main ThreadId(01) fenrir::services::module::runtime: event="module.lifecycle.preflight_passed" module_id=auth-service assigned_port=Some(41006)
2026-03-18T11:59:09.562057Z  INFO                 main ThreadId(01) fenrir::services::module::gateway: runtime gateway started module=auth-service endpoint=http://127.0.0.1:52831/call
2026-03-18T11:59:09.562829Z  INFO                 main ThreadId(01) fenrir::services::module::runtime: event="module.lifecycle.boot_started" module_id=auth-service assigned_port=Some(41006)
2026-03-18T11:59:09.564720Z  INFO                 main ThreadId(01) fenrir::services::module::runtime: event="module.lifecycle.preflight_started" module_id=notification-service assigned_port=Some(41007)
2026-03-18T11:59:09.564759Z  INFO                 main ThreadId(01) fenrir::services::module::runtime: event="module.lifecycle.preflight_passed" module_id=notification-service assigned_port=Some(41007)
2026-03-18T11:59:09.564816Z  INFO                 main ThreadId(01) fenrir::services::module::gateway: runtime gateway started module=notification-service endpoint=http://127.0.0.1:52832/call
2026-03-18T11:59:09.565545Z  INFO                 main ThreadId(01) fenrir::services::module::runtime: event="module.lifecycle.boot_started" module_id=notification-service assigned_port=Some(41007)
2026-03-18T11:59:09.576273Z  INFO                 main ThreadId(01) fenrir::infra::modules::runtime::process: module process started module_id=athene-api instance_id=athene-api:primary pid=85241 port=Some(41004)
2026-03-18T11:59:09.577324Z  INFO                 main ThreadId(01) fenrir::infra::modules::runtime::process: module process started module_id=athene instance_id=athene:primary pid=85243 port=Some(41002)
2026-03-18T11:59:09.577828Z  INFO                 main ThreadId(01) fenrir::infra::modules::runtime::process: module process started module_id=auth-service instance_id=auth-service:primary pid=85244 port=Some(41006)
2026-03-18T11:59:09.578583Z  INFO                 main ThreadId(01) fenrir::infra::modules::runtime::process: module process started module_id=notification-service instance_id=notification-service:primary pid=85246 port=Some(41007)
2026-03-18T11:59:09.579665Z  INFO                 main ThreadId(01) fenrir::services::module::runtime: module started successfully event="module.lifecycle.boot_succeeded" module_id=athene-api pid=Some(85241) port=Some(41004) latency_ms=25.686625
2026-03-18T11:59:09.580565Z  INFO                 main ThreadId(01) fenrir::services::module::runtime: module started successfully event="module.lifecycle.boot_succeeded" module_id=notification-service pid=Some(85246) port=Some(41007) latency_ms=15.012208000000001
2026-03-18T11:59:09.581509Z  INFO                 main ThreadId(01) fenrir::services::module::runtime: module started successfully event="module.lifecycle.boot_succeeded" module_id=athene pid=Some(85243) port=Some(41002) latency_ms=26.677625
2026-03-18T11:59:09.582172Z  INFO                 main ThreadId(01) fenrir::services::module::runtime: module started successfully event="module.lifecycle.boot_succeeded" module_id=auth-service pid=Some(85244) port=Some(41006) latency_ms=19.328125
2026-03-18T11:59:10.001261Z  INFO                 main ThreadId(01) fenrir::services::module::runtime: event="module.lifecycle.autostart_completed" module_count=6 concurrency=4
2026-03-18T11:59:10.001326Z  INFO                 main ThreadId(01) fenrir::boot::transports: transport initialisation triggered
2026-03-18T11:59:10.001343Z  INFO tokio-runtime-worker ThreadId(15) fenrir::boot::transports: ssh server task spawned
2026-03-18T11:59:10.001588Z  INFO tokio-runtime-worker ThreadId(09) fenrir::infra::http::server: HTTP server task spawned
2026-03-18T11:59:10.001876Z  INFO tokio-runtime-worker ThreadId(15) fenrir::infra::ssh::server: starting SSH server host=127.0.0.1 port=2222
2026-03-18T11:59:14.586638Z  WARN tokio-runtime-worker ThreadId(15) fenrir::infra::telemetry::controller: readiness probe failed probe=services
2026-03-18T11:59:29.609602Z  WARN tokio-runtime-worker ThreadId(15) fenrir::infra::telemetry::controller: readiness probe failed probe=services
2026-03-18T11:59:44.612419Z  WARN tokio-runtime-worker ThreadId(15) fenrir::infra::telemetry::controller: readiness probe failed probe=services
2026-03-18T11:59:59.609986Z  WARN tokio-runtime-worker ThreadId(08) fenrir::infra::telemetry::controller: readiness probe failed probe=services
2026-03-18T12:00:14.610757Z  WARN tokio-runtime-worker ThreadId(12) fenrir::infra::telemetry::controller: readiness probe failed probe=services
2026-03-18T12:00:29.610011Z  WARN tokio-runtime-worker ThreadId(02) fenrir::infra::telemetry::controller: readiness probe failed probe=services
2026-03-18T12:38:53.287098Z  WARN tokio-runtime-worker ThreadId(41) fenrir::infra::telemetry::controller: readiness probe failed probe=services
2026-03-18T12:38:55.989449Z  WARN tokio-runtime-worker ThreadId(37) fenrir::infra::telemetry::controller: readiness probe failed probe=services
2026-03-18T12:41:16.394619Z  INFO tokio-runtime-worker ThreadId(15) fenrir::services::scheduler::service: Running scheduled database backup
2026-03-18T12:41:16.394653Z  INFO tokio-runtime-worker ThreadId(15) fenrir::services::backup::service: Starting backup: running pre-flight checks
2026-03-18T12:41:16.421465Z  INFO tokio-runtime-worker ThreadId(15) fenrir::services::backup::service: Pre-backup: forcing checkpoint
2026-03-18T12:41:16.438537Z  INFO tokio-runtime-worker ThreadId(41) fenrir::services::backup::service: Creating backup
2026-03-18T12:41:16.554111Z  INFO tokio-runtime-worker ThreadId(41) fenrir::services::backup::service: Using Unix socket for backup: /opt/fenrir/development/tmp/runtime/db/socket
2026-03-18T12:41:16.657854Z  WARN tokio-runtime-worker ThreadId(41) fenrir::services::db_connector: db connector request failed error=token validation failed: service token not found
2026-03-18T12:41:16.860279Z  WARN tokio-runtime-worker ThreadId(41) fenrir::services::db_connector: db connector request failed error=token validation failed: service token not found
2026-03-18T12:41:17.063007Z  WARN tokio-runtime-worker ThreadId(41) fenrir::services::db_connector: db connector request failed error=token validation failed: service token not found
2026-03-18T12:41:17.063218Z  WARN tokio-runtime-worker ThreadId(41) fenrir::services::db_connector: db connector request failed error=token validation failed: service token not found
2026-03-18T12:41:17.265452Z  WARN tokio-runtime-worker ThreadId(41) fenrir::services::db_connector: db connector request failed error=token validation failed: service token not found
2026-03-18T12:41:17.338107Z  INFO tokio-runtime-worker ThreadId(12) fenrir::services::backup::service: Refreshing DB state snapshot
2026-03-18T12:41:17.338561Z  INFO tokio-runtime-worker ThreadId(15) fenrir::services::backup::service: DB state snapshot copied to backup
2026-03-18T12:41:17.338568Z  INFO tokio-runtime-worker ThreadId(15) fenrir::services::backup::service: Verifying backup integrity
2026-03-18T12:41:17.338672Z  INFO tokio-runtime-worker ThreadId(15) fenrir::services::backup::service: Rotating old backups (keeping 7)
2026-03-18T12:41:17.339112Z  INFO tokio-runtime-worker ThreadId(12) fenrir::services::backup::service: Removing old backup: /opt/fenrir/development/tmp/runtime/backups/postgres-20260304_143605
2026-03-18T12:41:17.388625Z  INFO tokio-runtime-worker ThreadId(12) fenrir::services::backup::service: Backup complete: /opt/fenrir/development/tmp/runtime/backups/postgres-20260318_124116 (17 MB)
2026-03-18T12:41:17.389317Z  INFO tokio-runtime-worker ThreadId(12) fenrir::services::scheduler::service: Scheduled backup completed successfully path=/opt/fenrir/development/tmp/runtime/backups/postgres-20260318_124116 size_mb=17
2026-03-18T12:41:17.467729Z  WARN tokio-runtime-worker ThreadId(41) fenrir::services::db_connector: db connector request failed error=token validation failed: service token not found
2026-03-18T12:41:17.467895Z  WARN tokio-runtime-worker ThreadId(41) fenrir::services::db_connector: db connector request failed error=token validation failed: service token not found
2026-03-18T12:41:17.670551Z  WARN tokio-runtime-worker ThreadId(41) fenrir::services::db_connector: db connector request failed error=token validation failed: service token not found
2026-03-18T12:41:17.872540Z  WARN tokio-runtime-worker ThreadId(41) fenrir::services::db_connector: db connector request failed error=token validation failed: service token not found
2026-03-18T12:41:17.872911Z  WARN tokio-runtime-worker ThreadId(41) fenrir::services::db_connector: db connector request failed error=token validation failed: service token not found
2026-03-18T12:41:18.074751Z  WARN tokio-runtime-worker ThreadId(41) fenrir::services::db_connector: db connector request failed error=token validation failed: service token not found
2026-03-18T12:41:18.277156Z  WARN tokio-runtime-worker ThreadId(41) fenrir::services::db_connector: db connector request failed error=token validation failed: service token not found
2026-03-18T12:41:18.277746Z  WARN tokio-runtime-worker ThreadId(41) fenrir::services::db_connector: db connector request failed error=token validation failed: service token not found
2026-03-18T12:41:18.479641Z  WARN tokio-runtime-worker ThreadId(41) fenrir::services::db_connector: db connector request failed error=token validation failed: service token not found
2026-03-18T12:41:18.682612Z  WARN tokio-runtime-worker ThreadId(41) fenrir::services::db_connector: db connector request failed error=token validation failed: service token not found
2026-03-18T12:41:18.683128Z  WARN tokio-runtime-worker ThreadId(41) fenrir::services::db_connector: db connector request failed error=token validation failed: service token not found
2026-03-18T12:41:18.885751Z  WARN tokio-runtime-worker ThreadId(41) fenrir::services::db_connector: db connector request failed error=token validation failed: service token not found
2026-03-18T12:41:19.088187Z  WARN tokio-runtime-worker ThreadId(41) fenrir::services::db_connector: db connector request failed error=token validation failed: service token not found
2026-03-18T12:46:52.822754Z  WARN tokio-runtime-worker ThreadId(12) fenrir::infra::telemetry::controller: readiness probe failed probe=services
2026-03-18T12:46:55.080964Z  WARN tokio-runtime-worker ThreadId(41) fenrir::infra::telemetry::controller: readiness probe failed probe=services
2026-03-18T12:47:14.986648Z  WARN tokio-runtime-worker ThreadId(41) fenrir::infra::telemetry::controller: readiness probe failed probe=services
2026-03-18T12:48:32.214593Z  WARN tokio-runtime-worker ThreadId(12) fenrir::services::db_connector: db connector request failed error=token validation failed: service token not found
2026-03-18T12:48:32.417122Z  WARN tokio-runtime-worker ThreadId(12) fenrir::services::db_connector: db connector request failed error=token validation failed: service token not found
2026-03-18T12:48:32.618839Z  WARN tokio-runtime-worker ThreadId(12) fenrir::services::db_connector: db connector request failed error=token validation failed: service token not found
2026-03-18T12:48:32.619817Z  WARN tokio-runtime-worker ThreadId(12) fenrir::services::db_connector: db connector request failed error=token validation failed: service token not found
2026-03-18T12:48:32.823079Z  WARN tokio-runtime-worker ThreadId(12) fenrir::services::db_connector: db connector request failed error=token validation failed: service token not found
2026-03-18T12:48:33.025622Z  WARN tokio-runtime-worker ThreadId(12) fenrir::services::db_connector: db connector request failed error=token validation failed: service token not found
2026-03-18T12:48:33.026583Z  WARN tokio-runtime-worker ThreadId(12) fenrir::services::db_connector: db connector request failed error=token validation failed: service token not found
2026-03-18T12:48:33.229315Z  WARN tokio-runtime-worker ThreadId(12) fenrir::services::db_connector: db connector request failed error=token validation failed: service token not found
2026-03-18T12:48:33.432061Z  WARN tokio-runtime-worker ThreadId(12) fenrir::services::db_connector: db connector request failed error=token validation failed: service token not found
2026-03-18T12:48:33.432766Z  WARN tokio-runtime-worker ThreadId(12) fenrir::services::db_connector: db connector request failed error=token validation failed: service token not found
2026-03-18T12:48:33.635748Z  WARN tokio-runtime-worker ThreadId(12) fenrir::services::db_connector: db connector request failed error=token validation failed: service token not found
2026-03-18T12:48:33.838511Z  WARN tokio-runtime-worker ThreadId(12) fenrir::services::db_connector: db connector request failed error=token validation failed: service token not found
2026-03-18T12:48:33.839421Z  WARN tokio-runtime-worker ThreadId(12) fenrir::services::db_connector: db connector request failed error=token validation failed: service token not found
2026-03-18T12:48:34.041947Z  WARN tokio-runtime-worker ThreadId(12) fenrir::services::db_connector: db connector request failed error=token validation failed: service token not found
2026-03-18T12:48:34.243974Z  WARN tokio-runtime-worker ThreadId(12) fenrir::services::db_connector: db connector request failed error=token validation failed: service token not found
2026-03-18T12:48:34.244573Z  WARN tokio-runtime-worker ThreadId(12) fenrir::services::db_connector: db connector request failed error=token validation failed: service token not found
2026-03-18T12:48:34.446858Z  WARN tokio-runtime-worker ThreadId(12) fenrir::services::db_connector: db connector request failed error=token validation failed: service token not found
2026-03-18T12:48:34.649578Z  WARN tokio-runtime-worker ThreadId(12) fenrir::services::db_connector: db connector request failed error=token validation failed: service token not found
2026-03-18T12:59:07.772340Z  WARN tokio-runtime-worker ThreadId(37) fenrir::infra::telemetry::controller: readiness probe failed probe=services
2026-03-18T12:59:13.076827Z  WARN tokio-runtime-worker ThreadId(12) fenrir::infra::telemetry::controller: readiness probe failed probe=services
2026-03-18T12:59:28.071244Z  WARN tokio-runtime-worker ThreadId(15) fenrir::infra::telemetry::controller: readiness probe failed probe=services
2026-03-18T12:59:43.069987Z  WARN tokio-runtime-worker ThreadId(41) fenrir::infra::telemetry::controller: readiness probe failed probe=services
2026-03-18T12:59:58.077413Z  WARN tokio-runtime-worker ThreadId(37) fenrir::infra::telemetry::controller: readiness probe failed probe=services
2026-03-18T13:00:13.070168Z  WARN tokio-runtime-worker ThreadId(37) fenrir::infra::telemetry::controller: readiness probe failed probe=services
2026-03-18T13:00:28.070071Z  WARN tokio-runtime-worker ThreadId(12) fenrir::infra::telemetry::controller: readiness probe failed probe=services
2026-03-18T13:00:43.070358Z  WARN tokio-runtime-worker ThreadId(12) fenrir::infra::telemetry::controller: readiness probe failed probe=services
2026-03-18T13:00:58.070892Z  WARN tokio-runtime-worker ThreadId(37) fenrir::infra::telemetry::controller: readiness probe failed probe=services
2026-03-18T13:01:13.072241Z  WARN tokio-runtime-worker ThreadId(15) fenrir::infra::telemetry::controller: readiness probe failed probe=services
2026-03-18T13:19:20.951808Z  WARN tokio-runtime-worker ThreadId(37) fenrir::infra::telemetry::controller: readiness probe failed probe=services
2026-03-18T13:19:21.363812Z  WARN tokio-runtime-worker ThreadId(15) fenrir::infra::telemetry::controller: readiness probe failed probe=services
2026-03-18T13:19:23.424782Z  WARN tokio-runtime-worker ThreadId(15) fenrir::infra::telemetry::controller: readiness probe failed probe=services
2026-03-18T13:19:38.517814Z  WARN tokio-runtime-worker ThreadId(41) fenrir::infra::telemetry::controller: readiness probe failed probe=services
2026-03-18T13:19:53.514383Z  WARN tokio-runtime-worker ThreadId(98) fenrir::infra::telemetry::controller: readiness probe failed probe=services
2026-03-18T13:20:05.073141Z  WARN tokio-runtime-worker ThreadId(102) fenrir::infra::telemetry::controller: readiness probe failed probe=services
2026-03-18T13:20:08.516053Z  WARN tokio-runtime-worker ThreadId(98) fenrir::infra::telemetry::controller: readiness probe failed probe=services
2026-03-18T13:20:23.517129Z  WARN tokio-runtime-worker ThreadId(15) fenrir::infra::telemetry::controller: readiness probe failed probe=services
2026-03-18T13:20:31.837021Z  WARN tokio-runtime-worker ThreadId(102) fenrir::infra::telemetry::controller: readiness probe failed probe=services
2026-03-18T13:20:38.516510Z  WARN tokio-runtime-worker ThreadId(98) fenrir::infra::telemetry::controller: readiness probe failed probe=services
2026-03-18T14:07:54.121159Z  WARN tokio-runtime-worker ThreadId(15) fenrir::infra::telemetry::controller: readiness probe failed probe=services
2026-03-18T14:07:56.658296Z  WARN tokio-runtime-worker ThreadId(103) fenrir::infra::telemetry::controller: readiness probe failed probe=services
2026-03-18T14:08:53.641403Z  WARN tokio-runtime-worker ThreadId(103) fenrir::infra::telemetry::controller: readiness probe failed probe=services
2026-03-18T14:08:55.348884Z  WARN tokio-runtime-worker ThreadId(103) fenrir::infra::telemetry::controller: readiness probe failed probe=services
2026-03-18T14:08:56.714320Z  WARN tokio-runtime-worker ThreadId(159) fenrir::infra::telemetry::controller: readiness probe failed probe=services
2026-03-18T14:10:34.743936Z  WARN tokio-runtime-worker ThreadId(159) fenrir::infra::telemetry::controller: readiness probe failed probe=services
2026-03-18T14:10:35.743183Z  WARN tokio-runtime-worker ThreadId(158) fenrir::infra::telemetry::controller: readiness probe failed probe=services
2026-03-18T14:10:38.312956Z  WARN tokio-runtime-worker ThreadId(163) fenrir::infra::telemetry::controller: readiness probe failed probe=services
2026-03-18T14:11:09.488748Z  WARN tokio-runtime-worker ThreadId(158) fenrir::infra::telemetry::controller: readiness probe failed probe=services
2026-03-18T14:11:10.511164Z  WARN tokio-runtime-worker ThreadId(163) fenrir::infra::telemetry::controller: readiness probe failed probe=services
2026-03-18T14:11:12.890504Z  WARN tokio-runtime-worker ThreadId(163) fenrir::infra::telemetry::controller: readiness probe failed probe=services
2026-03-18T14:11:27.921545Z  WARN tokio-runtime-worker ThreadId(103) fenrir::infra::telemetry::controller: readiness probe failed probe=services
2026-03-18T14:11:41.751712Z  WARN tokio-runtime-worker ThreadId(103) fenrir::infra::telemetry::controller: readiness probe failed probe=services
2026-03-18T14:13:02.225153Z  WARN tokio-runtime-worker ThreadId(158) fenrir::infra::telemetry::controller: readiness probe failed probe=services
2026-03-18T14:13:12.921925Z  WARN tokio-runtime-worker ThreadId(171) fenrir::infra::telemetry::controller: readiness probe failed probe=services
2026-03-18T14:13:27.921341Z  WARN tokio-runtime-worker ThreadId(158) fenrir::infra::telemetry::controller: readiness probe failed probe=services
2026-03-18T14:13:52.652462Z  WARN tokio-runtime-worker ThreadId(171) fenrir::infra::telemetry::controller: readiness probe failed probe=services
2026-03-18T14:14:15.565989Z  WARN tokio-runtime-worker ThreadId(171) fenrir::infra::telemetry::controller: readiness probe failed probe=services
2026-03-18T14:14:17.214390Z  WARN tokio-runtime-worker ThreadId(103) fenrir::infra::telemetry::controller: readiness probe failed probe=services
2026-03-18T14:14:32.265930Z  WARN tokio-runtime-worker ThreadId(103) fenrir::infra::telemetry::controller: readiness probe failed probe=services
2026-03-18T14:14:50.494642Z  WARN tokio-runtime-worker ThreadId(163) fenrir::infra::telemetry::controller: readiness probe failed probe=services
2026-03-18T14:15:09.527600Z  WARN tokio-runtime-worker ThreadId(103) fenrir::infra::telemetry::controller: readiness probe failed probe=services
2026-03-18T14:15:17.264364Z  WARN tokio-runtime-worker ThreadId(186) fenrir::infra::telemetry::controller: readiness probe failed probe=services
2026-03-18T14:15:32.264385Z  WARN tokio-runtime-worker ThreadId(103) fenrir::infra::telemetry::controller: readiness probe failed probe=services
2026-03-18T14:15:34.857910Z  WARN tokio-runtime-worker ThreadId(171) fenrir::infra::telemetry::controller: readiness probe failed probe=services
2026-03-18T14:15:47.263695Z  WARN tokio-runtime-worker ThreadId(191) fenrir::infra::telemetry::controller: readiness probe failed probe=services
2026-03-18T14:16:02.264745Z  WARN tokio-runtime-worker ThreadId(191) fenrir::infra::telemetry::controller: readiness probe failed probe=services
2026-03-18T14:16:17.264650Z  WARN tokio-runtime-worker ThreadId(198) fenrir::infra::telemetry::controller: readiness probe failed probe=services
2026-03-18T14:17:13.071419Z  WARN tokio-runtime-worker ThreadId(103) fenrir::infra::telemetry::controller: readiness probe failed probe=services
2026-03-18T14:17:32.263831Z  WARN tokio-runtime-worker ThreadId(198) fenrir::infra::telemetry::controller: readiness probe failed probe=services
2026-03-18T14:17:47.263138Z  WARN tokio-runtime-worker ThreadId(198) fenrir::infra::telemetry::controller: readiness probe failed probe=services
2026-03-18T14:18:55.048449Z  WARN tokio-runtime-worker ThreadId(191) fenrir::infra::telemetry::controller: readiness probe failed probe=services
2026-03-18T14:19:02.263995Z  WARN tokio-runtime-worker ThreadId(198) fenrir::infra::telemetry::controller: readiness probe failed probe=services
2026-03-18T14:19:17.263525Z  WARN tokio-runtime-worker ThreadId(191) fenrir::infra::telemetry::controller: readiness probe failed probe=services
2026-03-18T14:19:43.915758Z  WARN tokio-runtime-worker ThreadId(212) fenrir::infra::telemetry::controller: readiness probe failed probe=services
2026-03-18T14:19:47.267747Z  WARN tokio-runtime-worker ThreadId(220) fenrir::infra::telemetry::controller: readiness probe failed probe=services
2026-03-18T14:20:34.051908Z  WARN tokio-runtime-worker ThreadId(198) fenrir::infra::telemetry::controller: readiness probe failed probe=services
2026-03-18T14:20:35.104038Z  WARN tokio-runtime-worker ThreadId(191) fenrir::infra::telemetry::controller: readiness probe failed probe=services
2026-03-18T14:20:35.721019Z  WARN tokio-runtime-worker ThreadId(212) fenrir::infra::telemetry::controller: readiness probe failed probe=services
2026-03-18T14:20:50.769981Z  WARN tokio-runtime-worker ThreadId(220) fenrir::infra::telemetry::controller: readiness probe failed probe=services
2026-03-18T14:21:05.771195Z  WARN tokio-runtime-worker ThreadId(191) fenrir::infra::telemetry::controller: readiness probe failed probe=services
2026-03-18T14:21:16.307075Z  WARN tokio-runtime-worker ThreadId(195) fenrir::infra::telemetry::controller: readiness probe failed probe=services
2026-03-18T14:21:32.313572Z  INFO tokio-runtime-worker ThreadId(220) fenrir::services::module::runtime: restarting module module_id=athene
2026-03-18T14:21:33.172400Z  INFO tokio-runtime-worker ThreadId(220) fenrir::infra::modules::runtime::process: module stopped module_id=athene instance_id=athene:primary pid=85243
2026-03-18T14:21:33.175096Z  INFO tokio-runtime-worker ThreadId(220) fenrir::services::module::runtime: module stopped successfully module_id=athene
2026-03-18T14:21:33.188782Z  INFO tokio-runtime-worker ThreadId(220) fenrir::services::module::runtime: event="module.lifecycle.preflight_started" module_id=athene assigned_port=Some(41002)
2026-03-18T14:21:33.189609Z  INFO tokio-runtime-worker ThreadId(220) fenrir::services::module::runtime: event="module.lifecycle.preflight_passed" module_id=athene assigned_port=Some(41002)
2026-03-18T14:21:33.191264Z  INFO tokio-runtime-worker ThreadId(220) fenrir::services::module::gateway: runtime gateway started module=athene endpoint=http://127.0.0.1:63571/call
2026-03-18T14:21:33.194297Z  INFO tokio-runtime-worker ThreadId(220) fenrir::services::module::runtime: event="module.lifecycle.boot_started" module_id=athene assigned_port=Some(41002)
2026-03-18T14:21:33.226354Z  INFO tokio-runtime-worker ThreadId(220) fenrir::infra::modules::runtime::process: module process started module_id=athene instance_id=athene:primary pid=53973 port=Some(41002)
2026-03-18T14:21:33.228925Z  INFO tokio-runtime-worker ThreadId(220) fenrir::services::module::runtime: module started successfully event="module.lifecycle.boot_succeeded" module_id=athene pid=Some(53973) port=Some(41002) latency_ms=34.586875000000006
2026-03-18T14:22:47.482038Z  WARN tokio-runtime-worker ThreadId(233) fenrir::infra::telemetry::controller: readiness probe failed probe=services
2026-03-18T14:22:48.921236Z  WARN tokio-runtime-worker ThreadId(232) fenrir::infra::telemetry::controller: readiness probe failed probe=services
2026-03-18T14:22:55.442746Z  INFO tokio-runtime-worker ThreadId(237) fenrir::services::module::runtime: restarting module module_id=athene-api
2026-03-18T14:22:56.201678Z  WARN tokio-runtime-worker ThreadId(232) fenrir::infra::modules::runtime::process: gateway proxy response read failed module=athene-web error=request or response body error: error reading a body from connection: unexpected EOF during chunk size line
2026-03-18T14:22:56.295819Z  INFO tokio-runtime-worker ThreadId(237) fenrir::infra::modules::runtime::process: module stopped module_id=athene-api instance_id=athene-api:primary pid=85241
2026-03-18T14:22:56.296740Z  INFO tokio-runtime-worker ThreadId(237) fenrir::services::module::runtime: module stopped successfully module_id=athene-api
2026-03-18T14:22:56.300789Z  INFO tokio-runtime-worker ThreadId(237) fenrir::services::module::runtime: event="module.lifecycle.preflight_started" module_id=athene-api assigned_port=Some(41004)
2026-03-18T14:22:56.301324Z  INFO tokio-runtime-worker ThreadId(237) fenrir::services::module::runtime: event="module.lifecycle.preflight_passed" module_id=athene-api assigned_port=Some(41004)
2026-03-18T14:22:56.301642Z  INFO tokio-runtime-worker ThreadId(237) fenrir::services::module::gateway: runtime gateway started module=athene-api endpoint=http://127.0.0.1:63673/call
2026-03-18T14:22:56.303812Z  INFO tokio-runtime-worker ThreadId(237) fenrir::services::module::runtime: event="module.lifecycle.boot_started" module_id=athene-api assigned_port=Some(41004)
2026-03-18T14:22:56.314129Z  INFO tokio-runtime-worker ThreadId(237) fenrir::infra::modules::runtime::process: module process started module_id=athene-api instance_id=athene-api:primary pid=55954 port=Some(41004)
2026-03-18T14:22:56.317740Z  INFO tokio-runtime-worker ThreadId(237) fenrir::services::module::runtime: module started successfully event="module.lifecycle.boot_succeeded" module_id=athene-api pid=Some(55954) port=Some(41004) latency_ms=13.902792
