2025-12-04T15:03:42.082122Z  INFO main ThreadId(01) fenrir::infra::logging::init: file logging initialized log_path=logs/app.log
2025-12-04T15:03:42.082474Z  INFO main ThreadId(01) fenrir::infra::logging::init: db log file prepared log_path=logs/db.log
2025-12-04T15:03:42.142923Z  INFO main ThreadId(01) fenrir::boot::startup: core services registered in registry
2025-12-04T15:03:42.143590Z  INFO main ThreadId(01) fenrir::boot::startup: scheduler service started
2025-12-04T15:03:42.143879Z  INFO tokio-runtime-worker ThreadId(05) fenrir::services::scheduler::service: scheduler heartbeat loop started
2025-12-04T15:03:42.152094Z  INFO                 main ThreadId(01) fenrir::boot::startup: audit log persistence configured path=/opt/fenrir/development/tmp/runtime/audit/fenrir-audit-history.json capacity=2048 retention_hours=24 persist_seconds=30
2025-12-04T15:03:42.156196Z  INFO                 main ThreadId(01) fenrir::infra::modules::runtime::process: loaded 0 module states from disk
2025-12-04T15:03:42.203038Z  INFO                 main ThreadId(01) fenrir::infra::http::server: HTTP control-plane authentication via identity broker with static token fallback
2025-12-04T15:03:42.203121Z  INFO                 main ThreadId(01) fenrir::boot::startup: boot complete app=fenrir version=0.1.4
2025-12-04T15:03:42.203527Z  INFO                 main ThreadId(01) fenrir::infra::db::connector: db connector ipc socket ready path=/opt/fenrir/development/tmp/ipc/db-connector.sock
2025-12-04T15:03:42.203614Z  INFO tokio-runtime-worker ThreadId(09) fenrir::infra::db::connector: db connector task started task="db-connector-ipc"
2025-12-04T15:03:42.204358Z  WARN                 main ThreadId(01) fenrir::infra::modules::storage: Skipping hidden module entry path=/Users/jfurocket/Documents/personal/modules/.fenrir-backups name=".fenrir-backups"
2025-12-04T15:03:42.204660Z  WARN                 main ThreadId(01) fenrir::infra::modules::storage: Skipping hidden module entry path=/Users/jfurocket/Documents/personal/modules/.cache name=".cache"
2025-12-04T15:03:42.213891Z  INFO                 main ThreadId(01) fenrir::services::module::ports: assigned dynamic port to module module=fenrir-api port=41000
2025-12-04T15:03:42.215346Z  INFO                 main ThreadId(01) fenrir::infra::modules::runtime::process: module process started module_id=fenrir-api pid=42827 port=Some(41000)
2025-12-04T15:03:42.215797Z  INFO                 main ThreadId(01) fenrir::services::module::runtime: module started successfully module_id=fenrir-api pid=Some(42827) port=Some(41000)
2025-12-04T15:03:42.631574Z  INFO                 main ThreadId(01) fenrir::infra::modules::runtime::process: module process started module_id=notification-hub pid=42845 port=Some(41001)
2025-12-04T15:03:42.631915Z  INFO                 main ThreadId(01) fenrir::services::module::runtime: module started successfully module_id=notification-hub pid=Some(42845) port=Some(41001)
2025-12-04T15:03:42.838255Z  INFO                 main ThreadId(01) fenrir::boot::transports: transport initialisation triggered
2025-12-04T15:03:42.838299Z  INFO tokio-runtime-worker ThreadId(09) fenrir::boot::transports: ssh server task spawned
2025-12-04T15:03:42.838610Z  INFO tokio-runtime-worker ThreadId(09) fenrir::infra::ssh::server: starting SSH server host=127.0.0.1 port=2222
2025-12-04T15:03:42.838829Z  INFO tokio-runtime-worker ThreadId(06) fenrir::infra::http::server: HTTP server task spawned
2025-12-04T15:03:43.130545Z  INFO tokio-runtime-worker ThreadId(12) fenrir::services::module::runtime: module service manifest registered after retry module=fenrir-api attempt=1
2025-12-04T15:03:45.509343Z  WARN tokio-runtime-worker ThreadId(06) fenrir::infra::modules::storage: Skipping hidden module entry path=/Users/jfurocket/Documents/personal/modules/.fenrir-backups name=".fenrir-backups"
2025-12-04T15:03:45.509787Z  WARN tokio-runtime-worker ThreadId(06) fenrir::infra::modules::storage: Skipping hidden module entry path=/Users/jfurocket/Documents/personal/modules/.cache name=".cache"
2025-12-04T15:03:52.369118Z  INFO tokio-runtime-worker ThreadId(17) fenrir::infra::modules::runtime::process: module stopped module_id=fenrir-api pid=42827
2025-12-04T15:03:52.888430Z  INFO tokio-runtime-worker ThreadId(12) fenrir::infra::modules::runtime::process: module stopped module_id=notification-hub pid=42845
