2025-12-11T02:46:23.664330Z  INFO main ThreadId(01) fenrir::infra::logging::init: file logging initialized log_path=logs/app.log
2025-12-11T02:46:23.664493Z  INFO main ThreadId(01) fenrir::infra::logging::init: db log file prepared log_path=logs/db.log
2025-12-11T02:46:23.744000Z  INFO main ThreadId(01) fenrir::boot::startup: core services registered in registry
2025-12-11T02:46:23.744848Z  INFO main ThreadId(01) fenrir::boot::startup: scheduler service started
2025-12-11T02:46:23.745001Z  INFO tokio-runtime-worker ThreadId(12) fenrir::services::scheduler::service: scheduler heartbeat loop started
2025-12-11T02:46:23.748424Z  INFO                 main ThreadId(01) fenrir::boot::startup: audit log persistence configured path=/opt/fenrir/development/tmp/runtime/audit/fenrir-audit-history.json capacity=2048 retention_hours=24 persist_seconds=30
2025-12-11T02:46:23.754801Z  INFO                 main ThreadId(01) fenrir::infra::modules::runtime::process: loaded 2 module states from disk
2025-12-11T02:46:23.754823Z  WARN                 main ThreadId(01) fenrir::infra::modules::runtime::process: module was running but process no longer exists module_id=notification-hub pid=22843
2025-12-11T02:46:23.754830Z  WARN                 main ThreadId(01) fenrir::infra::modules::runtime::process: module was running but process no longer exists module_id=fenrir-api pid=22812
2025-12-11T02:46:23.810468Z  INFO                 main ThreadId(01) fenrir::infra::http::server: HTTP control-plane authentication via identity broker with static token fallback
2025-12-11T02:46:23.810523Z  INFO                 main ThreadId(01) fenrir::boot::startup: boot complete app=fenrir version=0.1.4
2025-12-11T02:46:23.810951Z  INFO                 main ThreadId(01) fenrir::infra::db::connector: db connector ipc socket ready path=/opt/fenrir/development/tmp/ipc/db-connector.sock
2025-12-11T02:46:23.811070Z  INFO tokio-runtime-worker ThreadId(06) fenrir::infra::db::connector: db connector task started task="db-connector-ipc"
2025-12-11T02:46:23.816543Z  INFO                 main ThreadId(01) fenrir::infra::modules::runtime::process: module process started module_id=fenrir-api pid=26550 port=Some(41000)
2025-12-11T02:46:23.817048Z  INFO                 main ThreadId(01) fenrir::services::module::runtime: module started successfully module_id=fenrir-api pid=Some(26550) port=Some(41000)
2025-12-11T02:46:24.031602Z  INFO                 main ThreadId(01) fenrir::infra::modules::runtime::process: module process started module_id=notification-hub pid=26551 port=Some(41001)
2025-12-11T02:46:24.032049Z  INFO                 main ThreadId(01) fenrir::services::module::runtime: module started successfully module_id=notification-hub pid=Some(26551) port=Some(41001)
2025-12-11T02:46:24.241839Z  INFO tokio-runtime-worker ThreadId(15) fenrir::boot::transports: ssh server task spawned
2025-12-11T02:46:24.241870Z  INFO                 main ThreadId(01) fenrir::boot::transports: transport initialisation triggered
2025-12-11T02:46:24.242298Z  INFO tokio-runtime-worker ThreadId(15) fenrir::infra::ssh::server: starting SSH server host=127.0.0.1 port=2222
2025-12-11T02:46:24.242889Z  INFO tokio-runtime-worker ThreadId(13) fenrir::infra::http::server: HTTP server task spawned
2025-12-11T02:46:38.813626Z  WARN tokio-runtime-worker ThreadId(13) fenrir::services::scheduler::service: db ping failed error=db connection error: error connecting to server: Connection refused (os error 61)
2025-12-11T02:47:10.863191Z  INFO tokio-runtime-worker ThreadId(12) thrussh::server::encrypted: pty-req: unknown pty code 42
2025-12-11T02:48:38.815415Z  WARN tokio-runtime-worker ThreadId(17) fenrir::services::scheduler::service: db ping failed error=invalid input: db-shell service is disabled
2025-12-11T02:50:38.816683Z  WARN tokio-runtime-worker ThreadId(26) fenrir::services::scheduler::service: db ping failed error=invalid input: db-shell service is disabled
2025-12-11T02:52:38.818828Z  WARN tokio-runtime-worker ThreadId(17) fenrir::services::scheduler::service: db ping failed error=invalid input: db-shell service is disabled
2025-12-11T02:54:38.821294Z  WARN tokio-runtime-worker ThreadId(17) fenrir::services::scheduler::service: db ping failed error=invalid input: db-shell service is disabled
2025-12-11T02:56:38.824338Z  WARN tokio-runtime-worker ThreadId(26) fenrir::services::scheduler::service: db ping failed error=invalid input: db-shell service is disabled
2025-12-11T02:58:38.827347Z  WARN tokio-runtime-worker ThreadId(14) fenrir::services::scheduler::service: db ping failed error=invalid input: db-shell service is disabled
2025-12-11T03:00:38.910756Z  WARN tokio-runtime-worker ThreadId(17) fenrir::services::scheduler::service: db ping failed error=invalid input: db-shell service is disabled
2025-12-11T03:02:38.912496Z  WARN tokio-runtime-worker ThreadId(17) fenrir::services::scheduler::service: db ping failed error=invalid input: db-shell service is disabled
2025-12-11T03:04:38.915314Z  WARN tokio-runtime-worker ThreadId(147) fenrir::services::scheduler::service: db ping failed error=invalid input: db-shell service is disabled
2025-12-11T03:06:38.917091Z  WARN tokio-runtime-worker ThreadId(17) fenrir::services::scheduler::service: db ping failed error=invalid input: db-shell service is disabled
2025-12-11T03:08:38.933871Z  WARN tokio-runtime-worker ThreadId(147) fenrir::services::scheduler::service: db ping failed error=invalid input: db-shell service is disabled
2025-12-11T03:10:38.937094Z  WARN tokio-runtime-worker ThreadId(26) fenrir::services::scheduler::service: db ping failed error=invalid input: db-shell service is disabled
