2025-10-09T06:50:59.236291Z  INFO main ThreadId(01) fenrir::infra::logging: dateilogging initialisiert log_path=logs/app.log
2025-10-09T06:50:59.236395Z  INFO main ThreadId(01) fenrir::infra::logging: db-logdatei vorbereitet log_path=logs/db.log
2025-10-09T06:50:59.236597Z  INFO main ThreadId(01) fenrir::boot: core services registered in registry
2025-10-09T06:50:59.236804Z  INFO main ThreadId(01) fenrir::boot: scheduler service started
2025-10-09T06:50:59.239499Z  INFO main ThreadId(01) fenrir::boot: user and ticket services initialised
2025-10-09T06:50:59.240719Z  INFO tokio-runtime-worker ThreadId(13) fenrir::services::scheduler: scheduler heartbeat loop started
2025-10-09T06:50:59.240772Z  INFO                 main ThreadId(01) fenrir::boot: boot complete app=fenrir version=0.1.3
2025-10-09T06:50:59.240824Z  INFO                 main ThreadId(01) fenrir::boot: transport initialisation triggered
2025-10-09T06:50:59.241394Z  INFO tokio-runtime-worker ThreadId(15) fenrir::boot: ssh server task spawned
2025-10-09T06:50:59.241886Z  INFO tokio-runtime-worker ThreadId(15) fenrir::infra::ssh: starting SSH server host=127.0.0.1 port=2222
2025-10-09T06:50:59.242123Z  INFO tokio-runtime-worker ThreadId(12) fenrir::infra::http: HTTP server task spawned
2025-10-09T06:51:06.359044Z  INFO tokio-runtime-worker ThreadId(02) thrussh::server::encrypted: pty-req: unknown pty code 42
2025-10-09T06:51:12.278839Z  INFO tokio-runtime-worker ThreadId(02) fenrir::cli::commands::builtins::modules: modules command invoked command="modules"
2025-10-09T06:52:11.815320Z  INFO tokio-runtime-worker ThreadId(02) fenrir::cli::commands::builtins::modules: modules command invoked command="modules"
2025-10-09T06:56:07.760501Z  INFO tokio-runtime-worker ThreadId(14) fenrir::cli::commands::builtins::modules: modules command invoked command="modules"
2025-10-09T06:56:24.953596Z  INFO tokio-runtime-worker ThreadId(14) fenrir::cli::commands::builtins::modules: modules command invoked command="modules"
2025-10-09T06:56:25.905283Z  INFO tokio-runtime-worker ThreadId(14) fenrir::cli::commands::builtins::modules: modules command invoked command="modules"
2025-10-09T06:56:26.592562Z  INFO tokio-runtime-worker ThreadId(14) fenrir::cli::commands::builtins::modules: modules command invoked command="modules"
2025-10-09T06:56:29.574615Z  INFO tokio-runtime-worker ThreadId(06) fenrir::services::scheduler: scheduler heartbeat stopped
2025-10-09T06:56:29.574658Z  INFO tokio-runtime-worker ThreadId(06) fenrir::services::scheduler: scheduler service dropped and resources cleaned up
