2025-12-04T10:50:19.860127Z  INFO main ThreadId(01) fenrir::infra::logging::init: file logging initialized log_path=logs/app.log
2025-12-04T10:50:19.860263Z  INFO main ThreadId(01) fenrir::infra::logging::init: db log file prepared log_path=logs/db.log
2025-12-04T10:50:19.926310Z  INFO main ThreadId(01) fenrir::boot::startup: core services registered in registry
2025-12-04T10:50:19.926994Z  INFO main ThreadId(01) fenrir::boot::startup: scheduler service started
2025-12-04T10:50:19.927270Z  INFO tokio-runtime-worker ThreadId(14) fenrir::services::scheduler::service: scheduler heartbeat loop started
2025-12-04T10:50:19.935264Z  INFO                 main ThreadId(01) fenrir::boot::startup: audit log persistence configured path=/opt/fenrir/development/tmp/runtime/audit/fenrir-audit-history.json capacity=2048 retention_hours=24 persist_seconds=30
2025-12-04T10:50:19.940366Z  INFO                 main ThreadId(01) fenrir::infra::modules::runtime::process: loaded 2 module states from disk
2025-12-04T10:50:19.941692Z  INFO                 main ThreadId(01) fenrir::infra::modules::runtime::process: reattached running module process module_id=fenrir-api pid=31498
2025-12-04T10:50:19.942218Z  INFO                 main ThreadId(01) fenrir::infra::modules::runtime::process: reattached running module process module_id=notification-hub pid=31513
2025-12-04T10:50:19.994771Z  INFO                 main ThreadId(01) fenrir::infra::http::server: HTTP control-plane authentication via identity broker with static token fallback
2025-12-04T10:50:19.994865Z  INFO                 main ThreadId(01) fenrir::boot::startup: boot complete app=fenrir version=0.1.4
2025-12-04T10:50:19.995194Z  INFO                 main ThreadId(01) fenrir::infra::db::connector: db connector ipc socket ready path=/opt/fenrir/development/tmp/ipc/db-connector.sock
2025-12-04T10:50:19.995304Z  INFO tokio-runtime-worker ThreadId(04) fenrir::infra::db::connector: db connector task started task="db-connector-ipc"
2025-12-04T10:50:19.995500Z  WARN                 main ThreadId(01) fenrir::infra::modules::storage: Skipping hidden module entry path=/Users/jfurocket/Documents/personal/modules/.fenrir-backups name=".fenrir-backups"
2025-12-04T10:50:19.995585Z  WARN                 main ThreadId(01) fenrir::infra::modules::storage: Skipping hidden module entry path=/Users/jfurocket/Documents/personal/modules/.cache name=".cache"
2025-12-04T10:50:19.999201Z  INFO                 main ThreadId(01) fenrir::boot::transports: transport initialisation triggered
2025-12-04T10:50:19.999240Z  INFO tokio-runtime-worker ThreadId(14) fenrir::boot::transports: ssh server task spawned
2025-12-04T10:50:19.999542Z  INFO tokio-runtime-worker ThreadId(14) fenrir::infra::ssh::server: starting SSH server host=127.0.0.1 port=2222
2025-12-04T10:50:19.999910Z  INFO tokio-runtime-worker ThreadId(06) fenrir::infra::http::server: HTTP server task spawned
2025-12-04T10:50:24.499702Z  INFO tokio-runtime-worker ThreadId(04) thrussh::server::encrypted: pty-req: unknown pty code 42
2025-12-04T10:50:26.987640Z  WARN tokio-runtime-worker ThreadId(03) fenrir::infra::modules::storage: Skipping hidden module entry path=/Users/jfurocket/Documents/personal/modules/.fenrir-backups name=".fenrir-backups"
2025-12-04T10:50:26.987915Z  WARN tokio-runtime-worker ThreadId(03) fenrir::infra::modules::storage: Skipping hidden module entry path=/Users/jfurocket/Documents/personal/modules/.cache name=".cache"
2025-12-04T10:50:27.684626Z  WARN tokio-runtime-worker ThreadId(06) fenrir::infra::modules::storage: Skipping hidden module entry path=/Users/jfurocket/Documents/personal/modules/.fenrir-backups name=".fenrir-backups"
2025-12-04T10:50:27.684802Z  WARN tokio-runtime-worker ThreadId(06) fenrir::infra::modules::storage: Skipping hidden module entry path=/Users/jfurocket/Documents/personal/modules/.cache name=".cache"
2025-12-04T10:50:28.200907Z  WARN tokio-runtime-worker ThreadId(18) fenrir::infra::modules::storage: Skipping hidden module entry path=/Users/jfurocket/Documents/personal/modules/.fenrir-backups name=".fenrir-backups"
2025-12-04T10:50:28.254287Z  WARN tokio-runtime-worker ThreadId(17) fenrir::infra::modules::storage: Skipping hidden module entry path=/Users/jfurocket/Documents/personal/modules/.fenrir-backups name=".fenrir-backups"
2025-12-04T10:50:28.254802Z  WARN tokio-runtime-worker ThreadId(19) fenrir::infra::modules::storage: Skipping hidden module entry path=/Users/jfurocket/Documents/personal/modules/.cache name=".cache"
2025-12-04T10:50:30.582336Z  WARN tokio-runtime-worker ThreadId(03) fenrir::infra::modules::storage: Skipping hidden module entry path=/Users/jfurocket/Documents/personal/modules/.fenrir-backups name=".fenrir-backups"
2025-12-04T10:50:30.583052Z  WARN tokio-runtime-worker ThreadId(03) fenrir::infra::modules::storage: Skipping hidden module entry path=/Users/jfurocket/Documents/personal/modules/.cache name=".cache"
2025-12-04T10:50:31.521312Z  WARN tokio-runtime-worker ThreadId(04) fenrir::infra::modules::storage: Skipping hidden module entry path=/Users/jfurocket/Documents/personal/modules/.fenrir-backups name=".fenrir-backups"
2025-12-04T10:50:31.522538Z  WARN tokio-runtime-worker ThreadId(17) fenrir::infra::modules::storage: Skipping hidden module entry path=/Users/jfurocket/Documents/personal/modules/.cache name=".cache"
2025-12-04T10:50:32.324975Z  WARN tokio-runtime-worker ThreadId(03) fenrir::infra::modules::storage: Skipping hidden module entry path=/Users/jfurocket/Documents/personal/modules/.fenrir-backups name=".fenrir-backups"
2025-12-04T10:50:32.327651Z  WARN tokio-runtime-worker ThreadId(18) fenrir::infra::modules::storage: Skipping hidden module entry path=/Users/jfurocket/Documents/personal/modules/.cache name=".cache"
2025-12-04T10:50:33.057081Z  WARN tokio-runtime-worker ThreadId(14) fenrir::infra::modules::storage: Skipping hidden module entry path=/Users/jfurocket/Documents/personal/modules/.fenrir-backups name=".fenrir-backups"
2025-12-04T10:50:33.057933Z  WARN tokio-runtime-worker ThreadId(03) fenrir::infra::modules::storage: Skipping hidden module entry path=/Users/jfurocket/Documents/personal/modules/.cache name=".cache"
2025-12-04T10:50:33.750342Z  WARN tokio-runtime-worker ThreadId(03) fenrir::infra::modules::storage: Skipping hidden module entry path=/Users/jfurocket/Documents/personal/modules/.fenrir-backups name=".fenrir-backups"
2025-12-04T10:50:33.750737Z  WARN tokio-runtime-worker ThreadId(04) fenrir::infra::modules::storage: Skipping hidden module entry path=/Users/jfurocket/Documents/personal/modules/.cache name=".cache"
2025-12-04T10:50:34.485816Z  WARN tokio-runtime-worker ThreadId(20) fenrir::infra::modules::storage: Skipping hidden module entry path=/Users/jfurocket/Documents/personal/modules/.fenrir-backups name=".fenrir-backups"
2025-12-04T10:50:34.486427Z  WARN tokio-runtime-worker ThreadId(20) fenrir::infra::modules::storage: Skipping hidden module entry path=/Users/jfurocket/Documents/personal/modules/.cache name=".cache"
2025-12-04T10:50:35.103575Z  WARN tokio-runtime-worker ThreadId(18) fenrir::infra::modules::storage: Skipping hidden module entry path=/Users/jfurocket/Documents/personal/modules/.fenrir-backups name=".fenrir-backups"
2025-12-04T10:50:35.104082Z  WARN tokio-runtime-worker ThreadId(17) fenrir::infra::modules::storage: Skipping hidden module entry path=/Users/jfurocket/Documents/personal/modules/.cache name=".cache"
2025-12-04T10:50:35.178961Z  WARN tokio-runtime-worker ThreadId(17) fenrir::infra::modules::storage: Skipping hidden module entry path=/Users/jfurocket/Documents/personal/modules/.fenrir-backups name=".fenrir-backups"
2025-12-04T10:50:35.179244Z  WARN tokio-runtime-worker ThreadId(17) fenrir::infra::modules::storage: Skipping hidden module entry path=/Users/jfurocket/Documents/personal/modules/.cache name=".cache"
2025-12-04T10:50:35.873197Z  WARN tokio-runtime-worker ThreadId(03) fenrir::infra::modules::storage: Skipping hidden module entry path=/Users/jfurocket/Documents/personal/modules/.fenrir-backups name=".fenrir-backups"
2025-12-04T10:50:35.873690Z  WARN tokio-runtime-worker ThreadId(03) fenrir::infra::modules::storage: Skipping hidden module entry path=/Users/jfurocket/Documents/personal/modules/.cache name=".cache"
2025-12-04T10:50:36.595147Z  WARN tokio-runtime-worker ThreadId(18) fenrir::infra::modules::storage: Skipping hidden module entry path=/Users/jfurocket/Documents/personal/modules/.fenrir-backups name=".fenrir-backups"
2025-12-04T10:50:36.595486Z  WARN tokio-runtime-worker ThreadId(18) fenrir::infra::modules::storage: Skipping hidden module entry path=/Users/jfurocket/Documents/personal/modules/.cache name=".cache"
2025-12-04T10:50:39.131064Z  WARN tokio-runtime-worker ThreadId(06) fenrir::infra::modules::storage: Skipping hidden module entry path=/Users/jfurocket/Documents/personal/modules/.fenrir-backups name=".fenrir-backups"
2025-12-04T10:50:39.131320Z  WARN tokio-runtime-worker ThreadId(06) fenrir::infra::modules::storage: Skipping hidden module entry path=/Users/jfurocket/Documents/personal/modules/.cache name=".cache"
2025-12-04T10:50:39.849085Z  WARN tokio-runtime-worker ThreadId(20) fenrir::infra::modules::storage: Skipping hidden module entry path=/Users/jfurocket/Documents/personal/modules/.fenrir-backups name=".fenrir-backups"
2025-12-04T10:50:39.849957Z  WARN tokio-runtime-worker ThreadId(20) fenrir::infra::modules::storage: Skipping hidden module entry path=/Users/jfurocket/Documents/personal/modules/.cache name=".cache"
2025-12-04T10:50:39.949309Z  WARN tokio-runtime-worker ThreadId(19) fenrir::infra::modules::storage: Skipping hidden module entry path=/Users/jfurocket/Documents/personal/modules/.fenrir-backups name=".fenrir-backups"
2025-12-04T10:50:39.951532Z  WARN tokio-runtime-worker ThreadId(19) fenrir::infra::modules::storage: Skipping hidden module entry path=/Users/jfurocket/Documents/personal/modules/.cache name=".cache"
2025-12-04T10:50:40.711183Z  WARN tokio-runtime-worker ThreadId(04) fenrir::infra::modules::storage: Skipping hidden module entry path=/Users/jfurocket/Documents/personal/modules/.fenrir-backups name=".fenrir-backups"
2025-12-04T10:50:40.711794Z  WARN tokio-runtime-worker ThreadId(04) fenrir::infra::modules::storage: Skipping hidden module entry path=/Users/jfurocket/Documents/personal/modules/.cache name=".cache"
2025-12-04T10:50:40.879193Z  WARN tokio-runtime-worker ThreadId(06) fenrir::infra::modules::storage: Skipping hidden module entry path=/Users/jfurocket/Documents/personal/modules/.fenrir-backups name=".fenrir-backups"
2025-12-04T10:50:40.879575Z  WARN tokio-runtime-worker ThreadId(20) fenrir::infra::modules::storage: Skipping hidden module entry path=/Users/jfurocket/Documents/personal/modules/.cache name=".cache"
2025-12-04T10:50:49.524795Z  WARN tokio-runtime-worker ThreadId(14) fenrir::infra::modules::storage: Skipping hidden module entry path=/Users/jfurocket/Documents/personal/modules/.fenrir-backups name=".fenrir-backups"
2025-12-04T10:50:49.525141Z  WARN tokio-runtime-worker ThreadId(14) fenrir::infra::modules::storage: Skipping hidden module entry path=/Users/jfurocket/Documents/personal/modules/.cache name=".cache"
2025-12-04T10:50:50.555535Z  WARN tokio-runtime-worker ThreadId(04) fenrir::infra::modules::storage: Skipping hidden module entry path=/Users/jfurocket/Documents/personal/modules/.fenrir-backups name=".fenrir-backups"
2025-12-04T10:50:50.639450Z  WARN tokio-runtime-worker ThreadId(17) fenrir::infra::modules::storage: Skipping hidden module entry path=/Users/jfurocket/Documents/personal/modules/.fenrir-backups name=".fenrir-backups"
2025-12-04T10:50:50.640858Z  WARN tokio-runtime-worker ThreadId(17) fenrir::infra::modules::storage: Skipping hidden module entry path=/Users/jfurocket/Documents/personal/modules/.cache name=".cache"
2025-12-04T10:50:51.560359Z  WARN tokio-runtime-worker ThreadId(04) fenrir::infra::modules::storage: Skipping hidden module entry path=/Users/jfurocket/Documents/personal/modules/.fenrir-backups name=".fenrir-backups"
2025-12-04T10:50:51.560768Z  WARN tokio-runtime-worker ThreadId(04) fenrir::infra::modules::storage: Skipping hidden module entry path=/Users/jfurocket/Documents/personal/modules/.cache name=".cache"
2025-12-04T10:50:52.316226Z  WARN tokio-runtime-worker ThreadId(20) fenrir::infra::modules::storage: Skipping hidden module entry path=/Users/jfurocket/Documents/personal/modules/.fenrir-backups name=".fenrir-backups"
2025-12-04T10:50:52.316814Z  WARN tokio-runtime-worker ThreadId(20) fenrir::infra::modules::storage: Skipping hidden module entry path=/Users/jfurocket/Documents/personal/modules/.cache name=".cache"
2025-12-04T10:50:52.990954Z  WARN tokio-runtime-worker ThreadId(19) fenrir::infra::modules::storage: Skipping hidden module entry path=/Users/jfurocket/Documents/personal/modules/.fenrir-backups name=".fenrir-backups"
2025-12-04T10:50:52.992157Z  WARN tokio-runtime-worker ThreadId(19) fenrir::infra::modules::storage: Skipping hidden module entry path=/Users/jfurocket/Documents/personal/modules/.cache name=".cache"
2025-12-04T10:50:53.074040Z  WARN tokio-runtime-worker ThreadId(18) fenrir::infra::modules::storage: Skipping hidden module entry path=/Users/jfurocket/Documents/personal/modules/.fenrir-backups name=".fenrir-backups"
2025-12-04T10:50:53.075272Z  WARN tokio-runtime-worker ThreadId(18) fenrir::infra::modules::storage: Skipping hidden module entry path=/Users/jfurocket/Documents/personal/modules/.cache name=".cache"
2025-12-04T10:50:58.943662Z  WARN tokio-runtime-worker ThreadId(19) fenrir::infra::modules::storage: Skipping hidden module entry path=/Users/jfurocket/Documents/personal/modules/.fenrir-backups name=".fenrir-backups"
2025-12-04T10:50:58.944721Z  WARN tokio-runtime-worker ThreadId(05) fenrir::infra::modules::storage: Skipping hidden module entry path=/Users/jfurocket/Documents/personal/modules/.cache name=".cache"
2025-12-04T10:50:59.012982Z  WARN tokio-runtime-worker ThreadId(06) fenrir::infra::modules::storage: Skipping hidden module entry path=/Users/jfurocket/Documents/personal/modules/.fenrir-backups name=".fenrir-backups"
2025-12-04T10:50:59.013399Z  WARN tokio-runtime-worker ThreadId(06) fenrir::infra::modules::storage: Skipping hidden module entry path=/Users/jfurocket/Documents/personal/modules/.cache name=".cache"
2025-12-04T10:51:02.144249Z  WARN tokio-runtime-worker ThreadId(03) fenrir::infra::modules::storage: Skipping hidden module entry path=/Users/jfurocket/Documents/personal/modules/.fenrir-backups name=".fenrir-backups"
2025-12-04T10:51:02.144732Z  WARN tokio-runtime-worker ThreadId(18) fenrir::infra::modules::storage: Skipping hidden module entry path=/Users/jfurocket/Documents/personal/modules/.cache name=".cache"
2025-12-04T10:51:17.211036Z  WARN tokio-runtime-worker ThreadId(19) fenrir::infra::modules::storage: Skipping hidden module entry path=/Users/jfurocket/Documents/personal/modules/.fenrir-backups name=".fenrir-backups"
2025-12-04T10:51:17.213553Z  WARN tokio-runtime-worker ThreadId(06) fenrir::infra::modules::storage: Skipping hidden module entry path=/Users/jfurocket/Documents/personal/modules/.cache name=".cache"
