2026-03-05T07:59:14.542359Z  INFO main ThreadId(01) fenrir::infra::logging::init: file logging initialized log_path=logs/app.log
2026-03-05T07:59:14.542615Z  INFO main ThreadId(01) fenrir::infra::logging::init: db log file prepared log_path=logs/db.log
2026-03-05T07:59:15.889042Z  INFO main ThreadId(01) fenrir::infra::db::runtime: postgres using Unix socket (TCP disabled) socket_dir=/opt/fenrir/development/tmp/runtime/db/socket
2026-03-05T07:59:16.091267Z  INFO main ThreadId(01) fenrir::infra::db::runtime: postgres unix socket ready socket=/opt/fenrir/development/tmp/runtime/db/socket/.s.PGSQL.5432
2026-03-05T07:59:16.091502Z  INFO main ThreadId(01) fenrir::infra::db::runtime: embedded postgres started securely port=55432 pid=67515 auth="scram-sha-256" socket=true
2026-03-05T07:59:16.091725Z  INFO main ThreadId(01) fenrir::infra::db::runtime: db runtime supervisor started (stub) mode=Embedded engine=Postgres dir=/opt/fenrir/development/tmp/runtime/db
2026-03-05T07:59:16.094717Z  INFO main ThreadId(01) fenrir::boot::startup: core services registered in registry
2026-03-05T07:59:16.228094Z  INFO main ThreadId(01) fenrir::boot::startup: database migrations up to date engine=postgres
2026-03-05T07:59:16.228246Z  INFO main ThreadId(01) fenrir::boot::startup: scheduler service started
2026-03-05T07:59:16.228304Z  INFO tokio-runtime-worker ThreadId(15) fenrir::services::scheduler::service: scheduler heartbeat loop started
2026-03-05T07:59:16.246631Z  INFO                 main ThreadId(01) fenrir::boot::startup: audit log persistence configured path=/opt/fenrir/development/tmp/runtime/audit/fenrir-audit-history.json capacity=2048 retention_hours=24 persist_seconds=30
2026-03-05T07:59:16.252217Z  INFO                 main ThreadId(01) fenrir::infra::modules::runtime::process: loaded 4 module states from disk
2026-03-05T07:59:16.252307Z  WARN                 main ThreadId(01) fenrir::infra::modules::runtime::process: module was running but process no longer exists module_id=athene-api pid=67326
2026-03-05T07:59:16.252320Z  WARN                 main ThreadId(01) fenrir::infra::modules::runtime::process: module was running but process no longer exists module_id=notification-service pid=67332
2026-03-05T07:59:16.252328Z  WARN                 main ThreadId(01) fenrir::infra::modules::runtime::process: module was running but process no longer exists module_id=athene pid=67325
2026-03-05T07:59:16.252337Z  WARN                 main ThreadId(01) fenrir::infra::modules::runtime::process: module was running but process no longer exists module_id=auth-service pid=67330
2026-03-05T07:59:16.305861Z  INFO                 main ThreadId(01) fenrir::security::identity::authority: identity store: using database backend
2026-03-05T07:59:16.306379Z  INFO                 main ThreadId(01) fenrir::services::scheduler::service: Automatic backup job registered schedule=daily
2026-03-05T07:59:16.306433Z  INFO                 main ThreadId(01) fenrir::infra::http::server: HTTP control-plane authentication via identity broker with static token fallback
2026-03-05T07:59:16.306470Z  INFO                 main ThreadId(01) fenrir::boot::startup: boot complete app=fenrir version=0.1.4
2026-03-05T07:59:16.306791Z  INFO                 main ThreadId(01) fenrir::infra::db::connector: db connector ipc socket ready path=/opt/fenrir/development/tmp/runtime/ipc/db-connector.sock
2026-03-05T07:59:16.306942Z  INFO tokio-runtime-worker ThreadId(14) fenrir::infra::db::connector: db connector task started task="db-connector-ipc"
2026-03-05T07:59:16.308043Z  INFO                 main ThreadId(01) fenrir::services::module::runtime: event="module.lifecycle.autostart_started" module_count=6 concurrency=4
2026-03-05T07:59:16.309809Z  INFO                 main ThreadId(01) fenrir::services::module::runtime: event="module.lifecycle.preflight_started" module_id=athene assigned_port=Some(41002)
2026-03-05T07:59:16.309904Z  INFO                 main ThreadId(01) fenrir::services::module::runtime: event="module.lifecycle.preflight_started" module_id=athene-api assigned_port=Some(41004)
2026-03-05T07:59:16.310039Z  INFO                 main ThreadId(01) fenrir::services::module::runtime: event="module.lifecycle.preflight_started" module_id=athene-web assigned_port=Some(41005)
2026-03-05T07:59:16.310164Z  INFO                 main ThreadId(01) fenrir::services::module::runtime: event="module.lifecycle.preflight_started" module_id=athene-webcomponents assigned_port=Some(41008)
2026-03-05T07:59:16.310212Z  INFO                 main ThreadId(01) fenrir::services::module::runtime: event="module.lifecycle.preflight_passed" module_id=athene assigned_port=Some(41002)
2026-03-05T07:59:16.310656Z  INFO                 main ThreadId(01) fenrir::services::module::gateway: runtime gateway started module=athene endpoint=http://127.0.0.1:63509/call
2026-03-05T07:59:16.331862Z  INFO                 main ThreadId(01) fenrir::services::module::runtime: event="module.lifecycle.boot_started" module_id=athene assigned_port=Some(41002)
2026-03-05T07:59:16.331990Z  INFO                 main ThreadId(01) fenrir::services::module::runtime: event="module.lifecycle.preflight_passed" module_id=athene-api assigned_port=Some(41004)
2026-03-05T07:59:16.332158Z  INFO                 main ThreadId(01) fenrir::services::module::gateway: runtime gateway started module=athene-api endpoint=http://127.0.0.1:63511/call
2026-03-05T07:59:16.353441Z  INFO                 main ThreadId(01) fenrir::services::module::runtime: event="module.lifecycle.boot_started" module_id=athene-api assigned_port=Some(41004)
2026-03-05T07:59:16.353568Z  INFO                 main ThreadId(01) fenrir::services::module::runtime: event="module.lifecycle.preflight_passed" module_id=athene-web assigned_port=Some(41005)
2026-03-05T07:59:16.353736Z  INFO                 main ThreadId(01) fenrir::services::module::gateway: runtime gateway started module=athene-web endpoint=http://127.0.0.1:63513/call
2026-03-05T07:59:16.374634Z  INFO                 main ThreadId(01) fenrir::services::module::runtime: event="module.lifecycle.boot_started" module_id=athene-web assigned_port=Some(41005)
2026-03-05T07:59:16.374765Z  INFO                 main ThreadId(01) fenrir::services::module::runtime: event="module.lifecycle.preflight_passed" module_id=athene-webcomponents assigned_port=Some(41008)
2026-03-05T07:59:16.374922Z  INFO                 main ThreadId(01) fenrir::services::module::gateway: runtime gateway started module=athene-webcomponents endpoint=http://127.0.0.1:63515/call
2026-03-05T07:59:16.395637Z  INFO                 main ThreadId(01) fenrir::services::module::runtime: event="module.lifecycle.boot_started" module_id=athene-webcomponents assigned_port=Some(41008)
2026-03-05T07:59:16.398366Z  INFO                 main ThreadId(01) fenrir::infra::modules::runtime::process: module static server started module_id=athene-web port=41005 root=/Users/jfurocket/Documents/personal/modules/athene-web/dist/browser
2026-03-05T07:59:16.419804Z  WARN                 main ThreadId(01) fenrir::services::module::runtime: event="module.lifecycle.boot_failed" module_id=athene-webcomponents latency_ms=24.141125 error=failed to start module `athene-webcomponents`: no executable module found in /Users/jfurocket/Documents/personal/modules/athene-webcomponents. Searched: athene-webcomponents, bin/athene-webcomponents, athene-webcomponents.exe, bin/athene-webcomponents.exe
2026-03-05T07:59:16.419895Z  WARN                 main ThreadId(01) fenrir::services::module::runtime: auto-start failed module=athene-webcomponents error=failed to start module `athene-webcomponents`: no executable module found in /Users/jfurocket/Documents/personal/modules/athene-webcomponents. Searched: athene-webcomponents, bin/athene-webcomponents, athene-webcomponents.exe, bin/athene-webcomponents.exe
2026-03-05T07:59:16.420688Z  INFO                 main ThreadId(01) fenrir::infra::modules::runtime::process: module process started module_id=athene pid=67529 port=Some(41002)
2026-03-05T07:59:16.421348Z  INFO                 main ThreadId(01) fenrir::infra::modules::runtime::process: module process started module_id=athene-api pid=67530 port=Some(41004)
2026-03-05T07:59:16.442370Z  INFO                 main ThreadId(01) fenrir::services::module::runtime: module started successfully event="module.lifecycle.boot_succeeded" module_id=athene-web pid=None port=Some(41005) latency_ms=67.69437500000001
2026-03-05T07:59:16.464386Z  INFO                 main ThreadId(01) fenrir::services::module::runtime: module started successfully event="module.lifecycle.boot_succeeded" module_id=athene pid=Some(67529) port=Some(41002) latency_ms=132.48766700000002
2026-03-05T07:59:16.485959Z  INFO                 main ThreadId(01) fenrir::services::module::runtime: module started successfully event="module.lifecycle.boot_succeeded" module_id=athene-api pid=Some(67530) port=Some(41004) latency_ms=132.478917
2026-03-05T07:59:16.486942Z  INFO                 main ThreadId(01) fenrir::services::module::runtime: event="module.lifecycle.preflight_started" module_id=auth-service assigned_port=Some(41006)
2026-03-05T07:59:16.487030Z  INFO                 main ThreadId(01) fenrir::services::module::runtime: event="module.lifecycle.preflight_passed" module_id=auth-service assigned_port=Some(41006)
2026-03-05T07:59:16.487177Z  INFO                 main ThreadId(01) fenrir::services::module::gateway: runtime gateway started module=auth-service endpoint=http://127.0.0.1:63528/call
2026-03-05T07:59:16.509053Z  INFO                 main ThreadId(01) fenrir::services::module::runtime: event="module.lifecycle.boot_started" module_id=auth-service assigned_port=Some(41006)
2026-03-05T07:59:16.512715Z  INFO                 main ThreadId(01) fenrir::services::module::runtime: event="module.lifecycle.preflight_started" module_id=notification-service assigned_port=Some(41007)
2026-03-05T07:59:16.512805Z  INFO                 main ThreadId(01) fenrir::services::module::runtime: event="module.lifecycle.preflight_passed" module_id=notification-service assigned_port=Some(41007)
2026-03-05T07:59:16.512968Z  INFO                 main ThreadId(01) fenrir::services::module::gateway: runtime gateway started module=notification-service endpoint=http://127.0.0.1:63530/call
2026-03-05T07:59:16.533795Z  INFO                 main ThreadId(01) fenrir::services::module::runtime: event="module.lifecycle.boot_started" module_id=notification-service assigned_port=Some(41007)
2026-03-05T07:59:16.534482Z  INFO                 main ThreadId(01) fenrir::infra::modules::runtime::process: module process started module_id=auth-service pid=67534 port=Some(41006)
2026-03-05T07:59:16.556209Z  INFO                 main ThreadId(01) fenrir::services::module::runtime: module started successfully event="module.lifecycle.boot_succeeded" module_id=auth-service pid=Some(67534) port=Some(41006) latency_ms=47.100542000000004
2026-03-05T07:59:16.560190Z  INFO                 main ThreadId(01) fenrir::infra::modules::runtime::process: module process started module_id=notification-service pid=67536 port=Some(41007)
2026-03-05T07:59:16.581803Z  INFO                 main ThreadId(01) fenrir::services::module::runtime: module started successfully event="module.lifecycle.boot_succeeded" module_id=notification-service pid=Some(67536) port=Some(41007) latency_ms=47.9605
2026-03-05T07:59:17.081750Z  INFO                 main ThreadId(01) fenrir::services::module::runtime: event="module.lifecycle.autostart_completed" module_count=6 concurrency=4
2026-03-05T07:59:17.082013Z  INFO tokio-runtime-worker ThreadId(14) fenrir::boot::transports: ssh server task spawned
2026-03-05T07:59:17.082049Z  INFO                 main ThreadId(01) fenrir::boot::transports: transport initialisation triggered
2026-03-05T07:59:17.083194Z  INFO tokio-runtime-worker ThreadId(12) fenrir::infra::http::server: HTTP server task spawned
2026-03-05T07:59:17.084865Z  INFO tokio-runtime-worker ThreadId(14) fenrir::infra::ssh::server: starting SSH server host=127.0.0.1 port=2222
2026-03-05T07:59:30.037421Z  INFO tokio-runtime-worker ThreadId(22) fenrir::infra::modules::runtime::process: module static server stopped module_id=athene-web
2026-03-05T07:59:30.089057Z  INFO tokio-runtime-worker ThreadId(22) fenrir::services::module::dev: activating module dev service override module=athene-web services=1
2026-03-05T07:59:30.089608Z  INFO tokio-runtime-worker ThreadId(22) fenrir::services::module::gateway: runtime gateway started module=athene-web endpoint=http://127.0.0.1:63556/call
2026-03-05T08:04:16.308670Z  INFO tokio-runtime-worker ThreadId(24) fenrir::services::scheduler::service: Running scheduled database backup
2026-03-05T08:04:16.308959Z  INFO tokio-runtime-worker ThreadId(24) fenrir::services::backup::service: Starting backup: running pre-flight checks
2026-03-05T08:04:16.413875Z  INFO tokio-runtime-worker ThreadId(17) fenrir::services::backup::service: Pre-backup: forcing checkpoint
2026-03-05T08:04:16.505890Z  INFO tokio-runtime-worker ThreadId(23) fenrir::services::backup::service: Creating backup
2026-03-05T08:04:17.778588Z  INFO tokio-runtime-worker ThreadId(23) fenrir::services::backup::service: Using Unix socket for backup: /opt/fenrir/development/tmp/runtime/db/socket
2026-03-05T08:04:18.620057Z  INFO tokio-runtime-worker ThreadId(23) fenrir::services::backup::service: Refreshing DB state snapshot
2026-03-05T08:04:18.623512Z  INFO tokio-runtime-worker ThreadId(22) fenrir::services::backup::service: DB state snapshot copied to backup
2026-03-05T08:04:18.623526Z  INFO tokio-runtime-worker ThreadId(22) fenrir::services::backup::service: Verifying backup integrity
2026-03-05T08:04:18.623639Z  INFO tokio-runtime-worker ThreadId(22) fenrir::services::backup::service: Rotating old backups (keeping 7)
2026-03-05T08:04:18.624255Z  INFO tokio-runtime-worker ThreadId(22) fenrir::services::backup::service: Removing old backup: /opt/fenrir/development/tmp/runtime/backups/postgres-20260226_140543
2026-03-05T08:04:18.696638Z  INFO tokio-runtime-worker ThreadId(22) fenrir::services::backup::service: Backup complete: /opt/fenrir/development/tmp/runtime/backups/postgres-20260305_080416 (17 MB)
2026-03-05T08:04:18.717010Z  INFO tokio-runtime-worker ThreadId(22) fenrir::services::scheduler::service: Scheduled backup completed successfully path=/opt/fenrir/development/tmp/runtime/backups/postgres-20260305_080416 size_mb=17
2026-03-05T08:19:15.166668Z  INFO tokio-runtime-worker ThreadId(14) fenrir::infra::modules::runtime::process: module stopped module_id=auth-service pid=67534
2026-03-05T08:19:15.196039Z  INFO tokio-runtime-worker ThreadId(17) fenrir::services::module::dev: activating module dev service override module=auth-service services=1
2026-03-05T08:19:15.196572Z  INFO tokio-runtime-worker ThreadId(17) fenrir::services::module::gateway: runtime gateway started module=auth-service endpoint=http://127.0.0.1:49255/call
2026-03-05T08:41:36.047938Z  INFO tokio-runtime-worker ThreadId(17) fenrir::services::module::dev: activating module dev service override module=auth-service services=1
2026-03-05T08:41:36.049024Z  INFO tokio-runtime-worker ThreadId(33) fenrir::services::module::gateway: runtime gateway started module=auth-service endpoint=http://127.0.0.1:51645/call
2026-03-05T08:46:24.911231Z  INFO tokio-runtime-worker ThreadId(17) fenrir::services::module::dev: activating module dev service override module=auth-service services=1
2026-03-05T08:46:24.912109Z  INFO tokio-runtime-worker ThreadId(14) fenrir::services::module::gateway: runtime gateway started module=auth-service endpoint=http://127.0.0.1:52468/call
2026-03-05T08:48:06.698775Z  INFO tokio-runtime-worker ThreadId(43) fenrir::services::module::runtime: restarting module module_id=athene-api
2026-03-05T08:48:06.802691Z  INFO tokio-runtime-worker ThreadId(43) fenrir::infra::modules::runtime::process: module stopped module_id=athene-api pid=67530
2026-03-05T08:48:06.802914Z  INFO tokio-runtime-worker ThreadId(43) fenrir::services::module::runtime: module stopped successfully module_id=athene-api
2026-03-05T08:48:06.827787Z  INFO tokio-runtime-worker ThreadId(43) fenrir::services::module::runtime: event="module.lifecycle.preflight_started" module_id=athene-api assigned_port=Some(41004)
2026-03-05T08:48:06.827870Z  INFO tokio-runtime-worker ThreadId(43) fenrir::services::module::runtime: event="module.lifecycle.preflight_passed" module_id=athene-api assigned_port=Some(41004)
2026-03-05T08:48:06.828039Z  INFO tokio-runtime-worker ThreadId(43) fenrir::services::module::gateway: runtime gateway started module=athene-api endpoint=http://127.0.0.1:53031/call
2026-03-05T08:48:06.848985Z  INFO tokio-runtime-worker ThreadId(43) fenrir::services::module::runtime: event="module.lifecycle.boot_started" module_id=athene-api assigned_port=Some(41004)
2026-03-05T08:48:06.863972Z  INFO tokio-runtime-worker ThreadId(43) fenrir::infra::modules::runtime::process: module process started module_id=athene-api pid=42340 port=Some(41004)
2026-03-05T08:48:06.885684Z  INFO tokio-runtime-worker ThreadId(43) fenrir::services::module::runtime: module started successfully event="module.lifecycle.boot_succeeded" module_id=athene-api pid=Some(42340) port=Some(41004) latency_ms=36.674291999999994
2026-03-05T08:52:51.003782Z  INFO tokio-runtime-worker ThreadId(22) fenrir::infra::modules::runtime::process: module stopped module_id=athene pid=67529
2026-03-05T08:52:51.031075Z  INFO tokio-runtime-worker ThreadId(22) fenrir::services::module::dev: activating module dev service override module=athene services=1
2026-03-05T08:52:51.031380Z  INFO tokio-runtime-worker ThreadId(22) fenrir::services::module::gateway: runtime gateway started module=athene endpoint=http://127.0.0.1:54625/call
