2025-11-26T12:15:24.022153Z  INFO main ThreadId(01) fenrir::infra::logging: dateilogging initialisiert log_path=logs/app.log
2025-11-26T12:15:24.022248Z  INFO main ThreadId(01) fenrir::infra::logging: db-logdatei vorbereitet log_path=logs/db.log
2025-11-26T12:15:24.024012Z  INFO main ThreadId(01) fenrir::boot: core services registered in registry
2025-11-26T12:15:24.024415Z  INFO main ThreadId(01) fenrir::boot: scheduler service started
2025-11-26T12:15:24.024622Z  INFO tokio-runtime-worker ThreadId(14) fenrir::services::scheduler: scheduler heartbeat loop started
2025-11-26T12:15:24.025343Z  INFO                 main ThreadId(01) fenrir::boot: audit log persistence configured path=/opt/fenrir/development/tmp/runtime/audit/fenrir-audit-history.json capacity=2048 retention_hours=24 persist_seconds=30
2025-11-26T12:15:24.031855Z  WARN                 main ThreadId(01) fenrir::infra::modules::verifier: allowlisted signers missing from keyring - signature verification will be skipped for them missing=["module-registry"]
2025-11-26T12:15:24.032706Z  INFO                 main ThreadId(01) fenrir::infra::modules::runtime::process: loaded 0 module states from disk
2025-11-26T12:15:24.054605Z  INFO                 main ThreadId(01) fenrir::infra::http::server: HTTP control-plane authentication via identity broker
2025-11-26T12:15:24.054665Z  INFO                 main ThreadId(01) fenrir::boot: boot complete app=fenrir version=0.1.4
2025-11-26T12:15:24.058020Z  INFO                 main ThreadId(01) fenrir::boot: bootstrap module ready module=fenrir-api version="latest" status=AlreadyCurrent
2025-11-26T12:15:24.058087Z  INFO                 main ThreadId(01) fenrir::boot: transport initialisation triggered
2025-11-26T12:15:24.058134Z  INFO tokio-runtime-worker ThreadId(12) fenrir::boot: ssh server task spawned
2025-11-26T12:15:24.058496Z  INFO tokio-runtime-worker ThreadId(12) fenrir::infra::ssh: starting SSH server host=127.0.0.1 port=2222
2025-11-26T12:15:28.661210Z  INFO tokio-runtime-worker ThreadId(02) thrussh::server::encrypted: pty-req: unknown pty code 42
2025-11-26T12:15:31.246621Z  WARN ThreadId(18) fenrir::infra::modules::storage: Skipping hidden module entry path=/Users/jfurocket/Documents/personal/modules/.cache name=".cache"
2025-11-26T12:15:39.058157Z  WARN tokio-runtime-worker ThreadId(03) fenrir::services::scheduler: db ping failed error=DB-Verbindungsfehler: error connecting to server: Connection refused (os error 61)
2025-11-26T12:15:43.069959Z  WARN ThreadId(50) fenrir::infra::modules::storage: Skipping hidden module entry path=/Users/jfurocket/Documents/personal/modules/.cache name=".cache"
2025-11-26T12:17:39.061079Z  WARN tokio-runtime-worker ThreadId(02) fenrir::services::scheduler: db ping failed error=DB-Verbindungsfehler: error connecting to server: Connection refused (os error 61)
2025-11-26T12:17:51.959143Z  WARN ThreadId(67) fenrir::infra::modules::storage: Skipping hidden module entry path=/Users/jfurocket/Documents/personal/modules/.cache name=".cache"
2025-11-26T12:19:39.066589Z  WARN tokio-runtime-worker ThreadId(12) fenrir::services::scheduler: db ping failed error=DB-Verbindungsfehler: error connecting to server: Connection refused (os error 61)
2025-11-26T12:20:15.116365Z  WARN ThreadId(84) fenrir::infra::modules::storage: Skipping hidden module entry path=/Users/jfurocket/Documents/personal/modules/.cache name=".cache"
2025-11-26T12:21:39.075541Z  WARN tokio-runtime-worker ThreadId(03) fenrir::services::scheduler: db ping failed error=DB-Verbindungsfehler: error connecting to server: Connection refused (os error 61)
2025-11-26T12:23:39.079410Z  WARN tokio-runtime-worker ThreadId(12) fenrir::services::scheduler: db ping failed error=DB-Verbindungsfehler: error connecting to server: Connection refused (os error 61)
2025-11-26T12:25:39.081515Z  WARN tokio-runtime-worker ThreadId(03) fenrir::services::scheduler: db ping failed error=DB-Verbindungsfehler: error connecting to server: Connection refused (os error 61)
