2025-11-27T18:31:04.791009Z  INFO main ThreadId(01) fenrir::infra::logging: dateilogging initialisiert log_path=logs/app.log
2025-11-27T18:31:04.791138Z  INFO main ThreadId(01) fenrir::infra::logging: db-logdatei vorbereitet log_path=logs/db.log
2025-11-27T18:31:04.850150Z  INFO main ThreadId(01) fenrir::boot: core services registered in registry
2025-11-27T18:31:04.850683Z  INFO main ThreadId(01) fenrir::boot: scheduler service started
2025-11-27T18:31:04.850935Z  INFO tokio-runtime-worker ThreadId(15) fenrir::services::scheduler: scheduler heartbeat loop started
2025-11-27T18:31:04.853384Z  INFO                 main ThreadId(01) fenrir::boot: audit log persistence configured path=/opt/fenrir/development/tmp/runtime/audit/fenrir-audit-history.json capacity=2048 retention_hours=24 persist_seconds=30
2025-11-27T18:31:04.859289Z  WARN                 main ThreadId(01) fenrir::infra::modules::verifier: allowlisted signers missing from keyring - signature verification will be skipped for them missing=["module-registry"]
2025-11-27T18:31:04.859989Z  INFO                 main ThreadId(01) fenrir::infra::modules::runtime::process: loaded 2 module states from disk
2025-11-27T18:31:04.860026Z  WARN                 main ThreadId(01) fenrir::infra::modules::runtime::process: module was running but process no longer exists module_id=notification-hub pid=49999
2025-11-27T18:31:04.860038Z  WARN                 main ThreadId(01) fenrir::infra::modules::runtime::process: module was running but process no longer exists module_id=fenrir-api pid=49998
2025-11-27T18:31:04.907904Z  INFO                 main ThreadId(01) fenrir::infra::http::server: HTTP control-plane authentication via identity broker
2025-11-27T18:31:04.907963Z  INFO                 main ThreadId(01) fenrir::boot: boot complete app=fenrir version=0.1.4
2025-11-27T18:31:04.912120Z  INFO                 main ThreadId(01) fenrir::boot: bootstrap module ready module=fenrir-api version="latest" status=AlreadyCurrent
2025-11-27T18:31:04.913295Z  WARN                 main ThreadId(01) fenrir::infra::modules::storage: Skipping hidden module entry path=/Users/jfurocket/Documents/personal/modules/.cache name=".cache"
2025-11-27T18:31:04.915144Z  INFO                 main ThreadId(01) fenrir::infra::modules::runtime::process: module process started module_id=fenrir-api pid=51327 port=None
2025-11-27T18:31:04.915588Z  INFO                 main ThreadId(01) fenrir::services::module: module started successfully module_id=fenrir-api pid=Some(51327) port=None
2025-11-27T18:31:04.916753Z  INFO                 main ThreadId(01) fenrir::infra::modules::runtime::process: module process started module_id=notification-hub pid=51328 port=None
2025-11-27T18:31:04.916955Z  INFO                 main ThreadId(01) fenrir::services::module: module started successfully module_id=notification-hub pid=Some(51328) port=None
2025-11-27T18:31:04.917023Z  INFO tokio-runtime-worker ThreadId(12) fenrir::boot: ssh server task spawned
2025-11-27T18:31:04.917040Z  INFO                 main ThreadId(01) fenrir::boot: transport initialisation triggered
2025-11-27T18:31:04.917303Z  INFO tokio-runtime-worker ThreadId(12) fenrir::infra::ssh: starting SSH server host=127.0.0.1 port=2222
2025-11-27T18:31:04.917596Z  INFO tokio-runtime-worker ThreadId(15) fenrir::infra::http::server: HTTP server task spawned
2025-11-27T18:31:09.909885Z  INFO tokio-runtime-worker ThreadId(13) thrussh::server::encrypted: pty-req: unknown pty code 42
2025-11-27T18:31:11.732879Z  WARN ThreadId(19) fenrir::infra::modules::storage: Skipping hidden module entry path=/Users/jfurocket/Documents/personal/modules/.cache name=".cache"
2025-11-27T18:31:16.544006Z  WARN ThreadId(51) fenrir::infra::modules::storage: Skipping hidden module entry path=/Users/jfurocket/Documents/personal/modules/.cache name=".cache"
2025-11-27T18:31:39.084911Z  WARN ThreadId(84) fenrir::infra::modules::storage: Skipping hidden module entry path=/Users/jfurocket/Documents/personal/modules/.cache name=".cache"
2025-11-27T18:31:39.889333Z  INFO tokio-runtime-worker ThreadId(04) fenrir::infra::modules::runtime::process: module stopped module_id=fenrir-api pid=51327
2025-11-27T18:31:40.393223Z  INFO tokio-runtime-worker ThreadId(08) fenrir::infra::modules::runtime::process: module stopped module_id=notification-hub pid=51328
2025-11-27T18:31:40.395344Z  INFO tokio-runtime-worker ThreadId(08) fenrir::services::module: activating module dev service override module=fenrir-api services=1
