2025-12-10T09:37:43.992377Z  INFO main ThreadId(01) fenrir::infra::logging::init: file logging initialized log_path=logs/app.log
2025-12-10T09:37:43.992531Z  INFO main ThreadId(01) fenrir::infra::logging::init: db log file prepared log_path=logs/db.log
2025-12-10T09:37:44.018366Z  INFO main ThreadId(01) fenrir::boot::startup: core services registered in registry
2025-12-10T09:37:44.019224Z  INFO main ThreadId(01) fenrir::boot::startup: scheduler service started
2025-12-10T09:37:44.019548Z  INFO tokio-runtime-worker ThreadId(15) fenrir::services::scheduler::service: scheduler heartbeat loop started
2025-12-10T09:37:44.020023Z  INFO                 main ThreadId(01) fenrir::boot::startup: audit log persistence configured path=/opt/fenrir/development/tmp/runtime/audit/fenrir-audit-history.json capacity=2048 retention_hours=24 persist_seconds=30
2025-12-10T09:37:44.027738Z  INFO                 main ThreadId(01) fenrir::infra::modules::runtime::process: loaded 2 module states from disk
2025-12-10T09:37:44.027809Z  WARN                 main ThreadId(01) fenrir::infra::modules::runtime::process: module was running but process no longer exists module_id=fenrir-api pid=881
2025-12-10T09:37:44.027821Z  WARN                 main ThreadId(01) fenrir::infra::modules::runtime::process: module was running but process no longer exists module_id=notification-hub pid=97735
2025-12-10T09:37:44.040307Z  INFO                 main ThreadId(01) fenrir::infra::http::server: HTTP control-plane authentication via identity broker with static token fallback
2025-12-10T09:37:44.040439Z  INFO                 main ThreadId(01) fenrir::boot::startup: boot complete app=fenrir version=0.1.4
2025-12-10T09:37:44.041157Z  INFO                 main ThreadId(01) fenrir::infra::db::connector: db connector ipc socket ready path=/opt/fenrir/development/tmp/ipc/db-connector.sock
2025-12-10T09:37:44.041218Z  INFO tokio-runtime-worker ThreadId(15) fenrir::infra::db::connector: db connector task started task="db-connector-ipc"
2025-12-10T09:37:44.041919Z  WARN                 main ThreadId(01) fenrir::infra::modules::storage: Skipping hidden module entry path=/Users/jfurocket/Documents/personal/modules/.fenrir-backups name=".fenrir-backups"
2025-12-10T09:37:44.042167Z  WARN                 main ThreadId(01) fenrir::infra::modules::storage: Skipping hidden module entry path=/Users/jfurocket/Documents/personal/modules/.cache name=".cache"
2025-12-10T09:37:44.045366Z  INFO                 main ThreadId(01) fenrir::infra::modules::runtime::process: module process started module_id=fenrir-api pid=8141 port=Some(41000)
2025-12-10T09:37:44.046124Z  INFO                 main ThreadId(01) fenrir::services::module::runtime: module started successfully module_id=fenrir-api pid=Some(8141) port=Some(41000)
2025-12-10T09:37:44.256692Z  INFO                 main ThreadId(01) fenrir::infra::modules::runtime::process: module process started module_id=notification-hub pid=8142 port=Some(41001)
2025-12-10T09:37:44.257101Z  INFO                 main ThreadId(01) fenrir::services::module::runtime: module started successfully module_id=notification-hub pid=Some(8142) port=Some(41001)
2025-12-10T09:37:44.464313Z  INFO                 main ThreadId(01) fenrir::boot::transports: transport initialisation triggered
2025-12-10T09:37:44.464316Z  INFO tokio-runtime-worker ThreadId(15) fenrir::boot::transports: ssh server task spawned
2025-12-10T09:37:44.464924Z  INFO tokio-runtime-worker ThreadId(15) fenrir::infra::ssh::server: starting SSH server host=127.0.0.1 port=2222
2025-12-10T09:37:44.465393Z  INFO tokio-runtime-worker ThreadId(09) fenrir::infra::http::server: HTTP server task spawned
2025-12-10T09:37:46.812037Z  WARN tokio-runtime-worker ThreadId(10) fenrir::infra::modules::storage: Skipping hidden module entry path=/Users/jfurocket/Documents/personal/modules/.fenrir-backups name=".fenrir-backups"
2025-12-10T09:37:46.812428Z  WARN tokio-runtime-worker ThreadId(10) fenrir::infra::modules::storage: Skipping hidden module entry path=/Users/jfurocket/Documents/personal/modules/.cache name=".cache"
2025-12-10T09:37:46.895732Z  WARN tokio-runtime-worker ThreadId(09) fenrir::infra::modules::storage: Skipping hidden module entry path=/Users/jfurocket/Documents/personal/modules/.fenrir-backups name=".fenrir-backups"
2025-12-10T09:37:46.896252Z  WARN tokio-runtime-worker ThreadId(09) fenrir::infra::modules::storage: Skipping hidden module entry path=/Users/jfurocket/Documents/personal/modules/.cache name=".cache"
2025-12-10T09:37:59.046562Z  WARN tokio-runtime-worker ThreadId(15) fenrir::services::scheduler::service: db ping failed error=db connection error: error connecting to server: Connection refused (os error 61)
2025-12-10T09:38:01.918377Z  WARN tokio-runtime-worker ThreadId(17) fenrir::infra::modules::storage: Skipping hidden module entry path=/Users/jfurocket/Documents/personal/modules/.fenrir-backups name=".fenrir-backups"
2025-12-10T09:38:01.919353Z  WARN tokio-runtime-worker ThreadId(17) fenrir::infra::modules::storage: Skipping hidden module entry path=/Users/jfurocket/Documents/personal/modules/.cache name=".cache"
2025-12-10T09:38:16.920335Z  WARN tokio-runtime-worker ThreadId(17) fenrir::infra::modules::storage: Skipping hidden module entry path=/Users/jfurocket/Documents/personal/modules/.fenrir-backups name=".fenrir-backups"
2025-12-10T09:38:16.922670Z  WARN tokio-runtime-worker ThreadId(10) fenrir::infra::modules::storage: Skipping hidden module entry path=/Users/jfurocket/Documents/personal/modules/.cache name=".cache"
2025-12-10T09:38:24.613308Z  WARN tokio-runtime-worker ThreadId(10) fenrir::infra::modules::storage: Skipping hidden module entry path=/Users/jfurocket/Documents/personal/modules/.fenrir-backups name=".fenrir-backups"
2025-12-10T09:38:24.613877Z  WARN tokio-runtime-worker ThreadId(10) fenrir::infra::modules::storage: Skipping hidden module entry path=/Users/jfurocket/Documents/personal/modules/.cache name=".cache"
2025-12-10T09:38:24.737908Z  WARN tokio-runtime-worker ThreadId(15) fenrir::infra::modules::storage: Skipping hidden module entry path=/Users/jfurocket/Documents/personal/modules/.fenrir-backups name=".fenrir-backups"
2025-12-10T09:38:24.738381Z  WARN tokio-runtime-worker ThreadId(15) fenrir::infra::modules::storage: Skipping hidden module entry path=/Users/jfurocket/Documents/personal/modules/.cache name=".cache"
2025-12-10T09:38:39.788724Z  WARN tokio-runtime-worker ThreadId(10) fenrir::infra::modules::storage: Skipping hidden module entry path=/Users/jfurocket/Documents/personal/modules/.fenrir-backups name=".fenrir-backups"
2025-12-10T09:38:39.789777Z  WARN tokio-runtime-worker ThreadId(17) fenrir::infra::modules::storage: Skipping hidden module entry path=/Users/jfurocket/Documents/personal/modules/.cache name=".cache"
2025-12-10T09:38:46.789829Z  WARN tokio-runtime-worker ThreadId(09) fenrir::infra::modules::storage: Skipping hidden module entry path=/Users/jfurocket/Documents/personal/modules/.fenrir-backups name=".fenrir-backups"
2025-12-10T09:38:46.791845Z  WARN tokio-runtime-worker ThreadId(17) fenrir::infra::modules::storage: Skipping hidden module entry path=/Users/jfurocket/Documents/personal/modules/.cache name=".cache"
2025-12-10T09:38:50.007664Z  WARN tokio-runtime-worker ThreadId(09) fenrir::infra::modules::storage: Skipping hidden module entry path=/Users/jfurocket/Documents/personal/modules/.fenrir-backups name=".fenrir-backups"
2025-12-10T09:38:50.008067Z  WARN tokio-runtime-worker ThreadId(09) fenrir::infra::modules::storage: Skipping hidden module entry path=/Users/jfurocket/Documents/personal/modules/.cache name=".cache"
2025-12-10T09:38:50.036004Z  WARN tokio-runtime-worker ThreadId(17) fenrir::infra::modules::storage: Skipping hidden module entry path=/Users/jfurocket/Documents/personal/modules/.fenrir-backups name=".fenrir-backups"
2025-12-10T09:38:50.036448Z  WARN tokio-runtime-worker ThreadId(17) fenrir::infra::modules::storage: Skipping hidden module entry path=/Users/jfurocket/Documents/personal/modules/.cache name=".cache"
2025-12-10T09:39:05.077469Z  WARN tokio-runtime-worker ThreadId(17) fenrir::infra::modules::storage: Skipping hidden module entry path=/Users/jfurocket/Documents/personal/modules/.fenrir-backups name=".fenrir-backups"
2025-12-10T09:39:05.078690Z  WARN tokio-runtime-worker ThreadId(17) fenrir::infra::modules::storage: Skipping hidden module entry path=/Users/jfurocket/Documents/personal/modules/.cache name=".cache"
2025-12-10T09:39:20.078057Z  WARN tokio-runtime-worker ThreadId(09) fenrir::infra::modules::storage: Skipping hidden module entry path=/Users/jfurocket/Documents/personal/modules/.fenrir-backups name=".fenrir-backups"
2025-12-10T09:39:20.079158Z  WARN tokio-runtime-worker ThreadId(09) fenrir::infra::modules::storage: Skipping hidden module entry path=/Users/jfurocket/Documents/personal/modules/.cache name=".cache"
2025-12-10T09:39:35.081975Z  WARN tokio-runtime-worker ThreadId(15) fenrir::infra::modules::storage: Skipping hidden module entry path=/Users/jfurocket/Documents/personal/modules/.fenrir-backups name=".fenrir-backups"
2025-12-10T09:39:35.082519Z  WARN tokio-runtime-worker ThreadId(10) fenrir::infra::modules::storage: Skipping hidden module entry path=/Users/jfurocket/Documents/personal/modules/.cache name=".cache"
2025-12-10T09:39:50.080221Z  WARN tokio-runtime-worker ThreadId(09) fenrir::infra::modules::storage: Skipping hidden module entry path=/Users/jfurocket/Documents/personal/modules/.fenrir-backups name=".fenrir-backups"
2025-12-10T09:39:50.081247Z  WARN tokio-runtime-worker ThreadId(09) fenrir::infra::modules::storage: Skipping hidden module entry path=/Users/jfurocket/Documents/personal/modules/.cache name=".cache"
2025-12-10T09:39:59.050619Z  WARN tokio-runtime-worker ThreadId(17) fenrir::services::scheduler::service: db ping failed error=db connection error: error connecting to server: Connection refused (os error 61)
2025-12-10T09:40:05.079663Z  WARN tokio-runtime-worker ThreadId(09) fenrir::infra::modules::storage: Skipping hidden module entry path=/Users/jfurocket/Documents/personal/modules/.fenrir-backups name=".fenrir-backups"
2025-12-10T09:40:05.080724Z  WARN tokio-runtime-worker ThreadId(09) fenrir::infra::modules::storage: Skipping hidden module entry path=/Users/jfurocket/Documents/personal/modules/.cache name=".cache"
2025-12-10T09:40:20.079725Z  WARN tokio-runtime-worker ThreadId(17) fenrir::infra::modules::storage: Skipping hidden module entry path=/Users/jfurocket/Documents/personal/modules/.fenrir-backups name=".fenrir-backups"
2025-12-10T09:40:20.080347Z  WARN tokio-runtime-worker ThreadId(17) fenrir::infra::modules::storage: Skipping hidden module entry path=/Users/jfurocket/Documents/personal/modules/.cache name=".cache"
2025-12-10T09:40:35.079586Z  WARN tokio-runtime-worker ThreadId(10) fenrir::infra::modules::storage: Skipping hidden module entry path=/Users/jfurocket/Documents/personal/modules/.fenrir-backups name=".fenrir-backups"
2025-12-10T09:40:35.080495Z  WARN tokio-runtime-worker ThreadId(17) fenrir::infra::modules::storage: Skipping hidden module entry path=/Users/jfurocket/Documents/personal/modules/.cache name=".cache"
2025-12-10T09:40:50.078937Z  WARN tokio-runtime-worker ThreadId(17) fenrir::infra::modules::storage: Skipping hidden module entry path=/Users/jfurocket/Documents/personal/modules/.fenrir-backups name=".fenrir-backups"
2025-12-10T09:40:50.079594Z  WARN tokio-runtime-worker ThreadId(09) fenrir::infra::modules::storage: Skipping hidden module entry path=/Users/jfurocket/Documents/personal/modules/.cache name=".cache"
2025-12-10T09:41:05.080817Z  WARN tokio-runtime-worker ThreadId(09) fenrir::infra::modules::storage: Skipping hidden module entry path=/Users/jfurocket/Documents/personal/modules/.fenrir-backups name=".fenrir-backups"
2025-12-10T09:41:05.081296Z  WARN tokio-runtime-worker ThreadId(09) fenrir::infra::modules::storage: Skipping hidden module entry path=/Users/jfurocket/Documents/personal/modules/.cache name=".cache"
2025-12-10T09:41:20.078735Z  WARN tokio-runtime-worker ThreadId(10) fenrir::infra::modules::storage: Skipping hidden module entry path=/Users/jfurocket/Documents/personal/modules/.fenrir-backups name=".fenrir-backups"
2025-12-10T09:41:20.079894Z  WARN tokio-runtime-worker ThreadId(10) fenrir::infra::modules::storage: Skipping hidden module entry path=/Users/jfurocket/Documents/personal/modules/.cache name=".cache"
2025-12-10T09:41:35.077853Z  WARN tokio-runtime-worker ThreadId(17) fenrir::infra::modules::storage: Skipping hidden module entry path=/Users/jfurocket/Documents/personal/modules/.fenrir-backups name=".fenrir-backups"
2025-12-10T09:41:35.078585Z  WARN tokio-runtime-worker ThreadId(15) fenrir::infra::modules::storage: Skipping hidden module entry path=/Users/jfurocket/Documents/personal/modules/.cache name=".cache"
2025-12-10T09:41:50.081503Z  WARN tokio-runtime-worker ThreadId(10) fenrir::infra::modules::storage: Skipping hidden module entry path=/Users/jfurocket/Documents/personal/modules/.fenrir-backups name=".fenrir-backups"
2025-12-10T09:41:50.082164Z  WARN tokio-runtime-worker ThreadId(10) fenrir::infra::modules::storage: Skipping hidden module entry path=/Users/jfurocket/Documents/personal/modules/.cache name=".cache"
2025-12-10T09:41:59.053457Z  WARN tokio-runtime-worker ThreadId(15) fenrir::services::scheduler::service: db ping failed error=db connection error: error connecting to server: Connection refused (os error 61)
2025-12-10T09:42:05.078230Z  WARN tokio-runtime-worker ThreadId(15) fenrir::infra::modules::storage: Skipping hidden module entry path=/Users/jfurocket/Documents/personal/modules/.fenrir-backups name=".fenrir-backups"
2025-12-10T09:42:05.078891Z  WARN tokio-runtime-worker ThreadId(15) fenrir::infra::modules::storage: Skipping hidden module entry path=/Users/jfurocket/Documents/personal/modules/.cache name=".cache"
2025-12-10T09:42:20.078905Z  WARN tokio-runtime-worker ThreadId(09) fenrir::infra::modules::storage: Skipping hidden module entry path=/Users/jfurocket/Documents/personal/modules/.fenrir-backups name=".fenrir-backups"
2025-12-10T09:42:20.079529Z  WARN tokio-runtime-worker ThreadId(09) fenrir::infra::modules::storage: Skipping hidden module entry path=/Users/jfurocket/Documents/personal/modules/.cache name=".cache"
2025-12-10T09:42:35.078007Z  WARN tokio-runtime-worker ThreadId(10) fenrir::infra::modules::storage: Skipping hidden module entry path=/Users/jfurocket/Documents/personal/modules/.fenrir-backups name=".fenrir-backups"
2025-12-10T09:42:35.078516Z  WARN tokio-runtime-worker ThreadId(10) fenrir::infra::modules::storage: Skipping hidden module entry path=/Users/jfurocket/Documents/personal/modules/.cache name=".cache"
2025-12-10T09:42:50.078252Z  WARN tokio-runtime-worker ThreadId(17) fenrir::infra::modules::storage: Skipping hidden module entry path=/Users/jfurocket/Documents/personal/modules/.fenrir-backups name=".fenrir-backups"
2025-12-10T09:42:50.078878Z  WARN tokio-runtime-worker ThreadId(15) fenrir::infra::modules::storage: Skipping hidden module entry path=/Users/jfurocket/Documents/personal/modules/.cache name=".cache"
2025-12-10T09:43:05.077567Z  WARN tokio-runtime-worker ThreadId(15) fenrir::infra::modules::storage: Skipping hidden module entry path=/Users/jfurocket/Documents/personal/modules/.fenrir-backups name=".fenrir-backups"
2025-12-10T09:43:05.078377Z  WARN tokio-runtime-worker ThreadId(15) fenrir::infra::modules::storage: Skipping hidden module entry path=/Users/jfurocket/Documents/personal/modules/.cache name=".cache"
2025-12-10T09:43:20.080781Z  WARN tokio-runtime-worker ThreadId(10) fenrir::infra::modules::storage: Skipping hidden module entry path=/Users/jfurocket/Documents/personal/modules/.fenrir-backups name=".fenrir-backups"
2025-12-10T09:43:20.081356Z  WARN tokio-runtime-worker ThreadId(09) fenrir::infra::modules::storage: Skipping hidden module entry path=/Users/jfurocket/Documents/personal/modules/.cache name=".cache"
2025-12-10T09:43:35.077364Z  WARN tokio-runtime-worker ThreadId(10) fenrir::infra::modules::storage: Skipping hidden module entry path=/Users/jfurocket/Documents/personal/modules/.fenrir-backups name=".fenrir-backups"
2025-12-10T09:43:35.078223Z  WARN tokio-runtime-worker ThreadId(10) fenrir::infra::modules::storage: Skipping hidden module entry path=/Users/jfurocket/Documents/personal/modules/.cache name=".cache"
2025-12-10T09:43:50.079879Z  WARN tokio-runtime-worker ThreadId(15) fenrir::infra::modules::storage: Skipping hidden module entry path=/Users/jfurocket/Documents/personal/modules/.fenrir-backups name=".fenrir-backups"
2025-12-10T09:43:50.080454Z  WARN tokio-runtime-worker ThreadId(15) fenrir::infra::modules::storage: Skipping hidden module entry path=/Users/jfurocket/Documents/personal/modules/.cache name=".cache"
2025-12-10T09:43:59.057814Z  WARN tokio-runtime-worker ThreadId(15) fenrir::services::scheduler::service: db ping failed error=db connection error: error connecting to server: Connection refused (os error 61)
2025-12-10T09:44:05.078914Z  WARN tokio-runtime-worker ThreadId(17) fenrir::infra::modules::storage: Skipping hidden module entry path=/Users/jfurocket/Documents/personal/modules/.fenrir-backups name=".fenrir-backups"
2025-12-10T09:44:05.081476Z  WARN tokio-runtime-worker ThreadId(17) fenrir::infra::modules::storage: Skipping hidden module entry path=/Users/jfurocket/Documents/personal/modules/.cache name=".cache"
2025-12-10T09:44:20.085462Z  WARN tokio-runtime-worker ThreadId(15) fenrir::infra::modules::storage: Skipping hidden module entry path=/Users/jfurocket/Documents/personal/modules/.fenrir-backups name=".fenrir-backups"
2025-12-10T09:44:20.086574Z  WARN tokio-runtime-worker ThreadId(15) fenrir::infra::modules::storage: Skipping hidden module entry path=/Users/jfurocket/Documents/personal/modules/.cache name=".cache"
2025-12-10T09:44:35.079746Z  WARN tokio-runtime-worker ThreadId(09) fenrir::infra::modules::storage: Skipping hidden module entry path=/Users/jfurocket/Documents/personal/modules/.fenrir-backups name=".fenrir-backups"
2025-12-10T09:44:35.080464Z  WARN tokio-runtime-worker ThreadId(10) fenrir::infra::modules::storage: Skipping hidden module entry path=/Users/jfurocket/Documents/personal/modules/.cache name=".cache"
2025-12-10T09:44:50.078531Z  WARN tokio-runtime-worker ThreadId(09) fenrir::infra::modules::storage: Skipping hidden module entry path=/Users/jfurocket/Documents/personal/modules/.fenrir-backups name=".fenrir-backups"
2025-12-10T09:44:50.079410Z  WARN tokio-runtime-worker ThreadId(09) fenrir::infra::modules::storage: Skipping hidden module entry path=/Users/jfurocket/Documents/personal/modules/.cache name=".cache"
2025-12-10T09:45:05.081785Z  WARN tokio-runtime-worker ThreadId(10) fenrir::infra::modules::storage: Skipping hidden module entry path=/Users/jfurocket/Documents/personal/modules/.fenrir-backups name=".fenrir-backups"
2025-12-10T09:45:05.083555Z  WARN tokio-runtime-worker ThreadId(15) fenrir::infra::modules::storage: Skipping hidden module entry path=/Users/jfurocket/Documents/personal/modules/.cache name=".cache"
2025-12-10T09:45:20.077504Z  WARN tokio-runtime-worker ThreadId(15) fenrir::infra::modules::storage: Skipping hidden module entry path=/Users/jfurocket/Documents/personal/modules/.fenrir-backups name=".fenrir-backups"
2025-12-10T09:45:20.077648Z  WARN tokio-runtime-worker ThreadId(15) fenrir::infra::modules::storage: Skipping hidden module entry path=/Users/jfurocket/Documents/personal/modules/.cache name=".cache"
2025-12-10T09:45:35.078822Z  WARN tokio-runtime-worker ThreadId(10) fenrir::infra::modules::storage: Skipping hidden module entry path=/Users/jfurocket/Documents/personal/modules/.fenrir-backups name=".fenrir-backups"
2025-12-10T09:45:35.079489Z  WARN tokio-runtime-worker ThreadId(09) fenrir::infra::modules::storage: Skipping hidden module entry path=/Users/jfurocket/Documents/personal/modules/.cache name=".cache"
2025-12-10T09:45:50.081362Z  WARN tokio-runtime-worker ThreadId(17) fenrir::infra::modules::storage: Skipping hidden module entry path=/Users/jfurocket/Documents/personal/modules/.fenrir-backups name=".fenrir-backups"
2025-12-10T09:45:50.082168Z  WARN tokio-runtime-worker ThreadId(17) fenrir::infra::modules::storage: Skipping hidden module entry path=/Users/jfurocket/Documents/personal/modules/.cache name=".cache"
2025-12-10T09:45:59.062438Z  WARN tokio-runtime-worker ThreadId(10) fenrir::services::scheduler::service: db ping failed error=db connection error: error connecting to server: Connection refused (os error 61)
2025-12-10T09:46:05.081836Z  WARN tokio-runtime-worker ThreadId(17) fenrir::infra::modules::storage: Skipping hidden module entry path=/Users/jfurocket/Documents/personal/modules/.fenrir-backups name=".fenrir-backups"
2025-12-10T09:46:05.082510Z  WARN tokio-runtime-worker ThreadId(17) fenrir::infra::modules::storage: Skipping hidden module entry path=/Users/jfurocket/Documents/personal/modules/.cache name=".cache"
2025-12-10T09:46:20.080636Z  WARN tokio-runtime-worker ThreadId(10) fenrir::infra::modules::storage: Skipping hidden module entry path=/Users/jfurocket/Documents/personal/modules/.fenrir-backups name=".fenrir-backups"
2025-12-10T09:46:20.081372Z  WARN tokio-runtime-worker ThreadId(10) fenrir::infra::modules::storage: Skipping hidden module entry path=/Users/jfurocket/Documents/personal/modules/.cache name=".cache"
2025-12-10T09:46:35.079401Z  WARN tokio-runtime-worker ThreadId(17) fenrir::infra::modules::storage: Skipping hidden module entry path=/Users/jfurocket/Documents/personal/modules/.fenrir-backups name=".fenrir-backups"
2025-12-10T09:46:35.080130Z  WARN tokio-runtime-worker ThreadId(17) fenrir::infra::modules::storage: Skipping hidden module entry path=/Users/jfurocket/Documents/personal/modules/.cache name=".cache"
2025-12-10T09:46:50.077224Z  WARN tokio-runtime-worker ThreadId(10) fenrir::infra::modules::storage: Skipping hidden module entry path=/Users/jfurocket/Documents/personal/modules/.fenrir-backups name=".fenrir-backups"
2025-12-10T09:46:50.077600Z  WARN tokio-runtime-worker ThreadId(10) fenrir::infra::modules::storage: Skipping hidden module entry path=/Users/jfurocket/Documents/personal/modules/.cache name=".cache"
2025-12-10T09:47:05.077942Z  WARN tokio-runtime-worker ThreadId(15) fenrir::infra::modules::storage: Skipping hidden module entry path=/Users/jfurocket/Documents/personal/modules/.fenrir-backups name=".fenrir-backups"
2025-12-10T09:47:05.078383Z  WARN tokio-runtime-worker ThreadId(09) fenrir::infra::modules::storage: Skipping hidden module entry path=/Users/jfurocket/Documents/personal/modules/.cache name=".cache"
2025-12-10T09:47:20.076871Z  WARN tokio-runtime-worker ThreadId(17) fenrir::infra::modules::storage: Skipping hidden module entry path=/Users/jfurocket/Documents/personal/modules/.fenrir-backups name=".fenrir-backups"
2025-12-10T09:47:20.077181Z  WARN tokio-runtime-worker ThreadId(15) fenrir::infra::modules::storage: Skipping hidden module entry path=/Users/jfurocket/Documents/personal/modules/.cache name=".cache"
2025-12-10T09:47:35.079737Z  WARN tokio-runtime-worker ThreadId(10) fenrir::infra::modules::storage: Skipping hidden module entry path=/Users/jfurocket/Documents/personal/modules/.fenrir-backups name=".fenrir-backups"
2025-12-10T09:47:35.080628Z  WARN tokio-runtime-worker ThreadId(10) fenrir::infra::modules::storage: Skipping hidden module entry path=/Users/jfurocket/Documents/personal/modules/.cache name=".cache"
2025-12-10T09:47:49.246788Z  WARN tokio-runtime-worker ThreadId(17) fenrir::infra::modules::storage: Skipping hidden module entry path=/Users/jfurocket/Documents/personal/modules/.fenrir-backups name=".fenrir-backups"
2025-12-10T09:47:49.247442Z  WARN tokio-runtime-worker ThreadId(17) fenrir::infra::modules::storage: Skipping hidden module entry path=/Users/jfurocket/Documents/personal/modules/.cache name=".cache"
2025-12-10T09:47:50.080523Z  WARN tokio-runtime-worker ThreadId(10) fenrir::infra::modules::storage: Skipping hidden module entry path=/Users/jfurocket/Documents/personal/modules/.fenrir-backups name=".fenrir-backups"
2025-12-10T09:47:50.081174Z  WARN tokio-runtime-worker ThreadId(09) fenrir::infra::modules::storage: Skipping hidden module entry path=/Users/jfurocket/Documents/personal/modules/.cache name=".cache"
2025-12-10T09:47:59.099686Z  WARN tokio-runtime-worker ThreadId(17) fenrir::services::scheduler::service: db ping failed error=db connection error: error connecting to server: Connection refused (os error 61)
2025-12-10T09:48:05.080640Z  WARN tokio-runtime-worker ThreadId(17) fenrir::infra::modules::storage: Skipping hidden module entry path=/Users/jfurocket/Documents/personal/modules/.fenrir-backups name=".fenrir-backups"
2025-12-10T09:48:05.081791Z  WARN tokio-runtime-worker ThreadId(15) fenrir::infra::modules::storage: Skipping hidden module entry path=/Users/jfurocket/Documents/personal/modules/.cache name=".cache"
2025-12-10T09:48:20.080857Z  WARN tokio-runtime-worker ThreadId(17) fenrir::infra::modules::storage: Skipping hidden module entry path=/Users/jfurocket/Documents/personal/modules/.fenrir-backups name=".fenrir-backups"
2025-12-10T09:48:20.081398Z  WARN tokio-runtime-worker ThreadId(17) fenrir::infra::modules::storage: Skipping hidden module entry path=/Users/jfurocket/Documents/personal/modules/.cache name=".cache"
2025-12-10T09:48:22.571459Z  WARN tokio-runtime-worker ThreadId(09) fenrir::infra::modules::storage: Skipping hidden module entry path=/Users/jfurocket/Documents/personal/modules/.fenrir-backups name=".fenrir-backups"
2025-12-10T09:48:22.573500Z  WARN tokio-runtime-worker ThreadId(14) fenrir::infra::modules::storage: Skipping hidden module entry path=/Users/jfurocket/Documents/personal/modules/.cache name=".cache"
2025-12-10T09:49:59.105087Z  WARN tokio-runtime-worker ThreadId(17) fenrir::services::scheduler::service: db ping failed error=db connection error: error connecting to server: Connection refused (os error 61)
2025-12-10T09:51:59.089246Z  WARN tokio-runtime-worker ThreadId(17) fenrir::services::scheduler::service: db ping failed error=db connection error: error connecting to server: Connection refused (os error 61)
2025-12-10T09:53:59.091618Z  WARN tokio-runtime-worker ThreadId(17) fenrir::services::scheduler::service: db ping failed error=db connection error: error connecting to server: Connection refused (os error 61)
2025-12-10T09:55:59.095979Z  WARN tokio-runtime-worker ThreadId(09) fenrir::services::scheduler::service: db ping failed error=db connection error: error connecting to server: Connection refused (os error 61)
2025-12-10T09:57:59.098468Z  WARN tokio-runtime-worker ThreadId(09) fenrir::services::scheduler::service: db ping failed error=db connection error: error connecting to server: Connection refused (os error 61)
2025-12-10T09:58:04.717731Z  WARN tokio-runtime-worker ThreadId(09) fenrir::infra::modules::storage: Skipping hidden module entry path=/Users/jfurocket/Documents/personal/modules/.fenrir-backups name=".fenrir-backups"
2025-12-10T09:58:04.719466Z  WARN tokio-runtime-worker ThreadId(15) fenrir::infra::modules::storage: Skipping hidden module entry path=/Users/jfurocket/Documents/personal/modules/.cache name=".cache"
2025-12-10T09:58:06.505625Z  WARN tokio-runtime-worker ThreadId(10) fenrir::infra::modules::storage: Skipping hidden module entry path=/Users/jfurocket/Documents/personal/modules/.fenrir-backups name=".fenrir-backups"
2025-12-10T09:58:06.506197Z  WARN tokio-runtime-worker ThreadId(10) fenrir::infra::modules::storage: Skipping hidden module entry path=/Users/jfurocket/Documents/personal/modules/.cache name=".cache"
2025-12-10T09:58:21.599708Z  WARN tokio-runtime-worker ThreadId(09) fenrir::infra::modules::storage: Skipping hidden module entry path=/Users/jfurocket/Documents/personal/modules/.fenrir-backups name=".fenrir-backups"
2025-12-10T09:58:21.600248Z  WARN tokio-runtime-worker ThreadId(09) fenrir::infra::modules::storage: Skipping hidden module entry path=/Users/jfurocket/Documents/personal/modules/.cache name=".cache"
2025-12-10T09:58:28.819457Z  WARN tokio-runtime-worker ThreadId(15) fenrir::infra::modules::storage: Skipping hidden module entry path=/Users/jfurocket/Documents/personal/modules/.fenrir-backups name=".fenrir-backups"
2025-12-10T09:58:28.819826Z  WARN tokio-runtime-worker ThreadId(15) fenrir::infra::modules::storage: Skipping hidden module entry path=/Users/jfurocket/Documents/personal/modules/.cache name=".cache"
2025-12-10T09:58:46.940114Z  WARN tokio-runtime-worker ThreadId(10) fenrir::infra::modules::storage: Skipping hidden module entry path=/Users/jfurocket/Documents/personal/modules/.fenrir-backups name=".fenrir-backups"
2025-12-10T09:58:46.940561Z  WARN tokio-runtime-worker ThreadId(10) fenrir::infra::modules::storage: Skipping hidden module entry path=/Users/jfurocket/Documents/personal/modules/.cache name=".cache"
2025-12-10T09:58:47.009633Z  WARN tokio-runtime-worker ThreadId(17) fenrir::infra::modules::storage: Skipping hidden module entry path=/Users/jfurocket/Documents/personal/modules/.fenrir-backups name=".fenrir-backups"
2025-12-10T09:58:47.010237Z  WARN tokio-runtime-worker ThreadId(17) fenrir::infra::modules::storage: Skipping hidden module entry path=/Users/jfurocket/Documents/personal/modules/.cache name=".cache"
2025-12-10T09:58:48.085481Z  WARN tokio-runtime-worker ThreadId(17) fenrir::infra::modules::storage: Skipping hidden module entry path=/Users/jfurocket/Documents/personal/modules/.fenrir-backups name=".fenrir-backups"
2025-12-10T09:58:48.085944Z  WARN tokio-runtime-worker ThreadId(17) fenrir::infra::modules::storage: Skipping hidden module entry path=/Users/jfurocket/Documents/personal/modules/.cache name=".cache"
2025-12-10T09:59:03.167879Z  WARN tokio-runtime-worker ThreadId(17) fenrir::infra::modules::storage: Skipping hidden module entry path=/Users/jfurocket/Documents/personal/modules/.fenrir-backups name=".fenrir-backups"
2025-12-10T09:59:03.168504Z  WARN tokio-runtime-worker ThreadId(17) fenrir::infra::modules::storage: Skipping hidden module entry path=/Users/jfurocket/Documents/personal/modules/.cache name=".cache"
2025-12-10T09:59:03.726679Z  WARN tokio-runtime-worker ThreadId(10) fenrir::infra::modules::storage: Skipping hidden module entry path=/Users/jfurocket/Documents/personal/modules/.fenrir-backups name=".fenrir-backups"
2025-12-10T09:59:03.727180Z  WARN tokio-runtime-worker ThreadId(10) fenrir::infra::modules::storage: Skipping hidden module entry path=/Users/jfurocket/Documents/personal/modules/.cache name=".cache"
2025-12-10T09:59:03.845831Z  WARN tokio-runtime-worker ThreadId(09) fenrir::infra::modules::storage: Skipping hidden module entry path=/Users/jfurocket/Documents/personal/modules/.fenrir-backups name=".fenrir-backups"
2025-12-10T09:59:03.846254Z  WARN tokio-runtime-worker ThreadId(09) fenrir::infra::modules::storage: Skipping hidden module entry path=/Users/jfurocket/Documents/personal/modules/.cache name=".cache"
2025-12-10T09:59:18.900241Z  WARN tokio-runtime-worker ThreadId(09) fenrir::infra::modules::storage: Skipping hidden module entry path=/Users/jfurocket/Documents/personal/modules/.fenrir-backups name=".fenrir-backups"
2025-12-10T09:59:18.901223Z  WARN tokio-runtime-worker ThreadId(09) fenrir::infra::modules::storage: Skipping hidden module entry path=/Users/jfurocket/Documents/personal/modules/.cache name=".cache"
2025-12-10T09:59:33.901021Z  WARN tokio-runtime-worker ThreadId(17) fenrir::infra::modules::storage: Skipping hidden module entry path=/Users/jfurocket/Documents/personal/modules/.fenrir-backups name=".fenrir-backups"
2025-12-10T09:59:33.901689Z  WARN tokio-runtime-worker ThreadId(10) fenrir::infra::modules::storage: Skipping hidden module entry path=/Users/jfurocket/Documents/personal/modules/.cache name=".cache"
2025-12-10T09:59:42.758293Z  WARN tokio-runtime-worker ThreadId(10) fenrir::infra::modules::storage: Skipping hidden module entry path=/Users/jfurocket/Documents/personal/modules/.fenrir-backups name=".fenrir-backups"
2025-12-10T09:59:42.759015Z  WARN tokio-runtime-worker ThreadId(10) fenrir::infra::modules::storage: Skipping hidden module entry path=/Users/jfurocket/Documents/personal/modules/.cache name=".cache"
2025-12-10T09:59:59.102147Z  WARN tokio-runtime-worker ThreadId(09) fenrir::services::scheduler::service: db ping failed error=db connection error: error connecting to server: Connection refused (os error 61)
2025-12-10T10:00:27.574804Z  WARN tokio-runtime-worker ThreadId(10) fenrir::infra::modules::storage: Skipping hidden module entry path=/Users/jfurocket/Documents/personal/modules/.fenrir-backups name=".fenrir-backups"
2025-12-10T10:00:27.575376Z  WARN tokio-runtime-worker ThreadId(10) fenrir::infra::modules::storage: Skipping hidden module entry path=/Users/jfurocket/Documents/personal/modules/.cache name=".cache"
2025-12-10T10:00:28.790002Z  WARN tokio-runtime-worker ThreadId(17) fenrir::infra::modules::storage: Skipping hidden module entry path=/Users/jfurocket/Documents/personal/modules/.fenrir-backups name=".fenrir-backups"
2025-12-10T10:00:28.790413Z  WARN tokio-runtime-worker ThreadId(17) fenrir::infra::modules::storage: Skipping hidden module entry path=/Users/jfurocket/Documents/personal/modules/.cache name=".cache"
2025-12-10T10:00:43.861187Z  WARN tokio-runtime-worker ThreadId(17) fenrir::infra::modules::storage: Skipping hidden module entry path=/Users/jfurocket/Documents/personal/modules/.fenrir-backups name=".fenrir-backups"
2025-12-10T10:00:43.861668Z  WARN tokio-runtime-worker ThreadId(17) fenrir::infra::modules::storage: Skipping hidden module entry path=/Users/jfurocket/Documents/personal/modules/.cache name=".cache"
2025-12-10T10:00:58.859210Z  WARN tokio-runtime-worker ThreadId(10) fenrir::infra::modules::storage: Skipping hidden module entry path=/Users/jfurocket/Documents/personal/modules/.fenrir-backups name=".fenrir-backups"
2025-12-10T10:00:58.859950Z  WARN tokio-runtime-worker ThreadId(128) fenrir::infra::modules::storage: Skipping hidden module entry path=/Users/jfurocket/Documents/personal/modules/.cache name=".cache"
2025-12-10T10:01:13.861996Z  WARN tokio-runtime-worker ThreadId(128) fenrir::infra::modules::storage: Skipping hidden module entry path=/Users/jfurocket/Documents/personal/modules/.fenrir-backups name=".fenrir-backups"
2025-12-10T10:01:13.862746Z  WARN tokio-runtime-worker ThreadId(128) fenrir::infra::modules::storage: Skipping hidden module entry path=/Users/jfurocket/Documents/personal/modules/.cache name=".cache"
2025-12-10T10:01:28.862278Z  WARN tokio-runtime-worker ThreadId(128) fenrir::infra::modules::storage: Skipping hidden module entry path=/Users/jfurocket/Documents/personal/modules/.fenrir-backups name=".fenrir-backups"
2025-12-10T10:01:28.862856Z  WARN tokio-runtime-worker ThreadId(128) fenrir::infra::modules::storage: Skipping hidden module entry path=/Users/jfurocket/Documents/personal/modules/.cache name=".cache"
2025-12-10T10:01:43.859619Z  WARN tokio-runtime-worker ThreadId(10) fenrir::infra::modules::storage: Skipping hidden module entry path=/Users/jfurocket/Documents/personal/modules/.fenrir-backups name=".fenrir-backups"
2025-12-10T10:01:43.860719Z  WARN tokio-runtime-worker ThreadId(10) fenrir::infra::modules::storage: Skipping hidden module entry path=/Users/jfurocket/Documents/personal/modules/.cache name=".cache"
2025-12-10T10:01:58.856742Z  WARN tokio-runtime-worker ThreadId(128) fenrir::infra::modules::storage: Skipping hidden module entry path=/Users/jfurocket/Documents/personal/modules/.fenrir-backups name=".fenrir-backups"
2025-12-10T10:01:58.857217Z  WARN tokio-runtime-worker ThreadId(128) fenrir::infra::modules::storage: Skipping hidden module entry path=/Users/jfurocket/Documents/personal/modules/.cache name=".cache"
2025-12-10T10:01:59.104289Z  WARN tokio-runtime-worker ThreadId(128) fenrir::services::scheduler::service: db ping failed error=db connection error: error connecting to server: Connection refused (os error 61)
2025-12-10T10:02:13.861316Z  WARN tokio-runtime-worker ThreadId(17) fenrir::infra::modules::storage: Skipping hidden module entry path=/Users/jfurocket/Documents/personal/modules/.fenrir-backups name=".fenrir-backups"
2025-12-10T10:02:13.861910Z  WARN tokio-runtime-worker ThreadId(10) fenrir::infra::modules::storage: Skipping hidden module entry path=/Users/jfurocket/Documents/personal/modules/.cache name=".cache"
2025-12-10T10:02:28.861282Z  WARN tokio-runtime-worker ThreadId(10) fenrir::infra::modules::storage: Skipping hidden module entry path=/Users/jfurocket/Documents/personal/modules/.fenrir-backups name=".fenrir-backups"
2025-12-10T10:02:28.861963Z  WARN tokio-runtime-worker ThreadId(10) fenrir::infra::modules::storage: Skipping hidden module entry path=/Users/jfurocket/Documents/personal/modules/.cache name=".cache"
2025-12-10T10:02:32.584525Z  WARN tokio-runtime-worker ThreadId(14) fenrir::infra::modules::storage: Skipping hidden module entry path=/Users/jfurocket/Documents/personal/modules/.fenrir-backups name=".fenrir-backups"
2025-12-10T10:02:32.585187Z  WARN tokio-runtime-worker ThreadId(14) fenrir::infra::modules::storage: Skipping hidden module entry path=/Users/jfurocket/Documents/personal/modules/.cache name=".cache"
2025-12-10T10:03:59.106611Z  WARN tokio-runtime-worker ThreadId(09) fenrir::services::scheduler::service: db ping failed error=db connection error: error connecting to server: Connection refused (os error 61)
2025-12-10T10:05:59.110460Z  WARN tokio-runtime-worker ThreadId(09) fenrir::services::scheduler::service: db ping failed error=db connection error: error connecting to server: Connection refused (os error 61)
2025-12-10T10:07:59.113922Z  WARN tokio-runtime-worker ThreadId(09) fenrir::services::scheduler::service: db ping failed error=db connection error: error connecting to server: Connection refused (os error 61)
2025-12-10T10:09:59.118262Z  WARN tokio-runtime-worker ThreadId(128) fenrir::services::scheduler::service: db ping failed error=db connection error: error connecting to server: Connection refused (os error 61)
2025-12-10T10:11:59.121457Z  WARN tokio-runtime-worker ThreadId(14) fenrir::services::scheduler::service: db ping failed error=db connection error: error connecting to server: Connection refused (os error 61)
