2025-10-07T19:51:10.822757Z  INFO main ThreadId(01) fenrir::infra::logging: dateilogging initialisiert log_path=logs/app.log
2025-10-07T19:51:10.822961Z  INFO main ThreadId(01) fenrir::infra::logging: db-logdatei vorbereitet log_path=logs/db.log
2025-10-07T19:51:10.823083Z  INFO main ThreadId(01) fenrir::boot: core services registered in registry
2025-10-07T19:51:10.823336Z  INFO main ThreadId(01) fenrir::boot: scheduler service started
2025-10-07T19:51:10.823529Z  INFO tokio-runtime-worker ThreadId(10) fenrir::services::scheduler: scheduler heartbeat loop started
2025-10-07T19:51:10.823769Z  INFO                 main ThreadId(01) fenrir::boot: user and ticket services initialised
2025-10-07T19:51:10.823781Z  INFO                 main ThreadId(01) fenrir::boot: boot complete app=fenrir version=0.1.3
2025-10-07T19:51:10.823887Z  INFO                 main ThreadId(01) fenrir::boot: transport initialisation triggered
2025-10-07T19:51:10.823920Z  INFO tokio-runtime-worker ThreadId(10) fenrir::boot: ssh server task spawned
2025-10-07T19:51:10.824255Z  INFO tokio-runtime-worker ThreadId(10) fenrir::infra::ssh: starting SSH server host=127.0.0.1 port=2222
2025-10-07T19:51:10.825127Z  INFO tokio-runtime-worker ThreadId(12) fenrir::infra::http: HTTP server task spawned
2025-10-07T19:51:25.826325Z  WARN tokio-runtime-worker ThreadId(08) fenrir::services::scheduler: db ping failed error=Ungültige Eingabe: db-shell-service ist deaktiviert
2025-10-07T19:51:36.443209Z  INFO tokio-runtime-worker ThreadId(15) thrussh::server::encrypted: pty-req: unknown pty code 42
2025-10-07T19:53:25.828318Z  WARN tokio-runtime-worker ThreadId(20) fenrir::services::scheduler: db ping failed error=Ungültige Eingabe: db-shell-service ist deaktiviert
2025-10-07T19:55:25.830364Z  WARN tokio-runtime-worker ThreadId(02) fenrir::services::scheduler: db ping failed error=Ungültige Eingabe: db-shell-service ist deaktiviert
2025-10-07T19:57:25.832571Z  WARN tokio-runtime-worker ThreadId(02) fenrir::services::scheduler: db ping failed error=Ungültige Eingabe: db-shell-service ist deaktiviert
2025-10-07T19:59:25.834491Z  WARN tokio-runtime-worker ThreadId(18) fenrir::services::scheduler: db ping failed error=Ungültige Eingabe: db-shell-service ist deaktiviert
2025-10-07T20:01:25.836164Z  WARN tokio-runtime-worker ThreadId(18) fenrir::services::scheduler: db ping failed error=Ungültige Eingabe: db-shell-service ist deaktiviert
2025-10-07T20:01:33.209641Z  INFO tokio-runtime-worker ThreadId(13) fenrir::services::scheduler: scheduler heartbeat stopped
2025-10-07T20:01:33.209889Z  INFO tokio-runtime-worker ThreadId(13) fenrir::services::scheduler: scheduler service dropped and resources cleaned up
