2026-03-18T11:21:18.782273Z  INFO main ThreadId(01) fenrir::infra::logging::init: file logging initialized log_path=logs/app.log
2026-03-18T11:21:18.782420Z  INFO main ThreadId(01) fenrir::infra::logging::init: db log file prepared log_path=logs/db.log
2026-03-18T11:21:18.890642Z  INFO main ThreadId(01) fenrir::infra::db::runtime: postgres using Unix socket (TCP disabled) socket_dir=/opt/fenrir/development/tmp/runtime/db/socket
2026-03-18T11:21:19.092757Z  INFO main ThreadId(01) fenrir::infra::db::runtime: postgres unix socket ready socket=/opt/fenrir/development/tmp/runtime/db/socket/.s.PGSQL.5432
2026-03-18T11:21:19.092938Z  INFO main ThreadId(01) fenrir::infra::db::runtime: embedded postgres started securely port=55432 pid=18694 auth="scram-sha-256" socket=true
2026-03-18T11:21:19.093017Z  INFO main ThreadId(01) fenrir::infra::db::runtime: db runtime supervisor started (stub) mode=Embedded engine=Postgres dir=/opt/fenrir/development/tmp/runtime/db
2026-03-18T11:21:19.094878Z  INFO main ThreadId(01) fenrir::boot::startup: core services registered in registry
2026-03-18T11:21:19.140834Z  INFO main ThreadId(01) fenrir::boot::startup: database migrations up to date engine=postgres
2026-03-18T11:21:19.141109Z  INFO main ThreadId(01) fenrir::boot::startup: scheduler service started
2026-03-18T11:21:19.141177Z  INFO tokio-runtime-worker ThreadId(09) fenrir::services::scheduler::service: scheduler heartbeat loop started
2026-03-18T11:21:19.141740Z  INFO                 main ThreadId(01) fenrir::boot::startup: audit log persistence configured path=/opt/fenrir/development/tmp/runtime/audit/fenrir-audit-history.json capacity=2048 retention_hours=24 persist_seconds=30
2026-03-18T11:21:19.148989Z  INFO                 main ThreadId(01) fenrir::infra::modules::runtime::process: loaded 4 module states from disk
2026-03-18T11:21:19.149027Z  WARN                 main ThreadId(01) fenrir::infra::modules::runtime::process: module was running but process no longer exists module_id=athene-api pid=70093
2026-03-18T11:21:19.149031Z  WARN                 main ThreadId(01) fenrir::infra::modules::runtime::process: module was running but process no longer exists module_id=athene pid=67861
2026-03-18T11:21:19.149033Z  WARN                 main ThreadId(01) fenrir::infra::modules::runtime::process: module was running but process no longer exists module_id=auth-service pid=68087
2026-03-18T11:21:19.149035Z  WARN                 main ThreadId(01) fenrir::infra::modules::runtime::process: module was running but process no longer exists module_id=notification-service pid=56601
2026-03-18T11:21:19.164165Z  INFO                 main ThreadId(01) fenrir::security::identity::authority: identity store: using database backend
2026-03-18T11:21:19.165096Z  INFO                 main ThreadId(01) fenrir::services::scheduler::service: Automatic backup job registered schedule=daily
2026-03-18T11:21:19.165364Z  INFO                 main ThreadId(01) fenrir::infra::http::server: HTTP control-plane authentication via identity broker with static token fallback
2026-03-18T11:21:19.165553Z  INFO                 main ThreadId(01) fenrir::boot::startup: boot complete app=fenrir version=0.1.4
2026-03-18T11:21:19.166381Z  INFO                 main ThreadId(01) fenrir::infra::db::connector: db connector ipc socket ready path=/opt/fenrir/development/tmp/runtime/ipc/db-connector.sock
2026-03-18T11:21:19.166426Z  INFO tokio-runtime-worker ThreadId(09) fenrir::infra::db::connector: db connector task started task="db-connector-ipc"
2026-03-18T11:21:19.170282Z  INFO                 main ThreadId(01) fenrir::services::module::runtime: event="module.lifecycle.autostart_started" module_count=6 concurrency=4
2026-03-18T11:21:19.172761Z  INFO                 main ThreadId(01) fenrir::services::module::runtime: event="module.lifecycle.preflight_started" module_id=athene-api assigned_port=Some(41004)
2026-03-18T11:21:19.172887Z  INFO                 main ThreadId(01) fenrir::services::module::runtime: event="module.lifecycle.preflight_started" module_id=athene assigned_port=Some(41002)
2026-03-18T11:21:19.173058Z  INFO                 main ThreadId(01) fenrir::services::module::runtime: event="module.lifecycle.preflight_started" module_id=athene-webcomponents assigned_port=Some(41008)
2026-03-18T11:21:19.173111Z  INFO                 main ThreadId(01) fenrir::services::module::runtime: event="module.lifecycle.preflight_started" module_id=athene-web assigned_port=Some(41005)
2026-03-18T11:21:19.173158Z  INFO                 main ThreadId(01) fenrir::services::module::runtime: event="module.lifecycle.preflight_passed" module_id=athene-api assigned_port=Some(41004)
2026-03-18T11:21:19.173471Z  INFO                 main ThreadId(01) fenrir::services::module::gateway: runtime gateway started module=athene-api endpoint=http://127.0.0.1:64501/call
2026-03-18T11:21:19.174705Z  INFO                 main ThreadId(01) fenrir::services::module::runtime: event="module.lifecycle.boot_started" module_id=athene-api assigned_port=Some(41004)
2026-03-18T11:21:19.175575Z  INFO                 main ThreadId(01) fenrir::services::module::runtime: event="module.lifecycle.preflight_passed" module_id=athene assigned_port=Some(41002)
2026-03-18T11:21:19.175792Z  INFO                 main ThreadId(01) fenrir::services::module::gateway: runtime gateway started module=athene endpoint=http://127.0.0.1:64502/call
2026-03-18T11:21:19.176729Z  INFO                 main ThreadId(01) fenrir::services::module::runtime: event="module.lifecycle.boot_started" module_id=athene assigned_port=Some(41002)
2026-03-18T11:21:19.176800Z  INFO                 main ThreadId(01) fenrir::services::module::runtime: event="module.lifecycle.preflight_passed" module_id=athene-webcomponents assigned_port=Some(41008)
2026-03-18T11:21:19.176865Z  INFO                 main ThreadId(01) fenrir::services::module::gateway: runtime gateway started module=athene-webcomponents endpoint=http://127.0.0.1:64503/call
2026-03-18T11:21:19.177522Z  INFO                 main ThreadId(01) fenrir::services::module::runtime: event="module.lifecycle.boot_started" module_id=athene-webcomponents assigned_port=Some(41008)
2026-03-18T11:21:19.177662Z  INFO                 main ThreadId(01) fenrir::services::module::runtime: event="module.lifecycle.preflight_passed" module_id=athene-web assigned_port=Some(41005)
2026-03-18T11:21:19.177766Z  INFO                 main ThreadId(01) fenrir::services::module::gateway: runtime gateway started module=athene-web endpoint=http://127.0.0.1:64504/call
2026-03-18T11:21:19.178182Z  INFO                 main ThreadId(01) fenrir::services::module::runtime: event="module.lifecycle.boot_started" module_id=athene-web assigned_port=Some(41005)
2026-03-18T11:21:19.185289Z  WARN                 main ThreadId(01) fenrir::services::module::runtime: event="module.lifecycle.boot_failed" module_id=athene-webcomponents latency_ms=7.739958 error=failed to start module `athene-webcomponents`: no executable module found in /Users/jfurocket/Documents/personal/modules/athene-webcomponents. Searched: athene-webcomponents, bin/athene-webcomponents, athene-webcomponents.exe, bin/athene-webcomponents.exe
2026-03-18T11:21:19.185328Z  WARN                 main ThreadId(01) fenrir::services::module::runtime: auto-start failed module=athene-webcomponents error=failed to start module `athene-webcomponents`: no executable module found in /Users/jfurocket/Documents/personal/modules/athene-webcomponents. Searched: athene-webcomponents, bin/athene-webcomponents, athene-webcomponents.exe, bin/athene-webcomponents.exe
2026-03-18T11:21:19.186996Z  INFO                 main ThreadId(01) fenrir::infra::modules::runtime::process: module static server started module_id=athene-web port=41005 root=/Users/jfurocket/Documents/personal/modules/athene-web/dist/browser
2026-03-18T11:21:19.188264Z  INFO                 main ThreadId(01) fenrir::services::module::runtime: module started successfully event="module.lifecycle.boot_succeeded" module_id=athene-web pid=None port=Some(41005) latency_ms=10.068166999999999
2026-03-18T11:21:19.189705Z  INFO                 main ThreadId(01) fenrir::services::module::runtime: event="module.lifecycle.preflight_started" module_id=auth-service assigned_port=Some(41006)
2026-03-18T11:21:19.190102Z  INFO                 main ThreadId(01) fenrir::services::module::runtime: event="module.lifecycle.preflight_passed" module_id=auth-service assigned_port=Some(41006)
2026-03-18T11:21:19.190308Z  INFO                 main ThreadId(01) fenrir::services::module::gateway: runtime gateway started module=auth-service endpoint=http://127.0.0.1:64506/call
2026-03-18T11:21:19.191177Z  INFO                 main ThreadId(01) fenrir::services::module::runtime: event="module.lifecycle.boot_started" module_id=auth-service assigned_port=Some(41006)
2026-03-18T11:21:19.201437Z  INFO                 main ThreadId(01) fenrir::infra::modules::runtime::process: module process started module_id=athene-api instance_id=athene-api:primary pid=18708 port=Some(41004)
2026-03-18T11:21:19.202793Z  INFO                 main ThreadId(01) fenrir::infra::modules::runtime::process: module process started module_id=auth-service instance_id=auth-service:primary pid=18709 port=Some(41006)
2026-03-18T11:21:19.204213Z  INFO                 main ThreadId(01) fenrir::infra::modules::runtime::process: module process started module_id=athene instance_id=athene:primary pid=18710 port=Some(41002)
2026-03-18T11:21:19.205140Z  INFO                 main ThreadId(01) fenrir::services::module::runtime: module started successfully event="module.lifecycle.boot_succeeded" module_id=athene-api pid=Some(18708) port=Some(41004) latency_ms=30.388667
2026-03-18T11:21:19.206910Z  INFO                 main ThreadId(01) fenrir::services::module::runtime: module started successfully event="module.lifecycle.boot_succeeded" module_id=athene pid=Some(18710) port=Some(41002) latency_ms=30.165792
2026-03-18T11:21:19.207651Z  INFO                 main ThreadId(01) fenrir::services::module::runtime: module started successfully event="module.lifecycle.boot_succeeded" module_id=auth-service pid=Some(18709) port=Some(41006) latency_ms=16.452875
2026-03-18T11:21:19.207943Z  INFO                 main ThreadId(01) fenrir::services::module::runtime: event="module.lifecycle.preflight_started" module_id=notification-service assigned_port=Some(41007)
2026-03-18T11:21:19.208029Z  INFO                 main ThreadId(01) fenrir::services::module::runtime: event="module.lifecycle.preflight_passed" module_id=notification-service assigned_port=Some(41007)
2026-03-18T11:21:19.208145Z  INFO                 main ThreadId(01) fenrir::services::module::gateway: runtime gateway started module=notification-service endpoint=http://127.0.0.1:64510/call
2026-03-18T11:21:19.208913Z  INFO                 main ThreadId(01) fenrir::services::module::runtime: event="module.lifecycle.boot_started" module_id=notification-service assigned_port=Some(41007)
2026-03-18T11:21:19.214171Z  INFO                 main ThreadId(01) fenrir::infra::modules::runtime::process: module process started module_id=notification-service instance_id=notification-service:primary pid=18712 port=Some(41007)
2026-03-18T11:21:19.215004Z  INFO                 main ThreadId(01) fenrir::services::module::runtime: module started successfully event="module.lifecycle.boot_succeeded" module_id=notification-service pid=Some(18712) port=Some(41007) latency_ms=6.069959
2026-03-18T11:21:19.747285Z  INFO                 main ThreadId(01) fenrir::services::module::runtime: event="module.lifecycle.autostart_completed" module_count=6 concurrency=4
2026-03-18T11:21:19.747504Z  INFO tokio-runtime-worker ThreadId(09) fenrir::boot::transports: ssh server task spawned
2026-03-18T11:21:19.747511Z  INFO                 main ThreadId(01) fenrir::boot::transports: transport initialisation triggered
2026-03-18T11:21:19.748204Z  INFO tokio-runtime-worker ThreadId(02) fenrir::infra::http::server: HTTP server task spawned
2026-03-18T11:21:19.749147Z  INFO tokio-runtime-worker ThreadId(09) fenrir::infra::ssh::server: starting SSH server host=127.0.0.1 port=2222
2026-03-18T11:21:32.699284Z  INFO tokio-runtime-worker ThreadId(22) fenrir::infra::modules::runtime::process: module stopped module_id=auth-service instance_id=auth-service:primary pid=18709
2026-03-18T11:21:32.702928Z  INFO tokio-runtime-worker ThreadId(22) fenrir::services::module::runtime: module stopped successfully module_id=auth-service
2026-03-18T11:21:41.362488Z  WARN tokio-runtime-worker ThreadId(02) fenrir::infra::modules::registry: artifact checksum mismatch, attempting manifest refresh module=auth-service version=0.1.0-12 expected=6169f2503adde1020b68d419ae8a289d53c1984da2fbefe166b580da4dc72de5 actual=458fd51c5560da6ed25e14a5b4faa77b8e640166138627ca8f37a4bae25c7313
2026-03-18T11:21:41.362514Z  INFO tokio-runtime-worker ThreadId(02) fenrir::infra::modules::registry: retrying download once after checksum mismatch module=auth-service version=0.1.0-12
2026-03-18T11:21:41.680788Z  WARN tokio-runtime-worker ThreadId(02) fenrir::infra::modules::registry: artifact checksum mismatch, attempting manifest refresh module=auth-service version=0.1.0-12 expected=6169f2503adde1020b68d419ae8a289d53c1984da2fbefe166b580da4dc72de5 actual=458fd51c5560da6ed25e14a5b4faa77b8e640166138627ca8f37a4bae25c7313
2026-03-18T11:21:41.682541Z  INFO tokio-runtime-worker ThreadId(25) fenrir::infra::modules::registry: retrying download with refreshed manifest module=auth-service version=0.1.0-12
2026-03-18T11:21:42.116109Z  INFO tokio-runtime-worker ThreadId(25) fenrir::services::module::runtime: event="module.lifecycle.preflight_started" module_id=auth-service assigned_port=Some(41006)
2026-03-18T11:21:42.116186Z  INFO tokio-runtime-worker ThreadId(02) fenrir::services::module::runtime: event="module.lifecycle.preflight_passed" module_id=auth-service assigned_port=Some(41006)
2026-03-18T11:21:42.116278Z  INFO tokio-runtime-worker ThreadId(02) fenrir::services::module::gateway: runtime gateway started module=auth-service endpoint=http://127.0.0.1:64662/call
2026-03-18T11:21:42.116661Z  INFO tokio-runtime-worker ThreadId(02) fenrir::services::module::runtime: event="module.lifecycle.boot_started" module_id=auth-service assigned_port=Some(41006)
2026-03-18T11:21:42.121524Z  INFO tokio-runtime-worker ThreadId(09) fenrir::infra::modules::runtime::process: module process started module_id=auth-service instance_id=auth-service:primary pid=19160 port=Some(41006)
2026-03-18T11:21:42.122183Z  INFO tokio-runtime-worker ThreadId(09) fenrir::services::module::runtime: module started successfully event="module.lifecycle.boot_succeeded" module_id=auth-service pid=Some(19160) port=Some(41006) latency_ms=5.517459
2026-03-18T11:21:43.442295Z  INFO tokio-runtime-worker ThreadId(25) fenrir::services::module::runtime: module service manifest registered after retry module=auth-service attempt=1
2026-03-18T11:26:19.168033Z  INFO tokio-runtime-worker ThreadId(12) fenrir::services::scheduler::service: Running scheduled database backup
2026-03-18T11:26:19.168240Z  INFO tokio-runtime-worker ThreadId(12) fenrir::services::backup::service: Starting backup: running pre-flight checks
2026-03-18T11:26:19.205936Z  INFO tokio-runtime-worker ThreadId(07) fenrir::services::backup::service: Pre-backup: forcing checkpoint
2026-03-18T11:26:19.230706Z  INFO tokio-runtime-worker ThreadId(12) fenrir::services::backup::service: Creating backup
2026-03-18T11:26:19.351605Z  INFO tokio-runtime-worker ThreadId(07) fenrir::services::backup::service: Using Unix socket for backup: /opt/fenrir/development/tmp/runtime/db/socket
2026-03-18T11:26:20.339691Z  INFO tokio-runtime-worker ThreadId(02) fenrir::services::backup::service: Refreshing DB state snapshot
2026-03-18T11:26:20.340450Z  INFO tokio-runtime-worker ThreadId(22) fenrir::services::backup::service: DB state snapshot copied to backup
2026-03-18T11:26:20.340466Z  INFO tokio-runtime-worker ThreadId(22) fenrir::services::backup::service: Verifying backup integrity
2026-03-18T11:26:20.340619Z  INFO tokio-runtime-worker ThreadId(22) fenrir::services::backup::service: Rotating old backups (keeping 7)
2026-03-18T11:26:20.341226Z  INFO tokio-runtime-worker ThreadId(02) fenrir::services::backup::service: Removing old backup: /opt/fenrir/development/tmp/runtime/backups/postgres-20260304_132916
2026-03-18T11:26:20.421616Z  INFO tokio-runtime-worker ThreadId(02) fenrir::services::backup::service: Backup complete: /opt/fenrir/development/tmp/runtime/backups/postgres-20260318_112619 (17 MB)
2026-03-18T11:26:20.422002Z  INFO tokio-runtime-worker ThreadId(02) fenrir::services::scheduler::service: Scheduled backup completed successfully path=/opt/fenrir/development/tmp/runtime/backups/postgres-20260318_112619 size_mb=17
2026-03-18T11:55:21.552608Z  WARN tokio-runtime-worker ThreadId(89) fenrir::infra::telemetry::controller: readiness probe failed probe=services
