2026-01-15T09:46:08.686846Z  INFO main ThreadId(01) fenrir::infra::logging::init: file logging initialized log_path=logs/app.log
2026-01-15T09:46:08.687075Z  INFO main ThreadId(01) fenrir::infra::logging::init: db log file prepared log_path=logs/db.log
2026-01-15T09:46:09.986578Z  INFO main ThreadId(01) fenrir::infra::db::runtime: postgres using Unix socket (TCP disabled) socket_dir=/opt/fenrir/development/tmp/runtime/db/socket
2026-01-15T09:46:10.189482Z  INFO main ThreadId(01) fenrir::infra::db::runtime: postgres unix socket ready socket=/opt/fenrir/development/tmp/runtime/db/socket/.s.PGSQL.5432
2026-01-15T09:46:10.189734Z  INFO main ThreadId(01) fenrir::infra::db::runtime: embedded postgres started securely port=55432 pid=27031 auth="scram-sha-256" socket=true
2026-01-15T09:46:10.189969Z  INFO main ThreadId(01) fenrir::infra::db::runtime: db runtime supervisor started (stub) mode=Embedded engine=Postgres dir=/opt/fenrir/development/tmp/runtime/db
2026-01-15T09:46:10.193041Z  INFO main ThreadId(01) fenrir::boot::startup: core services registered in registry
2026-01-15T09:46:10.319128Z  INFO main ThreadId(01) fenrir::boot::startup: database migrations up to date engine=postgres
2026-01-15T09:46:10.319336Z  INFO main ThreadId(01) fenrir::boot::startup: scheduler service started
2026-01-15T09:46:10.319597Z  INFO tokio-runtime-worker ThreadId(15) fenrir::services::scheduler::service: scheduler heartbeat loop started
2026-01-15T09:46:10.321461Z  INFO                 main ThreadId(01) fenrir::boot::startup: audit log persistence configured path=/opt/fenrir/development/tmp/runtime/audit/fenrir-audit-history.json capacity=2048 retention_hours=24 persist_seconds=30
2026-01-15T09:46:10.325546Z  INFO                 main ThreadId(01) fenrir::infra::modules::runtime::process: loaded 2 module states from disk
2026-01-15T09:46:10.325605Z  WARN                 main ThreadId(01) fenrir::infra::modules::runtime::process: module was running but process no longer exists module_id=notification-hub pid=26982
2026-01-15T09:46:10.325616Z  WARN                 main ThreadId(01) fenrir::infra::modules::runtime::process: module was running but process no longer exists module_id=fenrir-api pid=26980
2026-01-15T09:46:10.376482Z  INFO                 main ThreadId(01) fenrir::security::identity::authority: identity store: using database backend
2026-01-15T09:46:10.376927Z  INFO                 main ThreadId(01) fenrir::services::scheduler::service: Automatic backup job registered schedule=daily
2026-01-15T09:46:10.376991Z  INFO                 main ThreadId(01) fenrir::infra::http::server: HTTP control-plane authentication via identity broker
2026-01-15T09:46:10.377030Z  INFO                 main ThreadId(01) fenrir::boot::startup: boot complete app=fenrir version=0.1.4
2026-01-15T09:46:10.377364Z  INFO                 main ThreadId(01) fenrir::infra::db::connector: db connector ipc socket ready path=/opt/fenrir/development/tmp/runtime/ipc/db-connector.sock
2026-01-15T09:46:10.377499Z  INFO tokio-runtime-worker ThreadId(08) fenrir::infra::db::connector: db connector task started task="db-connector-ipc"
2026-01-15T09:46:10.379022Z  INFO                 main ThreadId(01) fenrir::services::module::gateway: runtime gateway started module=fenrir-api endpoint=http://127.0.0.1:63183/call
2026-01-15T09:46:10.384764Z  INFO                 main ThreadId(01) fenrir::infra::modules::runtime::process: module process started module_id=fenrir-api pid=27043 port=Some(41000)
2026-01-15T09:46:10.387295Z  INFO                 main ThreadId(01) fenrir::services::module::runtime: module started successfully module_id=fenrir-api pid=Some(27043) port=Some(41000)
2026-01-15T09:46:10.594434Z  INFO                 main ThreadId(01) fenrir::services::module::gateway: runtime gateway started module=fenrir-web endpoint=http://127.0.0.1:63197/call
2026-01-15T09:46:10.598953Z  INFO                 main ThreadId(01) fenrir::infra::modules::runtime::process: module static server started module_id=fenrir-web port=41003 root=/Users/jfurocket/Documents/personal/modules/fenrir-web/dist/browser
2026-01-15T09:46:10.601728Z  INFO                 main ThreadId(01) fenrir::services::module::runtime: module started successfully module_id=fenrir-web pid=None port=Some(41003)
2026-01-15T09:46:10.605686Z  INFO                 main ThreadId(01) fenrir::services::module::gateway: runtime gateway started module=notification-hub endpoint=http://127.0.0.1:63199/call
2026-01-15T09:46:10.614569Z  INFO                 main ThreadId(01) fenrir::infra::modules::runtime::process: module process started module_id=notification-hub pid=27045 port=Some(41001)
2026-01-15T09:46:10.617499Z  INFO                 main ThreadId(01) fenrir::services::module::runtime: module started successfully module_id=notification-hub pid=Some(27045) port=Some(41001)
2026-01-15T09:46:10.822896Z  INFO tokio-runtime-worker ThreadId(02) fenrir::boot::transports: ssh server task spawned
2026-01-15T09:46:10.822948Z  INFO                 main ThreadId(01) fenrir::boot::transports: transport initialisation triggered
2026-01-15T09:46:10.823770Z  INFO tokio-runtime-worker ThreadId(13) fenrir::infra::http::server: HTTP server task spawned
2026-01-15T09:46:10.823906Z  INFO tokio-runtime-worker ThreadId(02) fenrir::infra::ssh::server: starting SSH server host=127.0.0.1 port=2222
