2025-11-28T18:01:47.969629Z  INFO main ThreadId(01) fenrir::infra::logging::init: dateilogging initialisiert log_path=logs/app.log
2025-11-28T18:01:47.969790Z  INFO main ThreadId(01) fenrir::infra::logging::init: db-logdatei vorbereitet log_path=logs/db.log
2025-11-28T18:01:48.062588Z  INFO main ThreadId(01) fenrir::boot::startup: core services registered in registry
2025-11-28T18:01:48.063226Z  INFO main ThreadId(01) fenrir::boot::startup: scheduler service started
2025-11-28T18:01:48.063467Z  INFO tokio-runtime-worker ThreadId(05) fenrir::services::scheduler::service: scheduler heartbeat loop started
2025-11-28T18:01:48.065162Z  INFO                 main ThreadId(01) fenrir::boot::startup: audit log persistence configured path=/opt/fenrir/development/tmp/runtime/audit/fenrir-audit-history.json capacity=2048 retention_hours=24 persist_seconds=30
2025-11-28T18:01:48.071828Z  INFO                 main ThreadId(01) fenrir::infra::modules::runtime::process: loaded 2 module states from disk
2025-11-28T18:01:48.071875Z  WARN                 main ThreadId(01) fenrir::infra::modules::runtime::process: module was running but process no longer exists module_id=notification-hub pid=92061
2025-11-28T18:01:48.071883Z  WARN                 main ThreadId(01) fenrir::infra::modules::runtime::process: module was running but process no longer exists module_id=fenrir-api pid=92060
2025-11-28T18:01:48.145602Z  INFO                 main ThreadId(01) fenrir::infra::http::server: HTTP control-plane authentication via identity broker
2025-11-28T18:01:48.145661Z  INFO                 main ThreadId(01) fenrir::boot::startup: boot complete app=fenrir version=0.1.4
2025-11-28T18:01:48.150251Z  INFO                 main ThreadId(01) fenrir::boot::bootstrap: bootstrap module ready module=fenrir-api version="latest" status=AlreadyCurrent
2025-11-28T18:01:48.151392Z  WARN                 main ThreadId(01) fenrir::infra::modules::storage: Skipping hidden module entry path=/Users/jfurocket/Documents/personal/modules/.cache name=".cache"
2025-11-28T18:01:48.153350Z  INFO                 main ThreadId(01) fenrir::infra::modules::runtime::process: module process started module_id=fenrir-api pid=61014 port=None
2025-11-28T18:01:48.153739Z  INFO                 main ThreadId(01) fenrir::services::module::runtime: module started successfully module_id=fenrir-api pid=Some(61014) port=None
2025-11-28T18:01:48.154949Z  INFO                 main ThreadId(01) fenrir::infra::modules::runtime::process: module process started module_id=notification-hub pid=61015 port=None
2025-11-28T18:01:48.155122Z  INFO                 main ThreadId(01) fenrir::services::module::runtime: module started successfully module_id=notification-hub pid=Some(61015) port=None
2025-11-28T18:01:48.155188Z  INFO                 main ThreadId(01) fenrir::boot::transports: transport initialisation triggered
2025-11-28T18:01:48.155202Z  INFO tokio-runtime-worker ThreadId(13) fenrir::boot::transports: ssh server task spawned
2025-11-28T18:01:48.155440Z  INFO tokio-runtime-worker ThreadId(13) fenrir::infra::ssh::server: starting SSH server host=127.0.0.1 port=2222
2025-11-28T18:01:48.155680Z  INFO tokio-runtime-worker ThreadId(09) fenrir::infra::http::server: HTTP server task spawned
2025-11-28T18:01:57.401814Z  INFO tokio-runtime-worker ThreadId(04) thrussh::server::encrypted: pty-req: unknown pty code 42
2025-11-28T18:02:15.281240Z  WARN ThreadId(19) fenrir::infra::modules::storage: Skipping hidden module entry path=/Users/jfurocket/Documents/personal/modules/.cache name=".cache"
2025-11-28T18:04:03.244387Z  WARN tokio-runtime-worker ThreadId(05) fenrir::services::scheduler::service: db ping failed error=Ungültige Eingabe: db-shell-service ist deaktiviert
2025-11-28T18:06:03.246018Z  WARN tokio-runtime-worker ThreadId(05) fenrir::services::scheduler::service: db ping failed error=Ungültige Eingabe: db-shell-service ist deaktiviert
2025-11-28T18:08:03.249462Z  WARN tokio-runtime-worker ThreadId(05) fenrir::services::scheduler::service: db ping failed error=Ungültige Eingabe: db-shell-service ist deaktiviert
2025-11-28T18:10:03.252089Z  WARN tokio-runtime-worker ThreadId(05) fenrir::services::scheduler::service: db ping failed error=Ungültige Eingabe: db-shell-service ist deaktiviert
2025-11-28T18:12:03.254760Z  WARN tokio-runtime-worker ThreadId(05) fenrir::services::scheduler::service: db ping failed error=Ungültige Eingabe: db-shell-service ist deaktiviert
2025-11-28T18:14:03.256807Z  WARN tokio-runtime-worker ThreadId(05) fenrir::services::scheduler::service: db ping failed error=Ungültige Eingabe: db-shell-service ist deaktiviert
2025-11-28T18:16:03.247620Z  WARN tokio-runtime-worker ThreadId(05) fenrir::services::scheduler::service: db ping failed error=Ungültige Eingabe: db-shell-service ist deaktiviert
2025-11-28T18:18:03.249907Z  WARN tokio-runtime-worker ThreadId(05) fenrir::services::scheduler::service: db ping failed error=Ungültige Eingabe: db-shell-service ist deaktiviert
2025-11-28T18:20:03.272233Z  WARN tokio-runtime-worker ThreadId(05) fenrir::services::scheduler::service: db ping failed error=Ungültige Eingabe: db-shell-service ist deaktiviert
2025-11-28T18:22:03.275454Z  WARN tokio-runtime-worker ThreadId(05) fenrir::services::scheduler::service: db ping failed error=Ungültige Eingabe: db-shell-service ist deaktiviert
2025-11-28T18:24:03.277906Z  WARN tokio-runtime-worker ThreadId(05) fenrir::services::scheduler::service: db ping failed error=Ungültige Eingabe: db-shell-service ist deaktiviert
2025-11-28T18:26:03.279743Z  WARN tokio-runtime-worker ThreadId(05) fenrir::services::scheduler::service: db ping failed error=Ungültige Eingabe: db-shell-service ist deaktiviert
2025-11-28T18:28:03.282545Z  WARN tokio-runtime-worker ThreadId(05) fenrir::services::scheduler::service: db ping failed error=Ungültige Eingabe: db-shell-service ist deaktiviert
2025-11-28T18:30:03.284380Z  WARN tokio-runtime-worker ThreadId(05) fenrir::services::scheduler::service: db ping failed error=Ungültige Eingabe: db-shell-service ist deaktiviert
2025-11-28T18:32:03.287357Z  WARN tokio-runtime-worker ThreadId(05) fenrir::services::scheduler::service: db ping failed error=Ungültige Eingabe: db-shell-service ist deaktiviert
2025-11-28T18:34:03.289875Z  WARN tokio-runtime-worker ThreadId(05) fenrir::services::scheduler::service: db ping failed error=Ungültige Eingabe: db-shell-service ist deaktiviert
2025-11-28T18:36:03.291973Z  WARN tokio-runtime-worker ThreadId(05) fenrir::services::scheduler::service: db ping failed error=Ungültige Eingabe: db-shell-service ist deaktiviert
2025-11-28T18:38:03.274874Z  WARN tokio-runtime-worker ThreadId(05) fenrir::services::scheduler::service: db ping failed error=Ungültige Eingabe: db-shell-service ist deaktiviert
2025-11-28T18:40:03.275702Z  WARN tokio-runtime-worker ThreadId(05) fenrir::services::scheduler::service: db ping failed error=Ungültige Eingabe: db-shell-service ist deaktiviert
2025-11-28T18:42:03.277493Z  WARN tokio-runtime-worker ThreadId(05) fenrir::services::scheduler::service: db ping failed error=Ungültige Eingabe: db-shell-service ist deaktiviert
2025-11-28T18:44:03.278381Z  WARN tokio-runtime-worker ThreadId(05) fenrir::services::scheduler::service: db ping failed error=Ungültige Eingabe: db-shell-service ist deaktiviert
2025-11-28T18:46:03.280193Z  WARN tokio-runtime-worker ThreadId(09) fenrir::services::scheduler::service: db ping failed error=Ungültige Eingabe: db-shell-service ist deaktiviert
2025-11-28T18:48:03.281865Z  WARN tokio-runtime-worker ThreadId(09) fenrir::services::scheduler::service: db ping failed error=Ungültige Eingabe: db-shell-service ist deaktiviert
2025-11-28T18:50:03.283479Z  WARN tokio-runtime-worker ThreadId(09) fenrir::services::scheduler::service: db ping failed error=Ungültige Eingabe: db-shell-service ist deaktiviert
2025-11-28T18:52:03.284767Z  WARN tokio-runtime-worker ThreadId(09) fenrir::services::scheduler::service: db ping failed error=Ungültige Eingabe: db-shell-service ist deaktiviert
2025-11-28T18:54:03.285953Z  WARN tokio-runtime-worker ThreadId(09) fenrir::services::scheduler::service: db ping failed error=Ungültige Eingabe: db-shell-service ist deaktiviert
2025-11-28T18:56:03.287033Z  WARN tokio-runtime-worker ThreadId(09) fenrir::services::scheduler::service: db ping failed error=Ungültige Eingabe: db-shell-service ist deaktiviert
