2025-10-28T12:54:39.404229Z  INFO main ThreadId(01) fenrir::infra::logging: dateilogging initialisiert log_path=logs/app.log
2025-10-28T12:54:39.404368Z  INFO main ThreadId(01) fenrir::infra::logging: db-logdatei vorbereitet log_path=logs/db.log
2025-10-28T12:54:39.427643Z  INFO main ThreadId(01) fenrir::boot: core services registered in registry
2025-10-28T12:54:39.428400Z  INFO main ThreadId(01) fenrir::boot: scheduler service started
2025-10-28T12:54:39.428537Z  INFO tokio-runtime-worker ThreadId(14) fenrir::services::scheduler: scheduler heartbeat loop started
2025-10-28T12:54:39.429210Z  INFO                 main ThreadId(01) fenrir::boot: audit log persistence configured path=/opt/fenrir/development/tmp/runtime/audit/fenrir-audit-history.json capacity=2048 retention_hours=24 persist_seconds=30
2025-10-28T12:54:39.435129Z  INFO                 main ThreadId(01) fenrir::infra::modules::runtime::process: loaded 1 module states from disk
2025-10-28T12:54:39.435174Z  WARN                 main ThreadId(01) fenrir::infra::modules::runtime::process: module was running but process no longer exists module_id=fenrir-api pid=64862
2025-10-28T12:54:39.465636Z  INFO                 main ThreadId(01) fenrir::infra::http::server: HTTP control-plane authentication via identity broker
2025-10-28T12:54:39.465695Z  INFO                 main ThreadId(01) fenrir::boot: boot complete app=fenrir version=0.1.4
2025-10-28T12:54:39.466453Z  WARN tokio-runtime-worker ThreadId(17) fenrir::infra::modules::registry: skipping local module version module=fenrir-api error=missing artifact at /opt/fenrir/development/fenrir-api/fenrir-api-0.0.4.tar.gz
2025-10-28T12:54:39.466478Z  WARN tokio-runtime-worker ThreadId(17) fenrir::infra::modules::registry: skipping local module version module=fenrir-api error=missing artifact at /opt/fenrir/development/fenrir-api/fenrir-api-0.0.5.tar.gz
2025-10-28T12:54:39.466487Z  WARN tokio-runtime-worker ThreadId(17) fenrir::infra::modules::registry: skipping local module version module=fenrir-api error=missing artifact at /opt/fenrir/development/fenrir-api/fenrir-api-0.1.0.tar.gz
2025-10-28T12:54:39.466803Z  INFO                 main ThreadId(01) fenrir::boot: bootstrap module ready module=fenrir-api version="latest" status=AlreadyCurrent
2025-10-28T12:54:39.466844Z  INFO                 main ThreadId(01) fenrir::boot: transport initialisation triggered
2025-10-28T12:54:39.466874Z  INFO tokio-runtime-worker ThreadId(02) fenrir::boot: ssh server task spawned
2025-10-28T12:54:39.467112Z  INFO tokio-runtime-worker ThreadId(02) fenrir::infra::ssh: starting SSH server host=127.0.0.1 port=2222
2025-10-28T12:54:39.467546Z  INFO tokio-runtime-worker ThreadId(12) fenrir::infra::http::server: HTTP server task spawned
2025-10-28T12:54:47.733562Z  INFO tokio-runtime-worker ThreadId(13) thrussh::server::encrypted: pty-req: unknown pty code 42
2025-10-28T12:54:52.330981Z  WARN ThreadId(18) fenrir::infra::modules::storage: Skipping hidden module entry path=/Users/jfurocket/Documents/personal/modules/.cache name=".cache"
2025-10-28T12:54:54.472753Z  WARN tokio-runtime-worker ThreadId(12) fenrir::services::scheduler: db ping failed error=DB-Verbindungsfehler: error connecting to server: Connection refused (os error 61)
2025-10-28T12:54:56.504002Z  WARN ThreadId(51) fenrir::infra::modules::storage: Skipping hidden module entry path=/Users/jfurocket/Documents/personal/modules/.cache name=".cache"
2025-10-28T12:54:56.507435Z  WARN ThreadId(67) fenrir::infra::modules::storage: Skipping hidden module entry path=/Users/jfurocket/Documents/personal/modules/.cache name=".cache"
2025-10-28T12:54:56.947424Z  WARN ThreadId(83) fenrir::infra::modules::storage: Skipping hidden module entry path=/Users/jfurocket/Documents/personal/modules/.cache name=".cache"
2025-10-28T12:54:56.949914Z  WARN ThreadId(99) fenrir::infra::modules::storage: Skipping hidden module entry path=/Users/jfurocket/Documents/personal/modules/.cache name=".cache"
2025-10-28T12:54:59.169548Z  WARN tokio-runtime-worker ThreadId(124) fenrir::infra::modules::registry: skipping local module version module=fenrir-api error=missing artifact at /opt/fenrir/development/fenrir-api/fenrir-api-0.0.4.tar.gz
2025-10-28T12:54:59.169775Z  WARN tokio-runtime-worker ThreadId(124) fenrir::infra::modules::registry: skipping local module version module=fenrir-api error=missing artifact at /opt/fenrir/development/fenrir-api/fenrir-api-0.0.5.tar.gz
2025-10-28T12:54:59.169858Z  WARN tokio-runtime-worker ThreadId(124) fenrir::infra::modules::registry: skipping local module version module=fenrir-api error=missing artifact at /opt/fenrir/development/fenrir-api/fenrir-api-0.1.0.tar.gz
2025-10-28T12:54:59.172785Z  WARN tokio-runtime-worker ThreadId(124) fenrir::infra::modules::registry: skipping local module version module=fenrir-api error=missing artifact at /opt/fenrir/development/fenrir-api/fenrir-api-0.0.4.tar.gz
2025-10-28T12:54:59.172925Z  WARN tokio-runtime-worker ThreadId(124) fenrir::infra::modules::registry: skipping local module version module=fenrir-api error=missing artifact at /opt/fenrir/development/fenrir-api/fenrir-api-0.0.5.tar.gz
2025-10-28T12:54:59.172997Z  WARN tokio-runtime-worker ThreadId(124) fenrir::infra::modules::registry: skipping local module version module=fenrir-api error=missing artifact at /opt/fenrir/development/fenrir-api/fenrir-api-0.1.0.tar.gz
2025-10-28T12:56:54.478454Z  WARN tokio-runtime-worker ThreadId(12) fenrir::services::scheduler: db ping failed error=DB-Verbindungsfehler: error connecting to server: Connection refused (os error 61)
2025-10-28T12:58:54.506534Z  WARN tokio-runtime-worker ThreadId(13) fenrir::services::scheduler: db ping failed error=DB-Verbindungsfehler: error connecting to server: Connection refused (os error 61)
2025-10-28T12:59:10.637048Z  WARN ThreadId(134) fenrir::infra::modules::storage: Skipping hidden module entry path=/Users/jfurocket/Documents/personal/modules/.cache name=".cache"
2025-10-28T12:59:10.639535Z  WARN tokio-runtime-worker ThreadId(144) fenrir::infra::modules::registry: skipping local module version module=fenrir-api error=missing artifact at /opt/fenrir/development/fenrir-api/fenrir-api-0.0.4.tar.gz
2025-10-28T12:59:10.639651Z  WARN tokio-runtime-worker ThreadId(144) fenrir::infra::modules::registry: skipping local module version module=fenrir-api error=missing artifact at /opt/fenrir/development/fenrir-api/fenrir-api-0.0.5.tar.gz
2025-10-28T12:59:10.639690Z  WARN tokio-runtime-worker ThreadId(144) fenrir::infra::modules::registry: skipping local module version module=fenrir-api error=missing artifact at /opt/fenrir/development/fenrir-api/fenrir-api-0.1.0.tar.gz
2025-10-28T12:59:21.078666Z  WARN ThreadId(150) fenrir::infra::modules::storage: Skipping hidden module entry path=/Users/jfurocket/Documents/personal/modules/.cache name=".cache"
2025-10-28T12:59:21.081409Z  WARN tokio-runtime-worker ThreadId(155) fenrir::infra::modules::registry: skipping local module version module=fenrir-api error=missing artifact at /opt/fenrir/development/fenrir-api/fenrir-api-0.0.4.tar.gz
2025-10-28T12:59:21.081568Z  WARN tokio-runtime-worker ThreadId(155) fenrir::infra::modules::registry: skipping local module version module=fenrir-api error=missing artifact at /opt/fenrir/development/fenrir-api/fenrir-api-0.0.5.tar.gz
2025-10-28T12:59:21.081650Z  WARN tokio-runtime-worker ThreadId(155) fenrir::infra::modules::registry: skipping local module version module=fenrir-api error=missing artifact at /opt/fenrir/development/fenrir-api/fenrir-api-0.1.0.tar.gz
2025-10-28T12:59:25.609818Z  WARN ThreadId(166) fenrir::infra::modules::storage: Skipping hidden module entry path=/Users/jfurocket/Documents/personal/modules/.cache name=".cache"
2025-10-28T12:59:25.611734Z  WARN tokio-runtime-worker ThreadId(174) fenrir::infra::modules::registry: skipping local module version module=fenrir-api error=missing artifact at /opt/fenrir/development/fenrir-api/fenrir-api-0.0.4.tar.gz
2025-10-28T12:59:25.611921Z  WARN tokio-runtime-worker ThreadId(174) fenrir::infra::modules::registry: skipping local module version module=fenrir-api error=missing artifact at /opt/fenrir/development/fenrir-api/fenrir-api-0.0.5.tar.gz
2025-10-28T12:59:25.612002Z  WARN tokio-runtime-worker ThreadId(174) fenrir::infra::modules::registry: skipping local module version module=fenrir-api error=missing artifact at /opt/fenrir/development/fenrir-api/fenrir-api-0.1.0.tar.gz
2025-10-28T12:59:30.040540Z  WARN ThreadId(182) fenrir::infra::modules::storage: Skipping hidden module entry path=/Users/jfurocket/Documents/personal/modules/.cache name=".cache"
2025-10-28T12:59:30.407928Z  WARN tokio-runtime-worker ThreadId(209) fenrir::infra::modules::registry: skipping local module version module=fenrir-api error=missing artifact at /opt/fenrir/development/fenrir-api/fenrir-api-0.0.4.tar.gz
2025-10-28T12:59:30.408118Z  WARN tokio-runtime-worker ThreadId(209) fenrir::infra::modules::registry: skipping local module version module=fenrir-api error=missing artifact at /opt/fenrir/development/fenrir-api/fenrir-api-0.0.5.tar.gz
2025-10-28T12:59:30.408189Z  WARN tokio-runtime-worker ThreadId(209) fenrir::infra::modules::registry: skipping local module version module=fenrir-api error=missing artifact at /opt/fenrir/development/fenrir-api/fenrir-api-0.1.0.tar.gz
2025-10-28T13:00:54.510460Z  WARN tokio-runtime-worker ThreadId(12) fenrir::services::scheduler: db ping failed error=DB-Verbindungsfehler: error connecting to server: Connection refused (os error 61)
2025-10-28T13:01:24.339503Z  WARN ThreadId(215) fenrir::infra::modules::storage: Skipping hidden module entry path=/Users/jfurocket/Documents/personal/modules/.cache name=".cache"
2025-10-28T13:01:24.341276Z  WARN tokio-runtime-worker ThreadId(229) fenrir::infra::modules::registry: skipping local module version module=fenrir-api error=missing artifact at /opt/fenrir/development/fenrir-api/fenrir-api-0.0.4.tar.gz
2025-10-28T13:01:24.341373Z  WARN tokio-runtime-worker ThreadId(229) fenrir::infra::modules::registry: skipping local module version module=fenrir-api error=missing artifact at /opt/fenrir/development/fenrir-api/fenrir-api-0.0.5.tar.gz
2025-10-28T13:01:24.341399Z  WARN tokio-runtime-worker ThreadId(229) fenrir::infra::modules::registry: skipping local module version module=fenrir-api error=missing artifact at /opt/fenrir/development/fenrir-api/fenrir-api-0.1.0.tar.gz
2025-10-28T13:01:25.759841Z  WARN ThreadId(231) fenrir::infra::modules::storage: Skipping hidden module entry path=/Users/jfurocket/Documents/personal/modules/.cache name=".cache"
2025-10-28T13:01:25.762512Z  WARN tokio-runtime-worker ThreadId(243) fenrir::infra::modules::registry: skipping local module version module=fenrir-api error=missing artifact at /opt/fenrir/development/fenrir-api/fenrir-api-0.0.4.tar.gz
2025-10-28T13:01:25.762647Z  WARN tokio-runtime-worker ThreadId(243) fenrir::infra::modules::registry: skipping local module version module=fenrir-api error=missing artifact at /opt/fenrir/development/fenrir-api/fenrir-api-0.0.5.tar.gz
2025-10-28T13:01:25.762759Z  WARN tokio-runtime-worker ThreadId(243) fenrir::infra::modules::registry: skipping local module version module=fenrir-api error=missing artifact at /opt/fenrir/development/fenrir-api/fenrir-api-0.1.0.tar.gz
2025-10-28T13:01:26.591279Z  WARN ThreadId(247) fenrir::infra::modules::storage: Skipping hidden module entry path=/Users/jfurocket/Documents/personal/modules/.cache name=".cache"
2025-10-28T13:01:26.593844Z  WARN tokio-runtime-worker ThreadId(250) fenrir::infra::modules::registry: skipping local module version module=fenrir-api error=missing artifact at /opt/fenrir/development/fenrir-api/fenrir-api-0.0.4.tar.gz
2025-10-28T13:01:26.593951Z  WARN tokio-runtime-worker ThreadId(250) fenrir::infra::modules::registry: skipping local module version module=fenrir-api error=missing artifact at /opt/fenrir/development/fenrir-api/fenrir-api-0.0.5.tar.gz
2025-10-28T13:01:26.593989Z  WARN tokio-runtime-worker ThreadId(250) fenrir::infra::modules::registry: skipping local module version module=fenrir-api error=missing artifact at /opt/fenrir/development/fenrir-api/fenrir-api-0.1.0.tar.gz
2025-10-28T13:01:27.263423Z  WARN ThreadId(263) fenrir::infra::modules::storage: Skipping hidden module entry path=/Users/jfurocket/Documents/personal/modules/.cache name=".cache"
2025-10-28T13:01:27.266380Z  WARN tokio-runtime-worker ThreadId(277) fenrir::infra::modules::registry: skipping local module version module=fenrir-api error=missing artifact at /opt/fenrir/development/fenrir-api/fenrir-api-0.0.4.tar.gz
2025-10-28T13:01:27.266548Z  WARN tokio-runtime-worker ThreadId(277) fenrir::infra::modules::registry: skipping local module version module=fenrir-api error=missing artifact at /opt/fenrir/development/fenrir-api/fenrir-api-0.0.5.tar.gz
2025-10-28T13:01:27.266623Z  WARN tokio-runtime-worker ThreadId(277) fenrir::infra::modules::registry: skipping local module version module=fenrir-api error=missing artifact at /opt/fenrir/development/fenrir-api/fenrir-api-0.1.0.tar.gz
2025-10-28T13:01:27.907109Z  WARN ThreadId(279) fenrir::infra::modules::storage: Skipping hidden module entry path=/Users/jfurocket/Documents/personal/modules/.cache name=".cache"
2025-10-28T13:01:27.909808Z  WARN tokio-runtime-worker ThreadId(287) fenrir::infra::modules::registry: skipping local module version module=fenrir-api error=missing artifact at /opt/fenrir/development/fenrir-api/fenrir-api-0.0.4.tar.gz
2025-10-28T13:01:27.909966Z  WARN tokio-runtime-worker ThreadId(287) fenrir::infra::modules::registry: skipping local module version module=fenrir-api error=missing artifact at /opt/fenrir/development/fenrir-api/fenrir-api-0.0.5.tar.gz
2025-10-28T13:01:27.910044Z  WARN tokio-runtime-worker ThreadId(287) fenrir::infra::modules::registry: skipping local module version module=fenrir-api error=missing artifact at /opt/fenrir/development/fenrir-api/fenrir-api-0.1.0.tar.gz
2025-10-28T13:01:29.227282Z  WARN tokio-runtime-worker ThreadId(297) fenrir::infra::modules::registry: skipping local module version module=fenrir-api error=missing artifact at /opt/fenrir/development/fenrir-api/fenrir-api-0.0.4.tar.gz
2025-10-28T13:01:29.227482Z  WARN tokio-runtime-worker ThreadId(297) fenrir::infra::modules::registry: skipping local module version module=fenrir-api error=missing artifact at /opt/fenrir/development/fenrir-api/fenrir-api-0.0.5.tar.gz
2025-10-28T13:01:29.227554Z  WARN tokio-runtime-worker ThreadId(297) fenrir::infra::modules::registry: skipping local module version module=fenrir-api error=missing artifact at /opt/fenrir/development/fenrir-api/fenrir-api-0.1.0.tar.gz
2025-10-28T13:01:31.070113Z  WARN tokio-runtime-worker ThreadId(317) fenrir::infra::modules::registry: skipping local module version module=fenrir-api error=missing artifact at /opt/fenrir/development/fenrir-api/fenrir-api-0.0.4.tar.gz
2025-10-28T13:01:31.070333Z  WARN tokio-runtime-worker ThreadId(317) fenrir::infra::modules::registry: skipping local module version module=fenrir-api error=missing artifact at /opt/fenrir/development/fenrir-api/fenrir-api-0.0.5.tar.gz
2025-10-28T13:01:31.070399Z  WARN tokio-runtime-worker ThreadId(317) fenrir::infra::modules::registry: skipping local module version module=fenrir-api error=missing artifact at /opt/fenrir/development/fenrir-api/fenrir-api-0.1.0.tar.gz
2025-10-28T13:01:31.822597Z  WARN tokio-runtime-worker ThreadId(336) fenrir::infra::modules::registry: skipping local module version module=fenrir-api error=missing artifact at /opt/fenrir/development/fenrir-api/fenrir-api-0.0.4.tar.gz
2025-10-28T13:01:31.822757Z  WARN tokio-runtime-worker ThreadId(336) fenrir::infra::modules::registry: skipping local module version module=fenrir-api error=missing artifact at /opt/fenrir/development/fenrir-api/fenrir-api-0.0.5.tar.gz
2025-10-28T13:01:31.822795Z  WARN tokio-runtime-worker ThreadId(336) fenrir::infra::modules::registry: skipping local module version module=fenrir-api error=missing artifact at /opt/fenrir/development/fenrir-api/fenrir-api-0.1.0.tar.gz
2025-10-28T13:01:32.704581Z  WARN tokio-runtime-worker ThreadId(355) fenrir::infra::modules::registry: skipping local module version module=fenrir-api error=missing artifact at /opt/fenrir/development/fenrir-api/fenrir-api-0.0.4.tar.gz
2025-10-28T13:01:32.704795Z  WARN tokio-runtime-worker ThreadId(355) fenrir::infra::modules::registry: skipping local module version module=fenrir-api error=missing artifact at /opt/fenrir/development/fenrir-api/fenrir-api-0.0.5.tar.gz
2025-10-28T13:01:32.704876Z  WARN tokio-runtime-worker ThreadId(355) fenrir::infra::modules::registry: skipping local module version module=fenrir-api error=missing artifact at /opt/fenrir/development/fenrir-api/fenrir-api-0.1.0.tar.gz
2025-10-28T13:01:33.253662Z  WARN tokio-runtime-worker ThreadId(360) fenrir::infra::modules::registry: skipping local module version module=fenrir-api error=missing artifact at /opt/fenrir/development/fenrir-api/fenrir-api-0.0.4.tar.gz
2025-10-28T13:01:33.253876Z  WARN tokio-runtime-worker ThreadId(360) fenrir::infra::modules::registry: skipping local module version module=fenrir-api error=missing artifact at /opt/fenrir/development/fenrir-api/fenrir-api-0.0.5.tar.gz
2025-10-28T13:01:33.253957Z  WARN tokio-runtime-worker ThreadId(360) fenrir::infra::modules::registry: skipping local module version module=fenrir-api error=missing artifact at /opt/fenrir/development/fenrir-api/fenrir-api-0.1.0.tar.gz
2025-10-28T13:01:33.805621Z  WARN tokio-runtime-worker ThreadId(387) fenrir::infra::modules::registry: skipping local module version module=fenrir-api error=missing artifact at /opt/fenrir/development/fenrir-api/fenrir-api-0.0.4.tar.gz
2025-10-28T13:01:33.805823Z  WARN tokio-runtime-worker ThreadId(387) fenrir::infra::modules::registry: skipping local module version module=fenrir-api error=missing artifact at /opt/fenrir/development/fenrir-api/fenrir-api-0.0.5.tar.gz
2025-10-28T13:01:33.805902Z  WARN tokio-runtime-worker ThreadId(387) fenrir::infra::modules::registry: skipping local module version module=fenrir-api error=missing artifact at /opt/fenrir/development/fenrir-api/fenrir-api-0.1.0.tar.gz
2025-10-28T13:01:34.351572Z  WARN tokio-runtime-worker ThreadId(406) fenrir::infra::modules::registry: skipping local module version module=fenrir-api error=missing artifact at /opt/fenrir/development/fenrir-api/fenrir-api-0.0.4.tar.gz
2025-10-28T13:01:34.351792Z  WARN tokio-runtime-worker ThreadId(406) fenrir::infra::modules::registry: skipping local module version module=fenrir-api error=missing artifact at /opt/fenrir/development/fenrir-api/fenrir-api-0.0.5.tar.gz
2025-10-28T13:01:34.351867Z  WARN tokio-runtime-worker ThreadId(406) fenrir::infra::modules::registry: skipping local module version module=fenrir-api error=missing artifact at /opt/fenrir/development/fenrir-api/fenrir-api-0.1.0.tar.gz
2025-10-28T13:01:34.902942Z  WARN tokio-runtime-worker ThreadId(413) fenrir::infra::modules::registry: skipping local module version module=fenrir-api error=missing artifact at /opt/fenrir/development/fenrir-api/fenrir-api-0.0.4.tar.gz
2025-10-28T13:01:34.903107Z  WARN tokio-runtime-worker ThreadId(413) fenrir::infra::modules::registry: skipping local module version module=fenrir-api error=missing artifact at /opt/fenrir/development/fenrir-api/fenrir-api-0.0.5.tar.gz
2025-10-28T13:01:34.903145Z  WARN tokio-runtime-worker ThreadId(413) fenrir::infra::modules::registry: skipping local module version module=fenrir-api error=missing artifact at /opt/fenrir/development/fenrir-api/fenrir-api-0.1.0.tar.gz
2025-10-28T13:01:39.320783Z  WARN ThreadId(423) fenrir::infra::modules::storage: Skipping hidden module entry path=/Users/jfurocket/Documents/personal/modules/.cache name=".cache"
2025-10-28T13:01:44.516287Z  WARN tokio-runtime-worker ThreadId(469) fenrir::infra::modules::registry: skipping local module version module=fenrir-api error=missing artifact at /opt/fenrir/development/fenrir-api/fenrir-api-0.0.4.tar.gz
2025-10-28T13:01:44.516498Z  WARN tokio-runtime-worker ThreadId(469) fenrir::infra::modules::registry: skipping local module version module=fenrir-api error=missing artifact at /opt/fenrir/development/fenrir-api/fenrir-api-0.0.5.tar.gz
2025-10-28T13:01:44.516586Z  WARN tokio-runtime-worker ThreadId(469) fenrir::infra::modules::registry: skipping local module version module=fenrir-api error=missing artifact at /opt/fenrir/development/fenrir-api/fenrir-api-0.1.0.tar.gz
2025-10-28T13:01:44.519425Z  WARN tokio-runtime-worker ThreadId(469) fenrir::infra::modules::registry: skipping local module version module=fenrir-api error=missing artifact at /opt/fenrir/development/fenrir-api/fenrir-api-0.0.4.tar.gz
2025-10-28T13:01:44.519554Z  WARN tokio-runtime-worker ThreadId(469) fenrir::infra::modules::registry: skipping local module version module=fenrir-api error=missing artifact at /opt/fenrir/development/fenrir-api/fenrir-api-0.0.5.tar.gz
2025-10-28T13:01:44.519622Z  WARN tokio-runtime-worker ThreadId(469) fenrir::infra::modules::registry: skipping local module version module=fenrir-api error=missing artifact at /opt/fenrir/development/fenrir-api/fenrir-api-0.1.0.tar.gz
2025-10-28T13:02:14.198862Z  WARN tokio-runtime-worker ThreadId(475) fenrir::infra::modules::registry: skipping local module version module=fenrir-api error=missing artifact at /opt/fenrir/development/fenrir-api/fenrir-api-0.0.4.tar.gz
2025-10-28T13:02:14.199037Z  WARN tokio-runtime-worker ThreadId(475) fenrir::infra::modules::registry: skipping local module version module=fenrir-api error=missing artifact at /opt/fenrir/development/fenrir-api/fenrir-api-0.0.5.tar.gz
2025-10-28T13:02:14.199092Z  WARN tokio-runtime-worker ThreadId(475) fenrir::infra::modules::registry: skipping local module version module=fenrir-api error=missing artifact at /opt/fenrir/development/fenrir-api/fenrir-api-0.1.0.tar.gz
2025-10-28T13:02:54.514057Z  WARN tokio-runtime-worker ThreadId(12) fenrir::services::scheduler: db ping failed error=DB-Verbindungsfehler: error connecting to server: Connection refused (os error 61)
2025-10-28T13:03:24.744341Z  WARN tokio-runtime-worker ThreadId(504) fenrir::infra::modules::registry: skipping local module version module=fenrir-api error=missing artifact at /opt/fenrir/development/fenrir-api/fenrir-api-0.0.4.tar.gz
2025-10-28T13:03:24.744509Z  WARN tokio-runtime-worker ThreadId(504) fenrir::infra::modules::registry: skipping local module version module=fenrir-api error=missing artifact at /opt/fenrir/development/fenrir-api/fenrir-api-0.0.5.tar.gz
2025-10-28T13:03:24.744614Z  WARN tokio-runtime-worker ThreadId(504) fenrir::infra::modules::registry: skipping local module version module=fenrir-api error=missing artifact at /opt/fenrir/development/fenrir-api/fenrir-api-0.1.0.tar.gz
2025-10-28T13:03:25.562010Z  WARN tokio-runtime-worker ThreadId(508) fenrir::infra::modules::registry: skipping local module version module=fenrir-api error=missing artifact at /opt/fenrir/development/fenrir-api/fenrir-api-0.0.4.tar.gz
2025-10-28T13:03:25.562347Z  WARN tokio-runtime-worker ThreadId(508) fenrir::infra::modules::registry: skipping local module version module=fenrir-api error=missing artifact at /opt/fenrir/development/fenrir-api/fenrir-api-0.0.5.tar.gz
2025-10-28T13:03:25.562602Z  WARN tokio-runtime-worker ThreadId(508) fenrir::infra::modules::registry: skipping local module version module=fenrir-api error=missing artifact at /opt/fenrir/development/fenrir-api/fenrir-api-0.1.0.tar.gz
2025-10-28T13:03:26.241848Z  WARN tokio-runtime-worker ThreadId(535) fenrir::infra::modules::registry: skipping local module version module=fenrir-api error=missing artifact at /opt/fenrir/development/fenrir-api/fenrir-api-0.0.4.tar.gz
2025-10-28T13:03:26.242028Z  WARN tokio-runtime-worker ThreadId(535) fenrir::infra::modules::registry: skipping local module version module=fenrir-api error=missing artifact at /opt/fenrir/development/fenrir-api/fenrir-api-0.0.5.tar.gz
2025-10-28T13:03:26.242072Z  WARN tokio-runtime-worker ThreadId(535) fenrir::infra::modules::registry: skipping local module version module=fenrir-api error=missing artifact at /opt/fenrir/development/fenrir-api/fenrir-api-0.1.0.tar.gz
2025-10-28T13:04:54.518114Z  WARN tokio-runtime-worker ThreadId(13) fenrir::services::scheduler: db ping failed error=DB-Verbindungsfehler: error connecting to server: Connection refused (os error 61)
2025-10-28T13:05:13.027210Z  WARN ThreadId(538) fenrir::infra::modules::storage: Skipping hidden module entry path=/Users/jfurocket/Documents/personal/modules/.cache name=".cache"
2025-10-28T13:05:13.029468Z  WARN tokio-runtime-worker ThreadId(546) fenrir::infra::modules::registry: skipping local module version module=fenrir-api error=missing artifact at /opt/fenrir/development/fenrir-api/fenrir-api-0.0.4.tar.gz
2025-10-28T13:05:13.029591Z  WARN tokio-runtime-worker ThreadId(546) fenrir::infra::modules::registry: skipping local module version module=fenrir-api error=missing artifact at /opt/fenrir/development/fenrir-api/fenrir-api-0.0.5.tar.gz
2025-10-28T13:05:13.029645Z  WARN tokio-runtime-worker ThreadId(546) fenrir::infra::modules::registry: skipping local module version module=fenrir-api error=missing artifact at /opt/fenrir/development/fenrir-api/fenrir-api-0.1.0.tar.gz
2025-10-28T13:05:14.891517Z  WARN ThreadId(554) fenrir::infra::modules::storage: Skipping hidden module entry path=/Users/jfurocket/Documents/personal/modules/.cache name=".cache"
2025-10-28T13:05:14.894308Z  WARN tokio-runtime-worker ThreadId(569) fenrir::infra::modules::registry: skipping local module version module=fenrir-api error=missing artifact at /opt/fenrir/development/fenrir-api/fenrir-api-0.0.4.tar.gz
2025-10-28T13:05:14.894458Z  WARN tokio-runtime-worker ThreadId(569) fenrir::infra::modules::registry: skipping local module version module=fenrir-api error=missing artifact at /opt/fenrir/development/fenrir-api/fenrir-api-0.0.5.tar.gz
2025-10-28T13:05:14.894531Z  WARN tokio-runtime-worker ThreadId(569) fenrir::infra::modules::registry: skipping local module version module=fenrir-api error=missing artifact at /opt/fenrir/development/fenrir-api/fenrir-api-0.1.0.tar.gz
2025-10-28T13:05:49.994595Z  WARN ThreadId(570) fenrir::infra::modules::storage: Skipping hidden module entry path=/Users/jfurocket/Documents/personal/modules/.cache name=".cache"
2025-10-28T13:06:10.452641Z  WARN ThreadId(602) fenrir::infra::modules::storage: Skipping hidden module entry path=/Users/jfurocket/Documents/personal/modules/.cache name=".cache"
2025-10-28T13:06:10.456298Z  WARN ThreadId(618) fenrir::infra::modules::storage: Skipping hidden module entry path=/Users/jfurocket/Documents/personal/modules/.cache name=".cache"
2025-10-28T13:06:12.771244Z  WARN tokio-runtime-worker ThreadId(640) fenrir::infra::modules::registry: skipping local module version module=fenrir-api error=missing artifact at /opt/fenrir/development/fenrir-api/fenrir-api-0.0.4.tar.gz
2025-10-28T13:06:12.771451Z  WARN tokio-runtime-worker ThreadId(640) fenrir::infra::modules::registry: skipping local module version module=fenrir-api error=missing artifact at /opt/fenrir/development/fenrir-api/fenrir-api-0.0.5.tar.gz
2025-10-28T13:06:12.771538Z  WARN tokio-runtime-worker ThreadId(640) fenrir::infra::modules::registry: skipping local module version module=fenrir-api error=missing artifact at /opt/fenrir/development/fenrir-api/fenrir-api-0.1.0.tar.gz
2025-10-28T13:06:12.774403Z  WARN tokio-runtime-worker ThreadId(640) fenrir::infra::modules::registry: skipping local module version module=fenrir-api error=missing artifact at /opt/fenrir/development/fenrir-api/fenrir-api-0.0.4.tar.gz
2025-10-28T13:06:12.774537Z  WARN tokio-runtime-worker ThreadId(640) fenrir::infra::modules::registry: skipping local module version module=fenrir-api error=missing artifact at /opt/fenrir/development/fenrir-api/fenrir-api-0.0.5.tar.gz
2025-10-28T13:06:12.774610Z  WARN tokio-runtime-worker ThreadId(640) fenrir::infra::modules::registry: skipping local module version module=fenrir-api error=missing artifact at /opt/fenrir/development/fenrir-api/fenrir-api-0.1.0.tar.gz
2025-10-28T13:06:54.523366Z  WARN tokio-runtime-worker ThreadId(13) fenrir::services::scheduler: db ping failed error=DB-Verbindungsfehler: error connecting to server: Connection refused (os error 61)
2025-10-28T13:07:08.919995Z  WARN ThreadId(652) fenrir::infra::modules::storage: Skipping hidden module entry path=/Users/jfurocket/Documents/personal/modules/.cache name=".cache"
2025-10-28T13:07:08.922816Z  WARN tokio-runtime-worker ThreadId(665) fenrir::infra::modules::registry: skipping local module version module=fenrir-api error=missing artifact at /opt/fenrir/development/fenrir-api/fenrir-api-0.0.4.tar.gz
2025-10-28T13:07:08.923010Z  WARN tokio-runtime-worker ThreadId(665) fenrir::infra::modules::registry: skipping local module version module=fenrir-api error=missing artifact at /opt/fenrir/development/fenrir-api/fenrir-api-0.0.5.tar.gz
2025-10-28T13:07:08.923103Z  WARN tokio-runtime-worker ThreadId(665) fenrir::infra::modules::registry: skipping local module version module=fenrir-api error=missing artifact at /opt/fenrir/development/fenrir-api/fenrir-api-0.1.0.tar.gz
2025-10-28T13:07:11.123548Z  WARN ThreadId(668) fenrir::infra::modules::storage: Skipping hidden module entry path=/Users/jfurocket/Documents/personal/modules/.cache name=".cache"
2025-10-28T13:07:11.126294Z  WARN tokio-runtime-worker ThreadId(674) fenrir::infra::modules::registry: skipping local module version module=fenrir-api error=missing artifact at /opt/fenrir/development/fenrir-api/fenrir-api-0.0.4.tar.gz
2025-10-28T13:07:11.126449Z  WARN tokio-runtime-worker ThreadId(674) fenrir::infra::modules::registry: skipping local module version module=fenrir-api error=missing artifact at /opt/fenrir/development/fenrir-api/fenrir-api-0.0.5.tar.gz
2025-10-28T13:07:11.126529Z  WARN tokio-runtime-worker ThreadId(674) fenrir::infra::modules::registry: skipping local module version module=fenrir-api error=missing artifact at /opt/fenrir/development/fenrir-api/fenrir-api-0.1.0.tar.gz
2025-10-28T13:07:13.223038Z  WARN tokio-runtime-worker ThreadId(700) fenrir::infra::modules::registry: skipping local module version module=fenrir-api error=missing artifact at /opt/fenrir/development/fenrir-api/fenrir-api-0.0.4.tar.gz
2025-10-28T13:07:13.223512Z  WARN tokio-runtime-worker ThreadId(700) fenrir::infra::modules::registry: skipping local module version module=fenrir-api error=missing artifact at /opt/fenrir/development/fenrir-api/fenrir-api-0.0.5.tar.gz
2025-10-28T13:07:13.223580Z  WARN tokio-runtime-worker ThreadId(700) fenrir::infra::modules::registry: skipping local module version module=fenrir-api error=missing artifact at /opt/fenrir/development/fenrir-api/fenrir-api-0.1.0.tar.gz
2025-10-28T13:07:18.398684Z  WARN ThreadId(701) fenrir::infra::modules::storage: Skipping hidden module entry path=/Users/jfurocket/Documents/personal/modules/.cache name=".cache"
2025-10-28T13:07:18.400987Z  WARN tokio-runtime-worker ThreadId(702) fenrir::infra::modules::registry: skipping local module version module=fenrir-api error=missing artifact at /opt/fenrir/development/fenrir-api/fenrir-api-0.0.4.tar.gz
2025-10-28T13:07:18.401105Z  WARN tokio-runtime-worker ThreadId(702) fenrir::infra::modules::registry: skipping local module version module=fenrir-api error=missing artifact at /opt/fenrir/development/fenrir-api/fenrir-api-0.0.5.tar.gz
2025-10-28T13:07:18.401164Z  WARN tokio-runtime-worker ThreadId(702) fenrir::infra::modules::registry: skipping local module version module=fenrir-api error=missing artifact at /opt/fenrir/development/fenrir-api/fenrir-api-0.1.0.tar.gz
2025-10-28T13:07:22.225159Z  WARN ThreadId(717) fenrir::infra::modules::storage: Skipping hidden module entry path=/Users/jfurocket/Documents/personal/modules/.cache name=".cache"
2025-10-28T13:07:22.227978Z  WARN tokio-runtime-worker ThreadId(721) fenrir::infra::modules::registry: skipping local module version module=fenrir-api error=missing artifact at /opt/fenrir/development/fenrir-api/fenrir-api-0.0.4.tar.gz
2025-10-28T13:07:22.228139Z  WARN tokio-runtime-worker ThreadId(721) fenrir::infra::modules::registry: skipping local module version module=fenrir-api error=missing artifact at /opt/fenrir/development/fenrir-api/fenrir-api-0.0.5.tar.gz
2025-10-28T13:07:22.228213Z  WARN tokio-runtime-worker ThreadId(721) fenrir::infra::modules::registry: skipping local module version module=fenrir-api error=missing artifact at /opt/fenrir/development/fenrir-api/fenrir-api-0.1.0.tar.gz
