2025-10-07T19:38:40.783617Z  INFO main ThreadId(01) fenrir::infra::logging: dateilogging initialisiert log_path=logs/app.log
2025-10-07T19:38:40.783781Z  INFO main ThreadId(01) fenrir::infra::logging: db-logdatei vorbereitet log_path=logs/db.log
2025-10-07T19:38:40.783947Z  INFO main ThreadId(01) fenrir::boot: core services registered in registry
2025-10-07T19:38:40.784214Z  INFO main ThreadId(01) fenrir::boot: scheduler service started
2025-10-07T19:38:40.784715Z  INFO tokio-runtime-worker ThreadId(07) fenrir::services::scheduler: scheduler heartbeat loop started
2025-10-07T19:38:40.784819Z  INFO                 main ThreadId(01) fenrir::boot: user and ticket services initialised
2025-10-07T19:38:40.784830Z  INFO                 main ThreadId(01) fenrir::boot: boot complete app=fenrir version=0.1.3
2025-10-07T19:38:40.784930Z  INFO                 main ThreadId(01) fenrir::boot: transport initialisation triggered
2025-10-07T19:38:40.784965Z  INFO tokio-runtime-worker ThreadId(07) fenrir::boot: ssh server task spawned
2025-10-07T19:38:40.785369Z  INFO tokio-runtime-worker ThreadId(07) fenrir::infra::ssh: starting SSH server host=127.0.0.1 port=2222
2025-10-07T19:38:40.785893Z  INFO tokio-runtime-worker ThreadId(15) fenrir::infra::http: HTTP server task spawned
2025-10-07T19:38:55.792730Z  WARN tokio-runtime-worker ThreadId(07) fenrir::services::scheduler: db ping failed error=DB-Verbindungsfehler: error connecting to server: Connection refused (os error 61)
2025-10-07T19:40:55.794711Z  WARN tokio-runtime-worker ThreadId(05) fenrir::services::scheduler: db ping failed error=Ungültige Eingabe: db-shell-service ist deaktiviert
2025-10-07T19:40:57.364001Z  INFO tokio-runtime-worker ThreadId(05) thrussh::server::encrypted: pty-req: unknown pty code 42
2025-10-07T19:42:55.796981Z  WARN tokio-runtime-worker ThreadId(07) fenrir::services::scheduler: db ping failed error=Ungültige Eingabe: db-shell-service ist deaktiviert
2025-10-07T19:44:55.798173Z  WARN tokio-runtime-worker ThreadId(06) fenrir::services::scheduler: db ping failed error=Ungültige Eingabe: db-shell-service ist deaktiviert
2025-10-07T19:46:42.783353Z  INFO tokio-runtime-worker ThreadId(06) fenrir::cli::commands::builtins::log: log command invoked command="log" target="app"
2025-10-07T19:46:55.800098Z  WARN tokio-runtime-worker ThreadId(06) fenrir::services::scheduler: db ping failed error=Ungültige Eingabe: db-shell-service ist deaktiviert
2025-10-07T19:48:55.801936Z  WARN tokio-runtime-worker ThreadId(06) fenrir::services::scheduler: db ping failed error=Ungültige Eingabe: db-shell-service ist deaktiviert
2025-10-07T19:49:39.830730Z  INFO tokio-runtime-worker ThreadId(03) fenrir::services::scheduler: scheduler heartbeat stopped
2025-10-07T19:49:39.830840Z  INFO tokio-runtime-worker ThreadId(03) fenrir::services::scheduler: scheduler service dropped and resources cleaned up
