2025-10-09T06:59:43.642851Z  INFO main ThreadId(01) fenrir::infra::logging: dateilogging initialisiert log_path=logs/app.log
2025-10-09T06:59:43.642991Z  INFO main ThreadId(01) fenrir::infra::logging: db-logdatei vorbereitet log_path=logs/db.log
2025-10-09T06:59:43.643249Z  INFO main ThreadId(01) fenrir::boot: core services registered in registry
2025-10-09T06:59:43.643552Z  INFO main ThreadId(01) fenrir::boot: scheduler service started
2025-10-09T06:59:43.643932Z  INFO tokio-runtime-worker ThreadId(12) fenrir::services::scheduler: scheduler heartbeat loop started
2025-10-09T06:59:43.645379Z  INFO                 main ThreadId(01) fenrir::boot: user and ticket services initialised
2025-10-09T06:59:43.645407Z  INFO                 main ThreadId(01) fenrir::boot: boot complete app=fenrir version=0.1.3
2025-10-09T06:59:43.645477Z  INFO                 main ThreadId(01) fenrir::boot: transport initialisation triggered
2025-10-09T06:59:43.645512Z  INFO tokio-runtime-worker ThreadId(14) fenrir::boot: ssh server task spawned
2025-10-09T06:59:43.645925Z  INFO tokio-runtime-worker ThreadId(14) fenrir::infra::ssh: starting SSH server host=127.0.0.1 port=2222
2025-10-09T06:59:43.646309Z  INFO tokio-runtime-worker ThreadId(09) fenrir::infra::http: HTTP server task spawned
2025-10-09T06:59:50.924843Z  INFO tokio-runtime-worker ThreadId(02) thrussh::server::encrypted: pty-req: unknown pty code 42
2025-10-09T06:59:51.954045Z  INFO tokio-runtime-worker ThreadId(02) fenrir::cli::commands::builtins::modules: modules command invoked command="modules"
2025-10-09T06:59:51.958176Z  WARN ThreadId(17) fenrir::infra::modules::storage: Skipping module entry with invalid identifier path=/Users/jfurocket/Documents/personal/modules/.cache error=validation error: module id may only contain [a-z0-9-_]
2025-10-09T06:59:51.958300Z  WARN ThreadId(17) fenrir::infra::modules::storage: Skipping module entry with invalid identifier path=/Users/jfurocket/Documents/personal/modules/.idea error=validation error: module id may only contain [a-z0-9-_]
2025-10-09T07:03:50.440077Z  INFO tokio-runtime-worker ThreadId(14) fenrir::cli::commands::builtins::modules: modules command invoked command="modules"
2025-10-09T07:03:52.924392Z  INFO tokio-runtime-worker ThreadId(02) fenrir::cli::commands::builtins::modules: modules command invoked command="modules"
2025-10-09T07:03:52.927686Z  WARN ThreadId(51) fenrir::infra::modules::storage: Skipping module entry with invalid identifier path=/Users/jfurocket/Documents/personal/modules/.cache error=validation error: module id may only contain [a-z0-9-_]
2025-10-09T07:03:52.927971Z  WARN ThreadId(51) fenrir::infra::modules::storage: Skipping module entry with invalid identifier path=/Users/jfurocket/Documents/personal/modules/.idea error=validation error: module id may only contain [a-z0-9-_]
2025-10-09T07:03:56.545757Z  INFO tokio-runtime-worker ThreadId(02) fenrir::cli::commands::builtins::modules: modules command invoked command="modules"
2025-10-09T07:04:03.622769Z  INFO tokio-runtime-worker ThreadId(12) fenrir::cli::commands::builtins::modules: modules command invoked command="modules"
2025-10-09T07:05:35.592759Z  INFO tokio-runtime-worker ThreadId(06) fenrir::services::scheduler: scheduler heartbeat stopped
2025-10-09T07:05:35.592958Z  INFO tokio-runtime-worker ThreadId(06) fenrir::services::scheduler: scheduler service dropped and resources cleaned up
