2025-11-27T18:22:26.095686Z  INFO main ThreadId(01) fenrir::infra::logging: dateilogging initialisiert log_path=logs/app.log
2025-11-27T18:22:26.095819Z  INFO main ThreadId(01) fenrir::infra::logging: db-logdatei vorbereitet log_path=logs/db.log
2025-11-27T18:22:26.153080Z  INFO main ThreadId(01) fenrir::boot: core services registered in registry
2025-11-27T18:22:26.153715Z  INFO main ThreadId(01) fenrir::boot: scheduler service started
2025-11-27T18:22:26.153919Z  INFO tokio-runtime-worker ThreadId(15) fenrir::services::scheduler: scheduler heartbeat loop started
2025-11-27T18:22:26.156053Z  INFO                 main ThreadId(01) fenrir::boot: audit log persistence configured path=/opt/fenrir/development/tmp/runtime/audit/fenrir-audit-history.json capacity=2048 retention_hours=24 persist_seconds=30
2025-11-27T18:22:26.162774Z  WARN                 main ThreadId(01) fenrir::infra::modules::verifier: allowlisted signers missing from keyring - signature verification will be skipped for them missing=["module-registry"]
2025-11-27T18:22:26.163409Z  INFO                 main ThreadId(01) fenrir::infra::modules::runtime::process: loaded 2 module states from disk
2025-11-27T18:22:26.163448Z  WARN                 main ThreadId(01) fenrir::infra::modules::runtime::process: module was running but process no longer exists module_id=fenrir-api pid=48691
2025-11-27T18:22:26.163456Z  WARN                 main ThreadId(01) fenrir::infra::modules::runtime::process: module was running but process no longer exists module_id=notification-hub pid=48692
2025-11-27T18:22:26.210598Z  INFO                 main ThreadId(01) fenrir::infra::http::server: HTTP control-plane authentication via identity broker
2025-11-27T18:22:26.210673Z  INFO                 main ThreadId(01) fenrir::boot: boot complete app=fenrir version=0.1.4
2025-11-27T18:22:26.214692Z  INFO                 main ThreadId(01) fenrir::boot: bootstrap module ready module=fenrir-api version="latest" status=AlreadyCurrent
2025-11-27T18:22:26.215534Z  WARN                 main ThreadId(01) fenrir::infra::modules::storage: Skipping hidden module entry path=/Users/jfurocket/Documents/personal/modules/.cache name=".cache"
2025-11-27T18:22:26.217559Z  INFO                 main ThreadId(01) fenrir::infra::modules::runtime::process: module process started module_id=fenrir-api pid=49594 port=None
2025-11-27T18:22:26.217934Z  INFO                 main ThreadId(01) fenrir::services::module: module started successfully module_id=fenrir-api pid=Some(49594) port=None
2025-11-27T18:22:26.219155Z  INFO                 main ThreadId(01) fenrir::infra::modules::runtime::process: module process started module_id=notification-hub pid=49595 port=None
2025-11-27T18:22:26.219386Z  INFO                 main ThreadId(01) fenrir::services::module: module started successfully module_id=notification-hub pid=Some(49595) port=None
2025-11-27T18:22:26.219448Z  INFO tokio-runtime-worker ThreadId(05) fenrir::boot: ssh server task spawned
2025-11-27T18:22:26.219453Z  INFO                 main ThreadId(01) fenrir::boot: transport initialisation triggered
2025-11-27T18:22:26.219718Z  INFO tokio-runtime-worker ThreadId(05) fenrir::infra::ssh: starting SSH server host=127.0.0.1 port=2222
2025-11-27T18:22:26.219992Z  INFO tokio-runtime-worker ThreadId(13) fenrir::infra::http::server: HTTP server task spawned
2025-11-27T18:22:30.844614Z  INFO tokio-runtime-worker ThreadId(08) thrussh::server::encrypted: pty-req: unknown pty code 42
2025-11-27T18:22:33.333956Z  WARN ThreadId(19) fenrir::infra::modules::storage: Skipping hidden module entry path=/Users/jfurocket/Documents/personal/modules/.cache name=".cache"
2025-11-27T18:22:39.885469Z  WARN ThreadId(51) fenrir::infra::modules::storage: Skipping hidden module entry path=/Users/jfurocket/Documents/personal/modules/.cache name=".cache"
2025-11-27T18:22:47.463782Z  WARN ThreadId(84) fenrir::infra::modules::storage: Skipping hidden module entry path=/Users/jfurocket/Documents/personal/modules/.cache name=".cache"
2025-11-27T18:22:48.163464Z  INFO tokio-runtime-worker ThreadId(15) fenrir::infra::modules::runtime::process: module stopped module_id=fenrir-api pid=49594
2025-11-27T18:22:48.667683Z  INFO tokio-runtime-worker ThreadId(13) fenrir::infra::modules::runtime::process: module stopped module_id=notification-hub pid=49595
2025-11-27T18:22:48.669575Z  INFO tokio-runtime-worker ThreadId(13) fenrir::services::module: activating module dev service override module=fenrir-api services=1
2025-11-27T18:22:52.426994Z  WARN ThreadId(100) fenrir::infra::modules::storage: Skipping hidden module entry path=/Users/jfurocket/Documents/personal/modules/.cache name=".cache"
2025-11-27T18:22:52.642042Z  WARN tokio-runtime-worker ThreadId(08) fenrir::infra::modules::storage: Skipping hidden module entry path=/Users/jfurocket/Documents/personal/modules/.cache name=".cache"
2025-11-27T18:22:52.649508Z  INFO tokio-runtime-worker ThreadId(13) fenrir::infra::modules::runtime::process: module process started module_id=fenrir-api pid=49644 port=None
2025-11-27T18:22:52.650125Z  INFO tokio-runtime-worker ThreadId(13) fenrir::services::module: module started successfully module_id=fenrir-api pid=Some(49644) port=None
2025-11-27T18:22:52.657386Z  INFO tokio-runtime-worker ThreadId(08) fenrir::infra::modules::runtime::process: module process started module_id=notification-hub pid=49645 port=None
2025-11-27T18:22:52.661511Z  INFO tokio-runtime-worker ThreadId(08) fenrir::services::module: module started successfully module_id=notification-hub pid=Some(49645) port=None
