2026-01-15T09:45:28.199821Z  INFO main ThreadId(01) fenrir::infra::logging::init: file logging initialized log_path=logs/app.log
2026-01-15T09:45:28.200046Z  INFO main ThreadId(01) fenrir::infra::logging::init: db log file prepared log_path=logs/db.log
2026-01-15T09:45:29.520172Z  INFO main ThreadId(01) fenrir::infra::db::runtime: postgres using Unix socket (TCP disabled) socket_dir=/opt/fenrir/development/tmp/runtime/db/socket
2026-01-15T09:45:29.722562Z  INFO main ThreadId(01) fenrir::infra::db::runtime: postgres unix socket ready socket=/opt/fenrir/development/tmp/runtime/db/socket/.s.PGSQL.5432
2026-01-15T09:45:29.722808Z  INFO main ThreadId(01) fenrir::infra::db::runtime: embedded postgres started securely port=55432 pid=26968 auth="scram-sha-256" socket=true
2026-01-15T09:45:29.723038Z  INFO main ThreadId(01) fenrir::infra::db::runtime: db runtime supervisor started (stub) mode=Embedded engine=Postgres dir=/opt/fenrir/development/tmp/runtime/db
2026-01-15T09:45:29.725975Z  INFO main ThreadId(01) fenrir::boot::startup: core services registered in registry
2026-01-15T09:45:29.854182Z  INFO main ThreadId(01) fenrir::boot::startup: database migrations up to date engine=postgres
2026-01-15T09:45:29.854412Z  INFO main ThreadId(01) fenrir::boot::startup: scheduler service started
2026-01-15T09:45:29.854741Z  INFO tokio-runtime-worker ThreadId(13) fenrir::services::scheduler::service: scheduler heartbeat loop started
2026-01-15T09:45:29.856319Z  INFO                 main ThreadId(01) fenrir::boot::startup: audit log persistence configured path=/opt/fenrir/development/tmp/runtime/audit/fenrir-audit-history.json capacity=2048 retention_hours=24 persist_seconds=30
2026-01-15T09:45:29.861502Z  INFO                 main ThreadId(01) fenrir::infra::modules::runtime::process: loaded 2 module states from disk
2026-01-15T09:45:29.861568Z  WARN                 main ThreadId(01) fenrir::infra::modules::runtime::process: module was running but process no longer exists module_id=fenrir-api pid=26921
2026-01-15T09:45:29.861579Z  WARN                 main ThreadId(01) fenrir::infra::modules::runtime::process: module was running but process no longer exists module_id=notification-hub pid=26923
2026-01-15T09:45:29.913469Z  INFO                 main ThreadId(01) fenrir::security::identity::authority: identity store: using database backend
2026-01-15T09:45:29.914480Z  INFO                 main ThreadId(01) fenrir::services::scheduler::service: Automatic backup job registered schedule=daily
2026-01-15T09:45:29.914582Z  INFO                 main ThreadId(01) fenrir::infra::http::server: HTTP control-plane authentication via identity broker
2026-01-15T09:45:29.914620Z  INFO                 main ThreadId(01) fenrir::boot::startup: boot complete app=fenrir version=0.1.4
2026-01-15T09:45:29.915026Z  INFO                 main ThreadId(01) fenrir::infra::db::connector: db connector ipc socket ready path=/opt/fenrir/development/tmp/runtime/ipc/db-connector.sock
2026-01-15T09:45:29.915133Z  INFO tokio-runtime-worker ThreadId(07) fenrir::infra::db::connector: db connector task started task="db-connector-ipc"
2026-01-15T09:45:29.916717Z  INFO                 main ThreadId(01) fenrir::services::module::gateway: runtime gateway started module=fenrir-api endpoint=http://127.0.0.1:63134/call
2026-01-15T09:45:29.922507Z  INFO                 main ThreadId(01) fenrir::infra::modules::runtime::process: module process started module_id=fenrir-api pid=26980 port=Some(41000)
2026-01-15T09:45:29.925034Z  INFO                 main ThreadId(01) fenrir::services::module::runtime: module started successfully module_id=fenrir-api pid=Some(26980) port=Some(41000)
2026-01-15T09:45:30.134573Z  INFO                 main ThreadId(01) fenrir::services::module::gateway: runtime gateway started module=fenrir-web endpoint=http://127.0.0.1:63138/call
2026-01-15T09:45:30.139690Z  INFO                 main ThreadId(01) fenrir::infra::modules::runtime::process: module static server started module_id=fenrir-web port=41003 root=/Users/jfurocket/Documents/personal/modules/fenrir-web/dist/browser
2026-01-15T09:45:30.142771Z  INFO                 main ThreadId(01) fenrir::services::module::runtime: module started successfully module_id=fenrir-web pid=None port=Some(41003)
2026-01-15T09:45:30.146878Z  INFO                 main ThreadId(01) fenrir::services::module::gateway: runtime gateway started module=notification-hub endpoint=http://127.0.0.1:63140/call
2026-01-15T09:45:30.156036Z  INFO                 main ThreadId(01) fenrir::infra::modules::runtime::process: module process started module_id=notification-hub pid=26982 port=Some(41001)
2026-01-15T09:45:30.159314Z  INFO                 main ThreadId(01) fenrir::services::module::runtime: module started successfully module_id=notification-hub pid=Some(26982) port=Some(41001)
2026-01-15T09:45:30.366989Z  INFO tokio-runtime-worker ThreadId(12) fenrir::boot::transports: ssh server task spawned
2026-01-15T09:45:30.366990Z  INFO                 main ThreadId(01) fenrir::boot::transports: transport initialisation triggered
2026-01-15T09:45:30.368148Z  INFO tokio-runtime-worker ThreadId(13) fenrir::infra::http::server: HTTP server task spawned
2026-01-15T09:45:30.368498Z  INFO tokio-runtime-worker ThreadId(12) fenrir::infra::ssh::server: starting SSH server host=127.0.0.1 port=2222
