2025-11-26T11:35:54.010084Z  INFO main ThreadId(01) fenrir::infra::logging: dateilogging initialisiert log_path=logs/app.log
2025-11-26T11:35:54.010189Z  INFO main ThreadId(01) fenrir::infra::logging: db-logdatei vorbereitet log_path=logs/db.log
2025-11-26T11:35:54.011577Z  INFO main ThreadId(01) fenrir::boot: core services registered in registry
2025-11-26T11:35:54.012010Z  INFO main ThreadId(01) fenrir::boot: scheduler service started
2025-11-26T11:35:54.012314Z  INFO tokio-runtime-worker ThreadId(14) fenrir::services::scheduler: scheduler heartbeat loop started
2025-11-26T11:35:54.012737Z  INFO                 main ThreadId(01) fenrir::boot: audit log persistence configured path=/opt/fenrir/development/tmp/runtime/audit/fenrir-audit-history.json capacity=2048 retention_hours=24 persist_seconds=30
2025-11-26T11:35:54.017692Z  WARN                 main ThreadId(01) fenrir::infra::modules::verifier: allowlisted signers missing from keyring - signature verification will be skipped for them missing=["module-registry"]
2025-11-26T11:35:54.018255Z  INFO                 main ThreadId(01) fenrir::infra::modules::runtime::process: loaded 1 module states from disk
2025-11-26T11:35:54.018298Z  WARN                 main ThreadId(01) fenrir::infra::modules::runtime::process: module was running but process no longer exists module_id=fenrir-api pid=39400
2025-11-26T11:35:54.023932Z  INFO                 main ThreadId(01) fenrir::infra::http::server: HTTP control-plane authentication via identity broker
2025-11-26T11:35:54.023965Z  INFO                 main ThreadId(01) fenrir::boot: boot complete app=fenrir version=0.1.4
2025-11-26T11:35:54.393315Z  INFO                 main ThreadId(01) fenrir::boot: bootstrap module ready module=fenrir-api version="latest" status=Installed
2025-11-26T11:35:54.393414Z  INFO                 main ThreadId(01) fenrir::boot: transport initialisation triggered
2025-11-26T11:35:54.393441Z  INFO tokio-runtime-worker ThreadId(07) fenrir::boot: ssh server task spawned
2025-11-26T11:35:54.393558Z  INFO tokio-runtime-worker ThreadId(07) fenrir::infra::ssh: starting SSH server host=127.0.0.1 port=2222
2025-11-26T11:36:02.868553Z  INFO tokio-runtime-worker ThreadId(14) thrussh::server::encrypted: pty-req: unknown pty code 42
2025-11-26T11:36:09.029918Z  WARN tokio-runtime-worker ThreadId(08) fenrir::services::scheduler: db ping failed error=DB-Verbindungsfehler: error connecting to server: Connection refused (os error 61)
2025-11-26T11:36:14.111478Z  WARN ThreadId(35) fenrir::infra::modules::storage: Skipping hidden module entry path=/Users/jfurocket/Documents/personal/modules/.cache name=".cache"
2025-11-26T11:36:18.378007Z  WARN ThreadId(66) fenrir::infra::modules::storage: Skipping hidden module entry path=/Users/jfurocket/Documents/personal/modules/.cache name=".cache"
2025-11-26T11:36:19.924066Z  WARN ThreadId(98) fenrir::infra::modules::storage: Skipping hidden module entry path=/Users/jfurocket/Documents/personal/modules/.cache name=".cache"
2025-11-26T11:36:32.898694Z  WARN ThreadId(130) fenrir::infra::modules::storage: Skipping hidden module entry path=/Users/jfurocket/Documents/personal/modules/.cache name=".cache"
2025-11-26T11:37:15.497435Z  WARN ThreadId(161) fenrir::infra::modules::storage: Skipping hidden module entry path=/Users/jfurocket/Documents/personal/modules/.cache name=".cache"
2025-11-26T11:37:15.838930Z  INFO ThreadId(177) fenrir::infra::modules::runtime::process: module process started module_id=fenrir-api pid=39303 port=None
2025-11-26T11:37:15.840732Z  INFO ThreadId(177) fenrir::services::module: module started successfully module_id=fenrir-api pid=Some(39303) port=None
2025-11-26T11:37:19.193184Z  WARN ThreadId(193) fenrir::infra::modules::storage: Skipping hidden module entry path=/Users/jfurocket/Documents/personal/modules/.cache name=".cache"
2025-11-26T11:37:25.062391Z  WARN ThreadId(224) fenrir::infra::modules::storage: Skipping hidden module entry path=/Users/jfurocket/Documents/personal/modules/.cache name=".cache"
2025-11-26T11:37:25.923925Z  INFO ThreadId(240) fenrir::infra::modules::runtime::process: module stopped module_id=fenrir-api pid=39303
2025-11-26T11:37:25.924056Z  INFO ThreadId(240) fenrir::services::module: module stopped successfully module_id=fenrir-api
2025-11-26T11:37:30.250854Z  WARN ThreadId(256) fenrir::infra::modules::storage: Skipping hidden module entry path=/Users/jfurocket/Documents/personal/modules/.cache name=".cache"
2025-11-26T11:38:09.035112Z  WARN tokio-runtime-worker ThreadId(14) fenrir::services::scheduler: db ping failed error=DB-Verbindungsfehler: error connecting to server: Connection refused (os error 61)
2025-11-26T11:39:13.664332Z  WARN ThreadId(288) fenrir::infra::modules::storage: Skipping hidden module entry path=/Users/jfurocket/Documents/personal/modules/.cache name=".cache"
2025-11-26T11:40:09.039676Z  WARN tokio-runtime-worker ThreadId(07) fenrir::services::scheduler: db ping failed error=DB-Verbindungsfehler: error connecting to server: Connection refused (os error 61)
2025-11-26T11:42:09.045662Z  WARN tokio-runtime-worker ThreadId(07) fenrir::services::scheduler: db ping failed error=DB-Verbindungsfehler: error connecting to server: Connection refused (os error 61)
2025-11-26T11:44:09.050253Z  WARN tokio-runtime-worker ThreadId(08) fenrir::services::scheduler: db ping failed error=DB-Verbindungsfehler: error connecting to server: Connection refused (os error 61)
2025-11-26T11:46:09.054598Z  WARN tokio-runtime-worker ThreadId(07) fenrir::services::scheduler: db ping failed error=DB-Verbindungsfehler: error connecting to server: Connection refused (os error 61)
2025-11-26T11:48:09.061233Z  WARN tokio-runtime-worker ThreadId(08) fenrir::services::scheduler: db ping failed error=DB-Verbindungsfehler: error connecting to server: Connection refused (os error 61)
2025-11-26T11:50:09.067822Z  WARN tokio-runtime-worker ThreadId(07) fenrir::services::scheduler: db ping failed error=DB-Verbindungsfehler: error connecting to server: Connection refused (os error 61)
2025-11-26T11:52:09.041742Z  WARN tokio-runtime-worker ThreadId(08) fenrir::services::scheduler: db ping failed error=DB-Verbindungsfehler: error connecting to server: Connection refused (os error 61)
2025-11-26T11:54:09.046151Z  WARN tokio-runtime-worker ThreadId(07) fenrir::services::scheduler: db ping failed error=DB-Verbindungsfehler: error connecting to server: Connection refused (os error 61)
2025-11-26T11:56:09.052442Z  WARN tokio-runtime-worker ThreadId(08) fenrir::services::scheduler: db ping failed error=DB-Verbindungsfehler: error connecting to server: Connection refused (os error 61)
2025-11-26T11:58:09.055160Z  WARN tokio-runtime-worker ThreadId(07) fenrir::services::scheduler: db ping failed error=DB-Verbindungsfehler: error connecting to server: Connection refused (os error 61)
2025-11-26T12:00:09.061378Z  WARN tokio-runtime-worker ThreadId(08) fenrir::services::scheduler: db ping failed error=DB-Verbindungsfehler: error connecting to server: Connection refused (os error 61)
2025-11-26T12:02:09.066333Z  WARN tokio-runtime-worker ThreadId(07) fenrir::services::scheduler: db ping failed error=DB-Verbindungsfehler: error connecting to server: Connection refused (os error 61)
2025-11-26T12:04:09.071663Z  WARN tokio-runtime-worker ThreadId(08) fenrir::services::scheduler: db ping failed error=DB-Verbindungsfehler: error connecting to server: Connection refused (os error 61)
2025-11-26T12:06:09.076034Z  WARN tokio-runtime-worker ThreadId(07) fenrir::services::scheduler: db ping failed error=DB-Verbindungsfehler: error connecting to server: Connection refused (os error 61)
2025-11-26T12:08:09.080886Z  WARN tokio-runtime-worker ThreadId(08) fenrir::services::scheduler: db ping failed error=DB-Verbindungsfehler: error connecting to server: Connection refused (os error 61)
2025-11-26T12:10:09.085035Z  WARN tokio-runtime-worker ThreadId(07) fenrir::services::scheduler: db ping failed error=DB-Verbindungsfehler: error connecting to server: Connection refused (os error 61)
