2026-01-15T11:54:59.532624Z  INFO main ThreadId(01) fenrir::infra::logging::init: file logging initialized log_path=logs/app.log
2026-01-15T11:54:59.532792Z  INFO main ThreadId(01) fenrir::infra::logging::init: db log file prepared log_path=logs/db.log
2026-01-15T11:55:00.824676Z  INFO main ThreadId(01) fenrir::infra::db::runtime: postgres using Unix socket (TCP disabled) socket_dir=/opt/fenrir/development/tmp/runtime/db/socket
2026-01-15T11:55:01.028604Z  INFO main ThreadId(01) fenrir::infra::db::runtime: postgres unix socket ready socket=/opt/fenrir/development/tmp/runtime/db/socket/.s.PGSQL.5432
2026-01-15T11:55:01.028793Z  INFO main ThreadId(01) fenrir::infra::db::runtime: embedded postgres started securely port=55432 pid=55924 auth="scram-sha-256" socket=true
2026-01-15T11:55:01.028958Z  INFO main ThreadId(01) fenrir::infra::db::runtime: db runtime supervisor started (stub) mode=Embedded engine=Postgres dir=/opt/fenrir/development/tmp/runtime/db
2026-01-15T11:55:01.031256Z  INFO main ThreadId(01) fenrir::boot::startup: core services registered in registry
2026-01-15T11:55:01.168460Z  INFO main ThreadId(01) fenrir::boot::startup: database migrations up to date engine=postgres
2026-01-15T11:55:01.168624Z  INFO main ThreadId(01) fenrir::boot::startup: scheduler service started
2026-01-15T11:55:01.168833Z  INFO tokio-runtime-worker ThreadId(09) fenrir::services::scheduler::service: scheduler heartbeat loop started
2026-01-15T11:55:01.172534Z  INFO                 main ThreadId(01) fenrir::boot::startup: audit log persistence configured path=/opt/fenrir/development/tmp/runtime/audit/fenrir-audit-history.json capacity=2048 retention_hours=24 persist_seconds=30
2026-01-15T11:55:01.177684Z  INFO                 main ThreadId(01) fenrir::infra::modules::runtime::process: loaded 2 module states from disk
2026-01-15T11:55:01.177749Z  WARN                 main ThreadId(01) fenrir::infra::modules::runtime::process: module was running but process no longer exists module_id=notification-hub pid=53241
2026-01-15T11:55:01.177759Z  WARN                 main ThreadId(01) fenrir::infra::modules::runtime::process: module was running but process no longer exists module_id=fenrir-api pid=53236
2026-01-15T11:55:01.231598Z  INFO                 main ThreadId(01) fenrir::security::identity::authority: identity store: using database backend
2026-01-15T11:55:01.232040Z  INFO                 main ThreadId(01) fenrir::services::scheduler::service: Automatic backup job registered schedule=daily
2026-01-15T11:55:01.232091Z  INFO                 main ThreadId(01) fenrir::infra::http::server: HTTP control-plane authentication via identity broker with static token fallback
2026-01-15T11:55:01.232137Z  INFO                 main ThreadId(01) fenrir::boot::startup: boot complete app=fenrir version=0.1.4
2026-01-15T11:55:01.232565Z  INFO                 main ThreadId(01) fenrir::infra::db::connector: db connector ipc socket ready path=/opt/fenrir/development/tmp/runtime/ipc/db-connector.sock
2026-01-15T11:55:01.232636Z  INFO tokio-runtime-worker ThreadId(08) fenrir::infra::db::connector: db connector task started task="db-connector-ipc"
2026-01-15T11:55:01.235203Z  INFO                 main ThreadId(01) fenrir::services::module::gateway: runtime gateway started module=fenrir-api endpoint=http://127.0.0.1:52296/call
2026-01-15T11:55:01.254969Z  INFO                 main ThreadId(01) fenrir::infra::modules::runtime::process: module process started module_id=fenrir-api pid=55936 port=Some(41000)
2026-01-15T11:55:01.259560Z  INFO                 main ThreadId(01) fenrir::services::module::runtime: module started successfully module_id=fenrir-api pid=Some(55936) port=Some(41000)
2026-01-15T11:55:01.666342Z  INFO                 main ThreadId(01) fenrir::services::module::gateway: runtime gateway started module=fenrir-web endpoint=http://127.0.0.1:52300/call
2026-01-15T11:55:01.671206Z  INFO                 main ThreadId(01) fenrir::infra::modules::runtime::process: module static server started module_id=fenrir-web port=41003 root=/Users/jfurocket/Documents/personal/modules/fenrir-web/dist/browser
2026-01-15T11:55:01.675305Z  INFO                 main ThreadId(01) fenrir::services::module::runtime: module started successfully module_id=fenrir-web pid=None port=Some(41003)
2026-01-15T11:55:01.677597Z  INFO                 main ThreadId(01) fenrir::services::module::gateway: runtime gateway started module=notification-hub endpoint=http://127.0.0.1:52302/call
2026-01-15T11:55:01.684864Z  INFO                 main ThreadId(01) fenrir::infra::modules::runtime::process: module process started module_id=notification-hub pid=55942 port=Some(41001)
2026-01-15T11:55:01.689222Z  INFO                 main ThreadId(01) fenrir::services::module::runtime: module started successfully module_id=notification-hub pid=Some(55942) port=Some(41001)
2026-01-15T11:55:01.894921Z  INFO                 main ThreadId(01) fenrir::boot::transports: transport initialisation triggered
2026-01-15T11:55:01.894921Z  INFO tokio-runtime-worker ThreadId(05) fenrir::boot::transports: ssh server task spawned
2026-01-15T11:55:01.895388Z  INFO tokio-runtime-worker ThreadId(09) fenrir::infra::http::server: HTTP server task spawned
2026-01-15T11:55:01.896032Z  INFO tokio-runtime-worker ThreadId(05) fenrir::infra::ssh::server: starting SSH server host=127.0.0.1 port=2222
2026-01-15T11:55:02.041762Z  INFO tokio-runtime-worker ThreadId(02) tokio_postgres::connection: NOTICE: relation "verification_codes" already exists, skipping
2026-01-15T11:55:02.042729Z  INFO tokio-runtime-worker ThreadId(02) tokio_postgres::connection: NOTICE: relation "idx_verification_codes_email" already exists, skipping
2026-01-15T11:55:02.042780Z  INFO tokio-runtime-worker ThreadId(02) fenrir::services::db_connector: db connector request processed tenant="default"
2026-01-15T11:55:02.171095Z  INFO tokio-runtime-worker ThreadId(08) fenrir::services::module::runtime: module service manifest registered after retry module=fenrir-api attempt=1
2026-01-15T11:55:08.562431Z  INFO tokio-runtime-worker ThreadId(20) fenrir::services::module::ports: released dynamic port assignment module=fenrir-api
2026-01-15T11:55:12.049958Z  INFO tokio-runtime-worker ThreadId(08) fenrir::services::module::ports: assigned dynamic port to module module=fenrir-api port=41000
2026-01-15T11:55:12.050201Z  INFO tokio-runtime-worker ThreadId(08) fenrir::services::module::gateway: runtime gateway started module=fenrir-api endpoint=http://127.0.0.1:52315/call
2026-01-15T11:55:14.446966Z  WARN tokio-runtime-worker ThreadId(09) fenrir::services::db_connector: db connector request failed error=token validation failed: service token not found
2026-01-15T11:55:15.017184Z  WARN tokio-runtime-worker ThreadId(12) fenrir::services::db_connector: db connector request failed error=token validation failed: service token not found
2026-01-15T11:55:17.832336Z  WARN tokio-runtime-worker ThreadId(08) fenrir::services::db_connector: db connector request failed error=token validation failed: service token not found
2026-01-15T12:44:56.521858Z  INFO tokio-runtime-worker ThreadId(23) fenrir::services::scheduler::service: Running scheduled database backup
2026-01-15T12:44:56.522111Z  INFO tokio-runtime-worker ThreadId(23) fenrir::services::backup::service: Starting backup: running pre-flight checks
2026-01-15T12:44:56.620867Z  INFO tokio-runtime-worker ThreadId(23) fenrir::services::backup::service: Pre-backup: forcing checkpoint
2026-01-15T12:44:56.667496Z  INFO tokio-runtime-worker ThreadId(12) fenrir::services::backup::service: Creating backup
2026-01-15T12:44:57.831281Z  INFO tokio-runtime-worker ThreadId(23) fenrir::services::backup::service: Using Unix socket for backup: /opt/fenrir/development/tmp/runtime/db/socket
2026-01-15T12:44:58.484942Z  INFO tokio-runtime-worker ThreadId(09) fenrir::services::backup::service: Refreshing DB state snapshot
2026-01-15T12:44:58.488820Z  INFO tokio-runtime-worker ThreadId(09) fenrir::services::backup::service: DB state snapshot copied to backup
2026-01-15T12:44:58.488837Z  INFO tokio-runtime-worker ThreadId(09) fenrir::services::backup::service: Verifying backup integrity
2026-01-15T12:44:58.488947Z  INFO tokio-runtime-worker ThreadId(09) fenrir::services::backup::service: Rotating old backups (keeping 7)
2026-01-15T12:44:58.489536Z  INFO tokio-runtime-worker ThreadId(23) fenrir::services::backup::service: Removing old backup: /opt/fenrir/development/tmp/runtime/backups/postgres-20260115_063549
2026-01-15T12:44:58.589444Z  INFO tokio-runtime-worker ThreadId(23) fenrir::services::backup::service: Backup complete: /opt/fenrir/development/tmp/runtime/backups/postgres-20260115_124456 (17 MB)
2026-01-15T12:44:58.593184Z  INFO tokio-runtime-worker ThreadId(23) fenrir::services::scheduler::service: Scheduled backup completed successfully path=/opt/fenrir/development/tmp/runtime/backups/postgres-20260115_124456 size_mb=17
