2025-11-28T14:50:55.351089Z  INFO main ThreadId(01) fenrir::infra::logging::init: dateilogging initialisiert log_path=logs/app.log
2025-11-28T14:50:55.351205Z  INFO main ThreadId(01) fenrir::infra::logging::init: db-logdatei vorbereitet log_path=logs/db.log
2025-11-28T14:50:55.427791Z  INFO main ThreadId(01) fenrir::boot::startup: core services registered in registry
2025-11-28T14:50:55.428375Z  INFO main ThreadId(01) fenrir::boot::startup: scheduler service started
2025-11-28T14:50:55.428614Z  INFO tokio-runtime-worker ThreadId(07) fenrir::services::scheduler::service: scheduler heartbeat loop started
2025-11-28T14:50:55.430640Z  INFO                 main ThreadId(01) fenrir::boot::startup: audit log persistence configured path=/opt/fenrir/development/tmp/runtime/audit/fenrir-audit-history.json capacity=2048 retention_hours=24 persist_seconds=30
2025-11-28T14:50:55.439358Z  INFO                 main ThreadId(01) fenrir::infra::modules::runtime::process: loaded 2 module states from disk
2025-11-28T14:50:55.439423Z  WARN                 main ThreadId(01) fenrir::infra::modules::runtime::process: module was running but process no longer exists module_id=notification-hub pid=81649
2025-11-28T14:50:55.439433Z  WARN                 main ThreadId(01) fenrir::infra::modules::runtime::process: module was running but process no longer exists module_id=fenrir-api pid=81648
2025-11-28T14:50:55.504485Z  INFO                 main ThreadId(01) fenrir::infra::http::server: HTTP control-plane authentication via identity broker
2025-11-28T14:50:55.504566Z  INFO                 main ThreadId(01) fenrir::boot::startup: boot complete app=fenrir version=0.1.4
2025-11-28T14:50:55.508919Z  INFO                 main ThreadId(01) fenrir::boot::bootstrap: bootstrap module ready module=fenrir-api version="latest" status=AlreadyCurrent
2025-11-28T14:50:55.509981Z  WARN                 main ThreadId(01) fenrir::infra::modules::storage: Skipping hidden module entry path=/Users/jfurocket/Documents/personal/modules/.cache name=".cache"
2025-11-28T14:50:55.511812Z  INFO                 main ThreadId(01) fenrir::infra::modules::runtime::process: module process started module_id=fenrir-api pid=83624 port=None
2025-11-28T14:50:55.512305Z  INFO                 main ThreadId(01) fenrir::services::module::runtime: module started successfully module_id=fenrir-api pid=Some(83624) port=None
2025-11-28T14:50:55.513607Z  INFO                 main ThreadId(01) fenrir::infra::modules::runtime::process: module process started module_id=notification-hub pid=83625 port=None
2025-11-28T14:50:55.513791Z  INFO                 main ThreadId(01) fenrir::services::module::runtime: module started successfully module_id=notification-hub pid=Some(83625) port=None
2025-11-28T14:50:55.513854Z  INFO                 main ThreadId(01) fenrir::boot::transports: transport initialisation triggered
2025-11-28T14:50:55.513862Z  INFO tokio-runtime-worker ThreadId(07) fenrir::boot::transports: ssh server task spawned
2025-11-28T14:50:55.514111Z  INFO tokio-runtime-worker ThreadId(07) fenrir::infra::ssh::server: starting SSH server host=127.0.0.1 port=2222
2025-11-28T14:50:55.514370Z  INFO tokio-runtime-worker ThreadId(09) fenrir::infra::http::server: HTTP server task spawned
2025-11-28T14:51:02.558479Z  INFO tokio-runtime-worker ThreadId(06) thrussh::server::encrypted: pty-req: unknown pty code 42
2025-11-28T14:51:11.005684Z  WARN ThreadId(19) fenrir::infra::modules::storage: Skipping hidden module entry path=/Users/jfurocket/Documents/personal/modules/.cache name=".cache"
2025-11-28T14:51:28.041926Z  WARN ThreadId(95) fenrir::infra::modules::storage: Skipping hidden module entry path=/Users/jfurocket/Documents/personal/modules/.cache name=".cache"
