2026-05-28T13:53:58.090962Z  INFO main ThreadId(01) fenrir::infra::logging::init: file logging initialized log_path=logs/app.log
2026-05-28T13:53:58.091226Z  INFO main ThreadId(01) fenrir::infra::logging::init: db log file prepared log_path=logs/db.log
2026-05-28T13:53:58.185416Z  INFO main ThreadId(01) fenrir::infra::db::runtime: postgres using Unix socket (TCP disabled) socket_dir=/opt/fenrir/development/tmp/runtime/db/socket
2026-05-28T13:53:58.388053Z  INFO main ThreadId(01) fenrir::infra::db::runtime: postgres unix socket ready socket=/opt/fenrir/development/tmp/runtime/db/socket/.s.PGSQL.5432
2026-05-28T13:53:58.388249Z  INFO main ThreadId(01) fenrir::infra::db::runtime: embedded postgres started securely port=55432 pid=74052 auth="scram-sha-256" socket=true
2026-05-28T13:53:58.388360Z  INFO main ThreadId(01) fenrir::infra::db::runtime: db runtime supervisor started (stub) mode=Embedded engine=Postgres dir=/opt/fenrir/development/tmp/runtime/db
2026-05-28T13:53:58.390625Z  INFO main ThreadId(01) fenrir::boot::startup: core services registered in registry
2026-05-28T13:53:58.425528Z  INFO main ThreadId(01) fenrir::boot::startup: database migrations up to date engine=postgres
2026-05-28T13:53:58.428767Z  INFO main ThreadId(01) fenrir::boot::startup: discovered module migration sources modules=2
2026-05-28T13:53:58.429350Z  INFO main ThreadId(01) fenrir::boot::startup: scheduler service started
2026-05-28T13:53:58.429370Z  INFO tokio-runtime-worker ThreadId(14) fenrir::services::scheduler::service: scheduler heartbeat loop started
2026-05-28T13:53:58.432732Z  INFO                 main ThreadId(01) fenrir::boot::startup: audit log persistence configured path=/opt/fenrir/development/tmp/runtime/audit/fenrir-audit-history.json capacity=2048 retention_hours=24 persist_seconds=30
2026-05-28T13:53:58.436293Z  INFO                 main ThreadId(01) fenrir::infra::modules::runtime::process: loaded 2 module states from disk
2026-05-28T13:53:58.436315Z  WARN                 main ThreadId(01) fenrir::infra::modules::runtime::process: module was running but process no longer exists module_id=auth-service pid=31832
2026-05-28T13:53:58.436319Z  WARN                 main ThreadId(01) fenrir::infra::modules::runtime::process: module was running but process no longer exists module_id=notification-service pid=31828
2026-05-28T13:53:58.443445Z  INFO                 main ThreadId(01) fenrir::security::identity::authority: identity store: using database backend
2026-05-28T13:53:58.443769Z  INFO                 main ThreadId(01) fenrir::services::scheduler::service: Automatic backup job registered schedule=daily
2026-05-28T13:53:58.443793Z  INFO                 main ThreadId(01) fenrir::infra::http::server: HTTP control-plane authentication via identity broker with static token fallback
2026-05-28T13:53:58.443840Z  INFO                 main ThreadId(01) fenrir::boot::startup: boot complete app=fenrir version=0.1.4
2026-05-28T13:53:58.444174Z  INFO                 main ThreadId(01) fenrir::infra::db::connector: db connector ipc socket ready path=/opt/fenrir/development/tmp/runtime/ipc/db-connector.sock
2026-05-28T13:53:58.444229Z  INFO tokio-runtime-worker ThreadId(15) fenrir::infra::db::connector: db connector task started task="db-connector-ipc"
2026-05-28T13:53:58.444805Z  INFO                 main ThreadId(01) fenrir::services::module::runtime: event="module.lifecycle.autostart_started" module_count=6 concurrency=4
2026-05-28T13:53:58.446448Z  INFO                 main ThreadId(01) fenrir::services::module::runtime: event="module.lifecycle.preflight_started" module_id=athene-web assigned_port=Some(41002)
2026-05-28T13:53:58.446507Z  INFO                 main ThreadId(01) fenrir::services::module::runtime: event="module.lifecycle.preflight_started" module_id=athene assigned_port=Some(41000)
2026-05-28T13:53:58.446555Z  INFO                 main ThreadId(01) fenrir::services::module::runtime: event="module.lifecycle.preflight_started" module_id=athene-api assigned_port=Some(41001)
2026-05-28T13:53:58.446596Z  INFO                 main ThreadId(01) fenrir::services::module::runtime: event="module.lifecycle.preflight_started" module_id=athene-webcomponents assigned_port=Some(41003)
2026-05-28T13:53:58.446618Z  INFO                 main ThreadId(01) fenrir::services::module::runtime: event="module.lifecycle.preflight_passed" module_id=athene-web assigned_port=Some(41002)
2026-05-28T13:53:58.446826Z  INFO                 main ThreadId(01) fenrir::services::module::gateway: runtime gateway started module=athene-web endpoint=http://127.0.0.1:54289/call
2026-05-28T13:53:58.449827Z  INFO                 main ThreadId(01) fenrir::services::module::runtime: event="module.lifecycle.boot_started" module_id=athene-web assigned_port=Some(41002)
2026-05-28T13:53:58.449873Z  INFO                 main ThreadId(01) fenrir::services::module::runtime: event="module.lifecycle.preflight_passed" module_id=athene assigned_port=Some(41000)
2026-05-28T13:53:58.449916Z  INFO                 main ThreadId(01) fenrir::services::module::gateway: runtime gateway started module=athene endpoint=http://127.0.0.1:54290/call
2026-05-28T13:53:58.452485Z  INFO                 main ThreadId(01) fenrir::services::module::runtime: event="module.lifecycle.boot_started" module_id=athene assigned_port=Some(41000)
2026-05-28T13:53:58.452509Z  INFO                 main ThreadId(01) fenrir::services::module::runtime: event="module.lifecycle.preflight_passed" module_id=athene-api assigned_port=Some(41001)
2026-05-28T13:53:58.452554Z  INFO                 main ThreadId(01) fenrir::services::module::gateway: runtime gateway started module=athene-api endpoint=http://127.0.0.1:54291/call
2026-05-28T13:53:58.455077Z  INFO                 main ThreadId(01) fenrir::services::module::runtime: event="module.lifecycle.boot_started" module_id=athene-api assigned_port=Some(41001)
2026-05-28T13:53:58.455105Z  INFO                 main ThreadId(01) fenrir::services::module::runtime: event="module.lifecycle.preflight_passed" module_id=athene-webcomponents assigned_port=Some(41003)
2026-05-28T13:53:58.455146Z  INFO                 main ThreadId(01) fenrir::services::module::gateway: runtime gateway started module=athene-webcomponents endpoint=http://127.0.0.1:54292/call
2026-05-28T13:53:58.457643Z  INFO                 main ThreadId(01) fenrir::services::module::runtime: event="module.lifecycle.boot_started" module_id=athene-webcomponents assigned_port=Some(41003)
2026-05-28T13:53:58.458318Z  INFO                 main ThreadId(01) fenrir::infra::modules::runtime::process: module declares database migrations module_id=athene migrations_dir=/Users/jfurocket/Documents/personal/modules/athene/migrations
2026-05-28T13:53:58.462839Z  INFO                 main ThreadId(01) fenrir::infra::modules::runtime::process: module static server started module_id=athene-web port=41002 root=/Users/jfurocket/Documents/personal/modules/athene-web/dist/browser
2026-05-28T13:53:58.465298Z  INFO                 main ThreadId(01) fenrir::services::module::runtime: module started successfully event="module.lifecycle.boot_succeeded" module_id=athene-web pid=None port=Some(41002) latency_ms=15.464791
2026-05-28T13:53:58.468164Z  WARN                 main ThreadId(01) fenrir::services::module::runtime: event="module.lifecycle.boot_failed" module_id=athene-webcomponents latency_ms=10.514333 error=failed to start module `athene-webcomponents`: no executable module found in /Users/jfurocket/Documents/personal/modules/athene-webcomponents. Searched: athene-webcomponents, bin/athene-webcomponents, athene-webcomponents.exe, bin/athene-webcomponents.exe
2026-05-28T13:53:58.468184Z  WARN                 main ThreadId(01) fenrir::services::module::runtime: auto-start failed module=athene-webcomponents error=failed to start module `athene-webcomponents`: no executable module found in /Users/jfurocket/Documents/personal/modules/athene-webcomponents. Searched: athene-webcomponents, bin/athene-webcomponents, athene-webcomponents.exe, bin/athene-webcomponents.exe
2026-05-28T13:53:58.468714Z  INFO                 main ThreadId(01) fenrir::services::module::runtime: event="module.lifecycle.preflight_started" module_id=auth-service assigned_port=Some(41004)
2026-05-28T13:53:58.468747Z  INFO                 main ThreadId(01) fenrir::services::module::runtime: event="module.lifecycle.preflight_passed" module_id=auth-service assigned_port=Some(41004)
2026-05-28T13:53:58.468799Z  INFO                 main ThreadId(01) fenrir::services::module::gateway: runtime gateway started module=auth-service endpoint=http://127.0.0.1:54294/call
2026-05-28T13:53:58.471260Z  INFO                 main ThreadId(01) fenrir::services::module::runtime: event="module.lifecycle.boot_started" module_id=auth-service assigned_port=Some(41004)
2026-05-28T13:53:58.471702Z  INFO                 main ThreadId(01) fenrir::infra::modules::runtime::process: module declares database migrations module_id=auth-service migrations_dir=/Users/jfurocket/Documents/personal/modules/auth-service/migrations
2026-05-28T13:53:58.472531Z  INFO                 main ThreadId(01) fenrir::services::module::runtime: event="module.lifecycle.preflight_started" module_id=notification-service assigned_port=Some(41005)
2026-05-28T13:53:58.472562Z  INFO                 main ThreadId(01) fenrir::services::module::runtime: event="module.lifecycle.preflight_passed" module_id=notification-service assigned_port=Some(41005)
2026-05-28T13:53:58.472611Z  INFO                 main ThreadId(01) fenrir::services::module::gateway: runtime gateway started module=notification-service endpoint=http://127.0.0.1:54295/call
2026-05-28T13:53:58.475105Z  INFO                 main ThreadId(01) fenrir::services::module::runtime: event="module.lifecycle.boot_started" module_id=notification-service assigned_port=Some(41005)
2026-05-28T13:53:58.476234Z  INFO                 main ThreadId(01) fenrir::infra::modules::runtime::process: module process started module_id=auth-service instance_id=auth-service:primary pid=74066 port=Some(41004)
2026-05-28T13:53:58.476739Z  INFO                 main ThreadId(01) fenrir::infra::modules::runtime::process: module process started module_id=athene instance_id=athene:primary pid=74067 port=Some(41000)
2026-05-28T13:53:58.477137Z  INFO                 main ThreadId(01) fenrir::infra::modules::runtime::process: module process started module_id=athene-api instance_id=athene-api:primary pid=74068 port=Some(41001)
2026-05-28T13:53:58.479668Z  INFO                 main ThreadId(01) fenrir::services::module::runtime: module started successfully event="module.lifecycle.boot_succeeded" module_id=auth-service pid=Some(74066) port=Some(41004) latency_ms=8.402916999999999
2026-05-28T13:53:58.482559Z  INFO                 main ThreadId(01) fenrir::services::module::runtime: module started successfully event="module.lifecycle.boot_succeeded" module_id=athene-api pid=Some(74068) port=Some(41001) latency_ms=27.476875
2026-05-28T13:53:58.485049Z  INFO                 main ThreadId(01) fenrir::services::module::runtime: module started successfully event="module.lifecycle.boot_succeeded" module_id=athene pid=Some(74067) port=Some(41000) latency_ms=32.558042
2026-05-28T13:53:58.485745Z  INFO                 main ThreadId(01) fenrir::infra::modules::runtime::process: module process started module_id=notification-service instance_id=notification-service:primary pid=74071 port=Some(41005)
2026-05-28T13:53:58.488512Z  INFO                 main ThreadId(01) fenrir::services::module::runtime: module started successfully event="module.lifecycle.boot_succeeded" module_id=notification-service pid=Some(74071) port=Some(41005) latency_ms=13.399583
2026-05-28T13:53:59.391894Z  INFO                 main ThreadId(01) fenrir::services::module::runtime: event="module.lifecycle.autostart_completed" module_count=6 concurrency=4
2026-05-28T13:53:59.392043Z  INFO                 main ThreadId(01) fenrir::boot::transports: transport initialisation triggered
2026-05-28T13:53:59.392053Z  INFO tokio-runtime-worker ThreadId(13) fenrir::boot::transports: ssh server task spawned
2026-05-28T13:53:59.392632Z  INFO tokio-runtime-worker ThreadId(14) fenrir::infra::http::server: HTTP server task spawned
2026-05-28T13:53:59.393045Z  INFO tokio-runtime-worker ThreadId(13) fenrir::infra::ssh::server: starting SSH server host=127.0.0.1 port=2222
2026-05-28T13:53:59.408335Z  INFO tokio-runtime-worker ThreadId(14) fenrir::services::module::runtime: module service manifest registered after retry module=athene attempt=1
2026-05-28T13:54:04.871189Z  WARN tokio-runtime-worker ThreadId(15) fenrir::services::db_connector: db connector request failed error=token validation failed: service token not found
2026-05-28T13:54:04.873082Z  WARN tokio-runtime-worker ThreadId(15) fenrir::services::db_connector: db connector request failed error=token validation failed: service token not found
2026-05-28T13:54:04.873866Z  WARN tokio-runtime-worker ThreadId(15) fenrir::services::db_connector: db connector request failed error=token validation failed: service token not found
2026-05-28T13:54:11.814117Z  INFO tokio-runtime-worker ThreadId(14) fenrir::infra::modules::runtime::process: module static server stopped module_id=athene-web instance_id=athene-web:primary
2026-05-28T13:54:11.817334Z  INFO tokio-runtime-worker ThreadId(14) fenrir::services::module::dev: activating module dev service override module=athene-web services=1
2026-05-28T13:54:11.817482Z  INFO tokio-runtime-worker ThreadId(14) fenrir::services::module::gateway: runtime gateway started module=athene-web endpoint=http://127.0.0.1:54388/call
2026-05-28T13:54:14.312663Z  WARN tokio-runtime-worker ThreadId(12) fenrir::infra::modules::runtime::process: SIGTERM failed: ESRCH: No such process, trying SIGKILL
2026-05-28T13:54:14.312739Z  INFO tokio-runtime-worker ThreadId(12) fenrir::infra::modules::runtime::process: module stopped module_id=athene-api instance_id=athene-api:primary pid=74068
2026-05-28T13:54:14.328116Z  INFO tokio-runtime-worker ThreadId(12) fenrir::services::module::dev: activating module dev service override module=athene-api services=1
2026-05-28T13:54:14.331214Z  INFO tokio-runtime-worker ThreadId(12) fenrir::services::module::gateway: runtime gateway started module=athene-api endpoint=http://127.0.0.1:54403/call
2026-05-28T13:54:16.421686Z  INFO tokio-runtime-worker ThreadId(28) fenrir::infra::modules::runtime::process: module stopped module_id=athene instance_id=athene:primary pid=74067
2026-05-28T13:54:16.435220Z  INFO tokio-runtime-worker ThreadId(28) fenrir::services::module::dev: activating module dev service override module=athene services=1
2026-05-28T13:54:16.435576Z  INFO tokio-runtime-worker ThreadId(28) fenrir::services::module::gateway: runtime gateway started module=athene endpoint=http://127.0.0.1:54417/call
2026-05-28T13:54:34.870682Z  WARN tokio-runtime-worker ThreadId(28) fenrir::services::db_connector: db connector request failed error=token validation failed: service token not found
2026-05-28T13:54:34.870956Z  WARN tokio-runtime-worker ThreadId(12) fenrir::services::db_connector: db connector request failed error=token validation failed: service token not found
2026-05-28T13:54:34.871143Z  WARN tokio-runtime-worker ThreadId(12) fenrir::services::db_connector: db connector request failed error=token validation failed: service token not found
2026-05-28T13:54:41.518028Z  WARN tokio-runtime-worker ThreadId(12) fenrir::infra::http::routes: module gateway upstream request failed service=module:athene-api::api-gateway target=module:athene-api::api-gateway (athene-api -> 127.0.0.1:41001) error=error sending request for url (http://127.0.0.1:41001/api/v1/maintenance/status): error trying to connect: tcp connect error: Connection refused (os error 61)
2026-05-28T13:54:56.514924Z  WARN tokio-runtime-worker ThreadId(15) fenrir::infra::http::routes: module gateway upstream request failed service=module:athene-api::api-gateway target=module:athene-api::api-gateway (athene-api -> 127.0.0.1:41001) error=error sending request for url (http://127.0.0.1:41001/api/v1/maintenance/status): error trying to connect: tcp connect error: Connection refused (os error 61)
2026-05-28T13:55:43.331177Z  INFO tokio-runtime-worker ThreadId(33) fenrir::services::module::runtime: restarting module module_id=notification-service
2026-05-28T13:55:44.084462Z  WARN tokio-runtime-worker ThreadId(33) fenrir::infra::modules::runtime::process: SIGTERM failed: ESRCH: No such process, trying SIGKILL
2026-05-28T13:55:44.084501Z  INFO tokio-runtime-worker ThreadId(33) fenrir::infra::modules::runtime::process: module stopped module_id=notification-service instance_id=notification-service:primary pid=74071
2026-05-28T13:55:44.085300Z  INFO tokio-runtime-worker ThreadId(33) fenrir::services::module::runtime: module stopped successfully module_id=notification-service
2026-05-28T13:55:44.097889Z  INFO tokio-runtime-worker ThreadId(33) fenrir::services::module::runtime: event="module.lifecycle.preflight_started" module_id=notification-service assigned_port=Some(41005)
2026-05-28T13:55:44.098026Z  INFO tokio-runtime-worker ThreadId(33) fenrir::services::module::runtime: event="module.lifecycle.preflight_passed" module_id=notification-service assigned_port=Some(41005)
2026-05-28T13:55:44.098230Z  INFO tokio-runtime-worker ThreadId(33) fenrir::services::module::gateway: runtime gateway started module=notification-service endpoint=http://127.0.0.1:55047/call
2026-05-28T13:55:44.107267Z  INFO tokio-runtime-worker ThreadId(33) fenrir::services::module::runtime: event="module.lifecycle.boot_started" module_id=notification-service assigned_port=Some(41005)
2026-05-28T13:55:44.120867Z  INFO tokio-runtime-worker ThreadId(33) fenrir::infra::modules::runtime::process: module process started module_id=notification-service instance_id=notification-service:primary pid=76637 port=Some(41005)
2026-05-28T13:55:44.125039Z  INFO tokio-runtime-worker ThreadId(33) fenrir::services::module::runtime: module started successfully event="module.lifecycle.boot_succeeded" module_id=notification-service pid=Some(76637) port=Some(41005) latency_ms=17.739417
2026-05-28T13:56:03.318188Z  WARN tokio-runtime-worker ThreadId(15) fenrir::infra::http::routes: module gateway upstream request failed service=module:athene-api::api-gateway target=module:athene-api::api-gateway (athene-api -> 127.0.0.1:41001) error=error sending request for url (http://127.0.0.1:41001/api/v1/maintenance/status): error trying to connect: tcp connect error: Connection refused (os error 61)
2026-05-28T13:56:18.329881Z  WARN tokio-runtime-worker ThreadId(34) fenrir::infra::http::routes: module gateway upstream request failed service=module:athene-api::api-gateway target=module:athene-api::api-gateway (athene-api -> 127.0.0.1:41001) error=error sending request for url (http://127.0.0.1:41001/api/v1/maintenance/status): error trying to connect: tcp connect error: Connection refused (os error 61)
2026-05-28T13:58:43.501683Z  WARN tokio-runtime-worker ThreadId(28) fenrir::services::module::service: local distribution backup restore failed; attempting registry restore for same version module=athene-api error=invalid state: installed version 0.1.0-14 newer than requested 0.1.0-13
2026-05-28T13:58:43.519294Z  WARN tokio-runtime-worker ThreadId(28) fenrir::services::module::service: registry restore for backup version failed; falling back to distribution target module=athene-api version=0.1.0-13 error=registry error: module `athene-api v0.1.0-13` was not found
2026-05-28T13:58:43.531760Z  INFO tokio-runtime-worker ThreadId(28) fenrir::services::module::runtime: event="module.lifecycle.autostart_started" module_count=6 concurrency=4
2026-05-28T13:58:43.533063Z  INFO tokio-runtime-worker ThreadId(28) fenrir::services::module::runtime: event="module.lifecycle.preflight_started" module_id=athene-api assigned_port=Some(41001)
2026-05-28T13:58:43.533188Z  INFO tokio-runtime-worker ThreadId(34) fenrir::services::module::runtime: event="module.lifecycle.preflight_started" module_id=athene-webcomponents assigned_port=Some(41003)
2026-05-28T13:58:43.533517Z  INFO tokio-runtime-worker ThreadId(34) fenrir::services::module::runtime: event="module.lifecycle.preflight_passed" module_id=athene-api assigned_port=Some(41001)
2026-05-28T13:58:43.538335Z  INFO tokio-runtime-worker ThreadId(34) fenrir::services::module::runtime: event="module.lifecycle.boot_started" module_id=athene-api assigned_port=Some(41001)
2026-05-28T13:58:43.538492Z  INFO tokio-runtime-worker ThreadId(28) fenrir::services::module::runtime: event="module.lifecycle.preflight_passed" module_id=athene-webcomponents assigned_port=Some(41003)
2026-05-28T13:58:43.538781Z  INFO tokio-runtime-worker ThreadId(28) fenrir::services::module::gateway: runtime gateway started module=athene-webcomponents endpoint=http://127.0.0.1:56185/call
2026-05-28T13:58:43.543292Z  INFO tokio-runtime-worker ThreadId(28) fenrir::services::module::runtime: event="module.lifecycle.boot_started" module_id=athene-webcomponents assigned_port=Some(41003)
2026-05-28T13:58:43.543757Z  INFO tokio-runtime-worker ThreadId(15) fenrir::services::module::runtime: event="module.lifecycle.preflight_started" module_id=notification-service assigned_port=Some(41005)
2026-05-28T13:58:43.543893Z  INFO tokio-runtime-worker ThreadId(15) fenrir::services::module::runtime: event="module.lifecycle.preflight_passed" module_id=notification-service assigned_port=Some(41005)
2026-05-28T13:58:43.547826Z  INFO tokio-runtime-worker ThreadId(15) fenrir::services::module::runtime: event="module.lifecycle.boot_started" module_id=notification-service assigned_port=Some(41005)
2026-05-28T13:58:43.553501Z  WARN tokio-runtime-worker ThreadId(14) fenrir::services::module::runtime: event="module.lifecycle.boot_failed" module_id=notification-service latency_ms=5.656791 error=module `notification-service` is already running
2026-05-28T13:58:43.553559Z  WARN tokio-runtime-worker ThreadId(14) fenrir::services::module::runtime: auto-start failed module=notification-service error=module `notification-service` is already running
2026-05-28T13:58:43.557287Z  WARN tokio-runtime-worker ThreadId(14) fenrir::services::module::runtime: event="module.lifecycle.boot_failed" module_id=athene-webcomponents latency_ms=13.982375 error=failed to start module `athene-webcomponents`: no executable module found in /Users/jfurocket/Documents/personal/modules/athene-webcomponents. Searched: athene-webcomponents, bin/athene-webcomponents, athene-webcomponents.exe, bin/athene-webcomponents.exe
2026-05-28T13:58:43.557304Z  WARN tokio-runtime-worker ThreadId(14) fenrir::services::module::runtime: auto-start failed module=athene-webcomponents error=failed to start module `athene-webcomponents`: no executable module found in /Users/jfurocket/Documents/personal/modules/athene-webcomponents. Searched: athene-webcomponents, bin/athene-webcomponents, athene-webcomponents.exe, bin/athene-webcomponents.exe
2026-05-28T13:58:43.559492Z  INFO tokio-runtime-worker ThreadId(28) fenrir::infra::modules::runtime::process: module process started module_id=athene-api instance_id=athene-api:primary pid=80614 port=Some(41001)
2026-05-28T13:58:43.563447Z  INFO tokio-runtime-worker ThreadId(14) fenrir::services::module::runtime: module started successfully event="module.lifecycle.boot_succeeded" module_id=athene-api pid=Some(80614) port=Some(41001) latency_ms=25.080125000000002
2026-05-28T13:58:43.564571Z  INFO tokio-runtime-worker ThreadId(28) fenrir::services::module::runtime: event="module.lifecycle.autostart_completed" module_count=6 concurrency=4
2026-05-28T13:58:49.398880Z  INFO tokio-runtime-worker ThreadId(14) fenrir::infra::modules::runtime::process: module stopped module_id=athene-api instance_id=athene-api:primary pid=80614
2026-05-28T13:58:49.403438Z  INFO tokio-runtime-worker ThreadId(42) fenrir::services::module::dev: activating module dev service override module=athene-api services=1
2026-05-28T13:58:49.403601Z  INFO tokio-runtime-worker ThreadId(42) fenrir::services::module::gateway: runtime gateway started module=athene-api endpoint=http://127.0.0.1:56220/call
2026-05-28T13:58:58.447707Z  INFO tokio-runtime-worker ThreadId(42) fenrir::services::scheduler::service: Running scheduled database backup
2026-05-28T13:58:58.447779Z  INFO tokio-runtime-worker ThreadId(42) fenrir::services::backup::service: Starting backup: running pre-flight checks
2026-05-28T13:58:58.464806Z  INFO tokio-runtime-worker ThreadId(42) fenrir::services::backup::service: Pre-backup: forcing checkpoint
2026-05-28T13:58:58.488909Z  INFO tokio-runtime-worker ThreadId(34) fenrir::services::backup::service: Creating backup
2026-05-28T13:58:58.605415Z  INFO tokio-runtime-worker ThreadId(34) fenrir::services::backup::service: Using Unix socket for backup: /opt/fenrir/development/tmp/runtime/db/socket
2026-05-28T13:58:59.473265Z  INFO tokio-runtime-worker ThreadId(15) fenrir::services::backup::service: Refreshing DB state snapshot
2026-05-28T13:58:59.473768Z  INFO tokio-runtime-worker ThreadId(34) fenrir::services::backup::service: DB state snapshot copied to backup
2026-05-28T13:58:59.473773Z  INFO tokio-runtime-worker ThreadId(34) fenrir::services::backup::service: Verifying backup integrity
2026-05-28T13:58:59.473860Z  INFO tokio-runtime-worker ThreadId(34) fenrir::services::backup::service: Rotating old backups (keeping 7)
2026-05-28T13:58:59.474035Z  INFO tokio-runtime-worker ThreadId(15) fenrir::services::backup::service: Backup complete: /opt/fenrir/development/tmp/runtime/backups/postgres-20260528_135858 (17 MB)
2026-05-28T13:58:59.476319Z  INFO tokio-runtime-worker ThreadId(15) fenrir::services::scheduler::service: Scheduled backup completed successfully path=/opt/fenrir/development/tmp/runtime/backups/postgres-20260528_135858 size_mb=17
2026-05-28T14:01:01.911705Z  INFO tokio-runtime-worker ThreadId(51) fenrir::services::module::runtime: restarting module module_id=notification-service
2026-05-28T14:01:02.664090Z  WARN tokio-runtime-worker ThreadId(51) fenrir::infra::modules::runtime::process: SIGTERM failed: ESRCH: No such process, trying SIGKILL
2026-05-28T14:01:02.664148Z  INFO tokio-runtime-worker ThreadId(51) fenrir::infra::modules::runtime::process: module stopped module_id=notification-service instance_id=notification-service:primary pid=76637
2026-05-28T14:01:02.665412Z  INFO tokio-runtime-worker ThreadId(51) fenrir::services::module::runtime: module stopped successfully module_id=notification-service
2026-05-28T14:01:02.681205Z  INFO tokio-runtime-worker ThreadId(51) fenrir::services::module::runtime: event="module.lifecycle.preflight_started" module_id=notification-service assigned_port=Some(41005)
2026-05-28T14:01:02.681362Z  INFO tokio-runtime-worker ThreadId(51) fenrir::services::module::runtime: event="module.lifecycle.preflight_passed" module_id=notification-service assigned_port=Some(41005)
2026-05-28T14:01:02.681588Z  INFO tokio-runtime-worker ThreadId(51) fenrir::services::module::gateway: runtime gateway started module=notification-service endpoint=http://127.0.0.1:57029/call
2026-05-28T14:01:02.690913Z  INFO tokio-runtime-worker ThreadId(51) fenrir::services::module::runtime: event="module.lifecycle.boot_started" module_id=notification-service assigned_port=Some(41005)
2026-05-28T14:01:02.708358Z  INFO tokio-runtime-worker ThreadId(51) fenrir::infra::modules::runtime::process: module process started module_id=notification-service instance_id=notification-service:primary pid=83460 port=Some(41005)
2026-05-28T14:01:02.713900Z  INFO tokio-runtime-worker ThreadId(51) fenrir::services::module::runtime: module started successfully event="module.lifecycle.boot_succeeded" module_id=notification-service pid=Some(83460) port=Some(41005) latency_ms=22.931041999999998
2026-05-28T14:03:41.232296Z  INFO tokio-runtime-worker ThreadId(14) fenrir::services::module::runtime: restarting module module_id=notification-service
2026-05-28T14:03:41.990608Z  WARN tokio-runtime-worker ThreadId(14) fenrir::infra::modules::runtime::process: SIGTERM failed: ESRCH: No such process, trying SIGKILL
2026-05-28T14:03:41.990693Z  INFO tokio-runtime-worker ThreadId(14) fenrir::infra::modules::runtime::process: module stopped module_id=notification-service instance_id=notification-service:primary pid=83460
2026-05-28T14:03:41.992609Z  INFO tokio-runtime-worker ThreadId(14) fenrir::services::module::runtime: module stopped successfully module_id=notification-service
2026-05-28T14:03:42.010260Z  INFO tokio-runtime-worker ThreadId(14) fenrir::services::module::runtime: event="module.lifecycle.preflight_started" module_id=notification-service assigned_port=Some(41005)
2026-05-28T14:03:42.010668Z  INFO tokio-runtime-worker ThreadId(14) fenrir::services::module::runtime: event="module.lifecycle.preflight_passed" module_id=notification-service assigned_port=Some(41005)
2026-05-28T14:03:42.011018Z  INFO tokio-runtime-worker ThreadId(14) fenrir::services::module::gateway: runtime gateway started module=notification-service endpoint=http://127.0.0.1:57981/call
2026-05-28T14:03:42.020152Z  INFO tokio-runtime-worker ThreadId(14) fenrir::services::module::runtime: event="module.lifecycle.boot_started" module_id=notification-service assigned_port=Some(41005)
2026-05-28T14:03:42.034186Z  INFO tokio-runtime-worker ThreadId(14) fenrir::infra::modules::runtime::process: module process started module_id=notification-service instance_id=notification-service:primary pid=86682 port=Some(41005)
2026-05-28T14:03:42.038748Z  INFO tokio-runtime-worker ThreadId(14) fenrir::services::module::runtime: module started successfully event="module.lifecycle.boot_succeeded" module_id=notification-service pid=Some(86682) port=Some(41005) latency_ms=18.537291
2026-05-28T14:19:15.447227Z  WARN tokio-runtime-worker ThreadId(57) fenrir::infra::modules::runtime::process: SIGTERM failed: ESRCH: No such process, trying SIGKILL
2026-05-28T14:19:15.447395Z  INFO tokio-runtime-worker ThreadId(57) fenrir::infra::modules::runtime::process: module stopped module_id=notification-service instance_id=notification-service:primary pid=86682
2026-05-28T14:19:15.449137Z  INFO tokio-runtime-worker ThreadId(57) fenrir::services::module::runtime: module stopped successfully module_id=notification-service
2026-05-28T14:20:23.398123Z  WARN tokio-runtime-worker ThreadId(107) fenrir::infra::modules::registry: artifact checksum mismatch, attempting manifest refresh module=notification-service version=0.1.0-6 expected=8f6704353d9f95fd0e8ecfc93da2a0ba70af296aa7876322cc67de013bea504f actual=6eb2de0e56fdba02c4fe8df3cc21865f5bef6617cd7493b38e7622b927ccaf7b
2026-05-28T14:20:23.398153Z  INFO tokio-runtime-worker ThreadId(107) fenrir::infra::modules::registry: retrying download once after checksum mismatch module=notification-service version=0.1.0-6
2026-05-28T14:20:23.774374Z  WARN tokio-runtime-worker ThreadId(57) fenrir::infra::modules::registry: artifact checksum mismatch, attempting manifest refresh module=notification-service version=0.1.0-6 expected=8f6704353d9f95fd0e8ecfc93da2a0ba70af296aa7876322cc67de013bea504f actual=6eb2de0e56fdba02c4fe8df3cc21865f5bef6617cd7493b38e7622b927ccaf7b
2026-05-28T14:20:23.775074Z  INFO tokio-runtime-worker ThreadId(107) fenrir::infra::modules::registry: retrying download with refreshed manifest module=notification-service version=0.1.0-6
2026-05-28T14:20:24.307326Z  INFO tokio-runtime-worker ThreadId(107) fenrir::services::module::runtime: event="module.lifecycle.preflight_started" module_id=notification-service assigned_port=Some(41005)
2026-05-28T14:20:24.307392Z  INFO tokio-runtime-worker ThreadId(62) fenrir::services::module::runtime: event="module.lifecycle.preflight_passed" module_id=notification-service assigned_port=Some(41005)
2026-05-28T14:20:24.307473Z  INFO tokio-runtime-worker ThreadId(62) fenrir::services::module::gateway: runtime gateway started module=notification-service endpoint=http://127.0.0.1:63167/call
2026-05-28T14:20:24.310187Z  INFO tokio-runtime-worker ThreadId(62) fenrir::services::module::runtime: event="module.lifecycle.boot_started" module_id=notification-service assigned_port=Some(41005)
2026-05-28T14:20:24.328920Z  INFO tokio-runtime-worker ThreadId(107) fenrir::infra::modules::runtime::process: module process started module_id=notification-service instance_id=notification-service:primary pid=7453 port=Some(41005)
2026-05-28T14:20:24.331622Z  INFO tokio-runtime-worker ThreadId(107) fenrir::services::module::runtime: module started successfully event="module.lifecycle.boot_succeeded" module_id=notification-service pid=Some(7453) port=Some(41005) latency_ms=21.428875
2026-05-28T14:23:44.790656Z  WARN tokio-runtime-worker ThreadId(122) fenrir::infra::modules::runtime::process: SIGTERM failed: ESRCH: No such process, trying SIGKILL
2026-05-28T14:23:44.790689Z  INFO tokio-runtime-worker ThreadId(122) fenrir::infra::modules::runtime::process: module stopped module_id=notification-service instance_id=notification-service:primary pid=7453
2026-05-28T14:23:44.797274Z  INFO tokio-runtime-worker ThreadId(122) fenrir::services::module::dev: activating module dev service override module=notification-service services=1
2026-05-28T14:23:44.797455Z  INFO tokio-runtime-worker ThreadId(122) fenrir::services::module::gateway: runtime gateway started module=notification-service endpoint=http://127.0.0.1:64347/call
2026-05-28T14:37:47.254001Z  WARN tokio-runtime-worker ThreadId(62) fenrir::infra::http::routes: module gateway upstream request failed service=module:athene-api::api-gateway target=module:athene-api::api-gateway (athene-api -> 127.0.0.1:41001) error=error sending request for url (http://127.0.0.1:41001/api/v1/maintenance/status): error trying to connect: tcp connect error: Connection refused (os error 61)
2026-05-28T14:38:02.252392Z  WARN tokio-runtime-worker ThreadId(62) fenrir::infra::http::routes: module gateway upstream request failed service=module:athene-api::api-gateway target=module:athene-api::api-gateway (athene-api -> 127.0.0.1:41001) error=error sending request for url (http://127.0.0.1:41001/api/v1/maintenance/status): error trying to connect: tcp connect error: Connection refused (os error 61)
2026-05-28T14:38:17.254366Z  WARN tokio-runtime-worker ThreadId(114) fenrir::infra::http::routes: module gateway upstream request failed service=module:athene-api::api-gateway target=module:athene-api::api-gateway (athene-api -> 127.0.0.1:41001) error=error sending request for url (http://127.0.0.1:41001/api/v1/maintenance/status): error trying to connect: tcp connect error: Connection refused (os error 61)
2026-05-28T14:39:32.251014Z  WARN tokio-runtime-worker ThreadId(133) fenrir::infra::http::routes: module gateway upstream request failed service=module:athene-api::api-gateway target=module:athene-api::api-gateway (athene-api -> 127.0.0.1:41001) error=error sending request for url (http://127.0.0.1:41001/api/v1/maintenance/status): error trying to connect: tcp connect error: Connection refused (os error 61)
