2025-12-18T10:12:28.799485Z  INFO main ThreadId(01) fenrir::infra::logging::init: file logging initialized log_path=logs/app.log
2025-12-18T10:12:28.799591Z  INFO main ThreadId(01) fenrir::infra::logging::init: db log file prepared log_path=logs/db.log
2025-12-18T10:12:29.003112Z  INFO main ThreadId(01) fenrir::infra::db::runtime: db runtime supervisor started (stub) mode=Embedded engine=Postgres dir=/opt/fenrir/development/tmp/runtime/db
2025-12-18T10:12:29.003464Z  INFO main ThreadId(01) fenrir::boot::startup: core services registered in registry
2025-12-18T10:12:29.021465Z  INFO main ThreadId(01) fenrir::boot::startup: database migrations up to date engine=postgres
2025-12-18T10:12:29.021667Z  INFO main ThreadId(01) fenrir::boot::startup: scheduler service started
2025-12-18T10:12:29.021759Z  INFO tokio-runtime-worker ThreadId(14) fenrir::services::scheduler::service: scheduler heartbeat loop started
2025-12-18T10:12:29.022004Z  INFO                 main ThreadId(01) fenrir::boot::startup: audit log persistence configured path=/opt/fenrir/development/tmp/runtime/audit/fenrir-audit-history.json capacity=2048 retention_hours=24 persist_seconds=30
2025-12-18T10:12:29.025803Z  INFO                 main ThreadId(01) fenrir::infra::modules::runtime::process: loaded 0 module states from disk
2025-12-18T10:12:29.031668Z  INFO                 main ThreadId(01) fenrir::security::identity::authority: identity store: using database backend
2025-12-18T10:12:29.031856Z  INFO                 main ThreadId(01) fenrir::boot::startup: processing pending password from setup script user=jfu
2025-12-18T10:12:29.120119Z  INFO                 main ThreadId(01) fenrir::boot::startup: password configured successfully user=jfu
2025-12-18T10:12:29.120249Z  INFO                 main ThreadId(01) fenrir::infra::http::server: HTTP control-plane authentication via identity broker with static token fallback
2025-12-18T10:12:29.120272Z  INFO                 main ThreadId(01) fenrir::boot::startup: boot complete app=fenrir version=0.1.4
2025-12-18T10:12:29.120474Z  INFO                 main ThreadId(01) fenrir::infra::db::connector: db connector ipc socket ready path=/opt/fenrir/development/tmp/runtime/ipc/db-connector.sock
2025-12-18T10:12:29.120480Z  INFO tokio-runtime-worker ThreadId(03) fenrir::infra::db::connector: db connector task started task="db-connector-ipc"
2025-12-18T10:12:29.123153Z  INFO                 main ThreadId(01) fenrir::services::module::gateway: runtime gateway started module=fenrir-api endpoint=http://127.0.0.1:54701/call
2025-12-18T10:12:29.532246Z  INFO                 main ThreadId(01) fenrir::infra::modules::runtime::process: module process started module_id=fenrir-api pid=43477 port=Some(41002)
2025-12-18T10:12:29.533119Z  INFO                 main ThreadId(01) fenrir::services::module::runtime: module started successfully module_id=fenrir-api pid=Some(43477) port=Some(41002)
2025-12-18T10:12:29.746862Z  INFO                 main ThreadId(01) fenrir::services::module::gateway: runtime gateway started module=fenrir-web endpoint=http://127.0.0.1:54709/call
2025-12-18T10:12:29.749820Z  INFO                 main ThreadId(01) fenrir::infra::modules::runtime::process: module static server started module_id=fenrir-web port=41000 root=/Users/jfurocket/Documents/personal/modules/fenrir-web/dist/browser
2025-12-18T10:12:29.750153Z  INFO                 main ThreadId(01) fenrir::services::module::runtime: module started successfully module_id=fenrir-web pid=None port=Some(41000)
2025-12-18T10:12:29.753533Z  INFO                 main ThreadId(01) fenrir::services::module::gateway: runtime gateway started module=notification-hub endpoint=http://127.0.0.1:54711/call
2025-12-18T10:12:29.760702Z  INFO                 main ThreadId(01) fenrir::infra::modules::runtime::process: module process started module_id=notification-hub pid=43479 port=Some(41001)
2025-12-18T10:12:29.761243Z  INFO                 main ThreadId(01) fenrir::services::module::runtime: module started successfully module_id=notification-hub pid=Some(43479) port=Some(41001)
2025-12-18T10:12:29.972420Z  INFO                 main ThreadId(01) fenrir::boot::transports: transport initialisation triggered
2025-12-18T10:12:29.972525Z  INFO tokio-runtime-worker ThreadId(13) fenrir::boot::transports: ssh server task spawned
2025-12-18T10:12:29.973284Z  INFO tokio-runtime-worker ThreadId(14) fenrir::infra::http::server: HTTP server task spawned
2025-12-18T10:12:29.973387Z  INFO tokio-runtime-worker ThreadId(13) fenrir::infra::ssh::server: starting SSH server host=127.0.0.1 port=2222
2025-12-18T10:12:34.189496Z  INFO tokio-runtime-worker ThreadId(13) thrussh::server::encrypted: pty-req: unknown pty code 42
2025-12-18T10:12:44.192670Z  INFO tokio-runtime-worker ThreadId(03) fenrir::services::db_connector: db connector request processed tenant="default"
2025-12-18T10:16:26.190106Z  INFO tokio-runtime-worker ThreadId(04) fenrir::infra::modules::runtime::process: module stopped module_id=notification-hub pid=43479
2025-12-18T10:16:26.293554Z  INFO tokio-runtime-worker ThreadId(29) fenrir::infra::modules::runtime::process: module stopped module_id=fenrir-api pid=43477
2025-12-18T10:16:26.295809Z  INFO tokio-runtime-worker ThreadId(29) fenrir::infra::modules::runtime::process: module static server stopped module_id=fenrir-web
2025-12-18T10:16:26.298207Z  INFO tokio-runtime-worker ThreadId(04) fenrir::infra::db::runtime: db runtime supervisor stopped (stub) mode=Embedded engine=Postgres dir=/opt/fenrir/development/tmp/runtime/db
