2025-12-10T09:01:27.186977Z  INFO main ThreadId(01) fenrir::infra::logging::init: file logging initialized log_path=logs/app.log
2025-12-10T09:01:27.187082Z  INFO main ThreadId(01) fenrir::infra::logging::init: db log file prepared log_path=logs/db.log
2025-12-10T09:01:27.241785Z  INFO main ThreadId(01) fenrir::boot::startup: core services registered in registry
2025-12-10T09:01:27.242591Z  INFO main ThreadId(01) fenrir::boot::startup: scheduler service started
2025-12-10T09:01:27.242753Z  INFO tokio-runtime-worker ThreadId(08) fenrir::services::scheduler::service: scheduler heartbeat loop started
2025-12-10T09:01:27.243494Z  INFO                 main ThreadId(01) fenrir::boot::startup: audit log persistence configured path=/opt/fenrir/development/tmp/runtime/audit/fenrir-audit-history.json capacity=2048 retention_hours=24 persist_seconds=30
2025-12-10T09:01:27.249484Z  INFO                 main ThreadId(01) fenrir::infra::modules::runtime::process: loaded 2 module states from disk
2025-12-10T09:01:27.249520Z  WARN                 main ThreadId(01) fenrir::infra::modules::runtime::process: module was running but process no longer exists module_id=notification-hub pid=45780
2025-12-10T09:01:27.249529Z  WARN                 main ThreadId(01) fenrir::infra::modules::runtime::process: module was running but process no longer exists module_id=fenrir-api pid=5011
2025-12-10T09:01:27.355292Z  INFO                 main ThreadId(01) fenrir::infra::http::server: HTTP control-plane authentication via identity broker with static token fallback
2025-12-10T09:01:27.355393Z  INFO                 main ThreadId(01) fenrir::boot::startup: boot complete app=fenrir version=0.1.4
2025-12-10T09:01:27.355823Z  INFO                 main ThreadId(01) fenrir::infra::db::connector: db connector ipc socket ready path=/opt/fenrir/development/tmp/ipc/db-connector.sock
2025-12-10T09:01:27.355906Z  INFO tokio-runtime-worker ThreadId(11) fenrir::infra::db::connector: db connector task started task="db-connector-ipc"
2025-12-10T09:01:27.357016Z  WARN                 main ThreadId(01) fenrir::infra::modules::storage: Skipping hidden module entry path=/Users/jfurocket/Documents/personal/modules/.fenrir-backups name=".fenrir-backups"
2025-12-10T09:01:27.358101Z  WARN                 main ThreadId(01) fenrir::infra::modules::storage: Skipping hidden module entry path=/Users/jfurocket/Documents/personal/modules/.cache name=".cache"
2025-12-10T09:01:27.374891Z  INFO                 main ThreadId(01) fenrir::infra::modules::runtime::process: module process started module_id=fenrir-api pid=97720 port=Some(41000)
2025-12-10T09:01:27.375661Z  INFO                 main ThreadId(01) fenrir::services::module::runtime: module started successfully module_id=fenrir-api pid=Some(97720) port=Some(41000)
2025-12-10T09:01:27.781668Z  INFO                 main ThreadId(01) fenrir::infra::modules::runtime::process: module process started module_id=notification-hub pid=97735 port=Some(41001)
2025-12-10T09:01:27.781966Z  INFO                 main ThreadId(01) fenrir::services::module::runtime: module started successfully module_id=notification-hub pid=Some(97735) port=Some(41001)
2025-12-10T09:01:28.198010Z  INFO                 main ThreadId(01) fenrir::boot::transports: transport initialisation triggered
2025-12-10T09:01:28.198010Z  INFO tokio-runtime-worker ThreadId(14) fenrir::boot::transports: ssh server task spawned
2025-12-10T09:01:28.198262Z  INFO tokio-runtime-worker ThreadId(14) fenrir::infra::ssh::server: starting SSH server host=127.0.0.1 port=2222
2025-12-10T09:01:28.199227Z  INFO tokio-runtime-worker ThreadId(13) fenrir::infra::http::server: HTTP server task spawned
2025-12-10T09:01:28.288841Z  INFO tokio-runtime-worker ThreadId(13) fenrir::services::module::runtime: module service manifest registered after retry module=fenrir-api attempt=1
2025-12-10T09:01:42.361023Z  WARN tokio-runtime-worker ThreadId(10) fenrir::services::scheduler::service: db ping failed error=db connection error: error connecting to server: Connection refused (os error 61)
2025-12-10T09:02:07.373211Z  INFO tokio-runtime-worker ThreadId(13) thrussh::server::encrypted: pty-req: unknown pty code 42
2025-12-10T09:02:23.531491Z  WARN ThreadId(19) fenrir::infra::modules::storage: Skipping hidden module entry path=/Users/jfurocket/Documents/personal/modules/.fenrir-backups name=".fenrir-backups"
2025-12-10T09:02:23.534602Z  WARN ThreadId(19) fenrir::infra::modules::storage: Skipping hidden module entry path=/Users/jfurocket/Documents/personal/modules/.cache name=".cache"
2025-12-10T09:02:27.580070Z  WARN ThreadId(36) fenrir::infra::modules::storage: Skipping hidden module entry path=/Users/jfurocket/Documents/personal/modules/.fenrir-backups name=".fenrir-backups"
2025-12-10T09:02:27.580737Z  WARN ThreadId(36) fenrir::infra::modules::storage: Skipping hidden module entry path=/Users/jfurocket/Documents/personal/modules/.cache name=".cache"
2025-12-10T09:02:29.720032Z  INFO tokio-runtime-worker ThreadId(13) fenrir::infra::modules::runtime::process: module stopped module_id=fenrir-api pid=97720
2025-12-10T09:02:29.726759Z  INFO tokio-runtime-worker ThreadId(13) fenrir::services::module::dev: activating module dev service override module=fenrir-api services=1
2025-12-10T09:02:39.234677Z  WARN ThreadId(52) fenrir::infra::modules::storage: Skipping hidden module entry path=/Users/jfurocket/Documents/personal/modules/.fenrir-backups name=".fenrir-backups"
2025-12-10T09:02:39.235219Z  WARN ThreadId(52) fenrir::infra::modules::storage: Skipping hidden module entry path=/Users/jfurocket/Documents/personal/modules/.cache name=".cache"
2025-12-10T09:02:39.629800Z  WARN tokio-runtime-worker ThreadId(13) fenrir::infra::modules::storage: Skipping hidden module entry path=/Users/jfurocket/Documents/personal/modules/.fenrir-backups name=".fenrir-backups"
2025-12-10T09:02:39.629988Z  WARN tokio-runtime-worker ThreadId(13) fenrir::infra::modules::storage: Skipping hidden module entry path=/Users/jfurocket/Documents/personal/modules/.cache name=".cache"
2025-12-10T09:02:39.631865Z  INFO tokio-runtime-worker ThreadId(13) fenrir::infra::modules::runtime::process: module process started module_id=fenrir-api pid=881 port=Some(41000)
2025-12-10T09:02:39.632164Z  INFO tokio-runtime-worker ThreadId(13) fenrir::services::module::runtime: module started successfully module_id=fenrir-api pid=Some(881) port=Some(41000)
2025-12-10T09:02:40.552151Z  INFO tokio-runtime-worker ThreadId(10) fenrir::services::module::runtime: module service manifest registered after retry module=fenrir-api attempt=1
2025-12-10T09:02:47.606163Z  WARN ThreadId(68) fenrir::infra::modules::storage: Skipping hidden module entry path=/Users/jfurocket/Documents/personal/modules/.fenrir-backups name=".fenrir-backups"
2025-12-10T09:02:47.607132Z  WARN ThreadId(68) fenrir::infra::modules::storage: Skipping hidden module entry path=/Users/jfurocket/Documents/personal/modules/.cache name=".cache"
2025-12-10T09:03:10.788318Z  WARN tokio-runtime-worker ThreadId(02) fenrir::infra::modules::storage: Skipping hidden module entry path=/Users/jfurocket/Documents/personal/modules/.fenrir-backups name=".fenrir-backups"
2025-12-10T09:03:10.788757Z  WARN tokio-runtime-worker ThreadId(13) fenrir::infra::modules::storage: Skipping hidden module entry path=/Users/jfurocket/Documents/personal/modules/.cache name=".cache"
2025-12-10T09:03:25.813078Z  WARN tokio-runtime-worker ThreadId(10) fenrir::infra::modules::storage: Skipping hidden module entry path=/Users/jfurocket/Documents/personal/modules/.fenrir-backups name=".fenrir-backups"
2025-12-10T09:03:25.813943Z  WARN tokio-runtime-worker ThreadId(10) fenrir::infra::modules::storage: Skipping hidden module entry path=/Users/jfurocket/Documents/personal/modules/.cache name=".cache"
2025-12-10T09:03:40.812561Z  WARN tokio-runtime-worker ThreadId(11) fenrir::infra::modules::storage: Skipping hidden module entry path=/Users/jfurocket/Documents/personal/modules/.fenrir-backups name=".fenrir-backups"
2025-12-10T09:03:40.813129Z  WARN tokio-runtime-worker ThreadId(11) fenrir::infra::modules::storage: Skipping hidden module entry path=/Users/jfurocket/Documents/personal/modules/.cache name=".cache"
2025-12-10T09:03:42.364761Z  WARN tokio-runtime-worker ThreadId(02) fenrir::services::scheduler::service: db ping failed error=db connection error: error connecting to server: Connection refused (os error 61)
2025-12-10T09:03:55.809822Z  WARN tokio-runtime-worker ThreadId(02) fenrir::infra::modules::storage: Skipping hidden module entry path=/Users/jfurocket/Documents/personal/modules/.fenrir-backups name=".fenrir-backups"
2025-12-10T09:03:55.810203Z  WARN tokio-runtime-worker ThreadId(02) fenrir::infra::modules::storage: Skipping hidden module entry path=/Users/jfurocket/Documents/personal/modules/.cache name=".cache"
2025-12-10T09:04:10.812046Z  WARN tokio-runtime-worker ThreadId(02) fenrir::infra::modules::storage: Skipping hidden module entry path=/Users/jfurocket/Documents/personal/modules/.fenrir-backups name=".fenrir-backups"
2025-12-10T09:04:10.812684Z  WARN tokio-runtime-worker ThreadId(02) fenrir::infra::modules::storage: Skipping hidden module entry path=/Users/jfurocket/Documents/personal/modules/.cache name=".cache"
2025-12-10T09:04:25.812292Z  WARN tokio-runtime-worker ThreadId(13) fenrir::infra::modules::storage: Skipping hidden module entry path=/Users/jfurocket/Documents/personal/modules/.fenrir-backups name=".fenrir-backups"
2025-12-10T09:04:25.813462Z  WARN tokio-runtime-worker ThreadId(13) fenrir::infra::modules::storage: Skipping hidden module entry path=/Users/jfurocket/Documents/personal/modules/.cache name=".cache"
2025-12-10T09:04:40.810665Z  WARN tokio-runtime-worker ThreadId(13) fenrir::infra::modules::storage: Skipping hidden module entry path=/Users/jfurocket/Documents/personal/modules/.fenrir-backups name=".fenrir-backups"
2025-12-10T09:04:40.811242Z  WARN tokio-runtime-worker ThreadId(13) fenrir::infra::modules::storage: Skipping hidden module entry path=/Users/jfurocket/Documents/personal/modules/.cache name=".cache"
2025-12-10T09:04:55.812067Z  WARN tokio-runtime-worker ThreadId(13) fenrir::infra::modules::storage: Skipping hidden module entry path=/Users/jfurocket/Documents/personal/modules/.fenrir-backups name=".fenrir-backups"
2025-12-10T09:04:55.812555Z  WARN tokio-runtime-worker ThreadId(13) fenrir::infra::modules::storage: Skipping hidden module entry path=/Users/jfurocket/Documents/personal/modules/.cache name=".cache"
2025-12-10T09:05:10.811803Z  WARN tokio-runtime-worker ThreadId(13) fenrir::infra::modules::storage: Skipping hidden module entry path=/Users/jfurocket/Documents/personal/modules/.fenrir-backups name=".fenrir-backups"
2025-12-10T09:05:10.812196Z  WARN tokio-runtime-worker ThreadId(13) fenrir::infra::modules::storage: Skipping hidden module entry path=/Users/jfurocket/Documents/personal/modules/.cache name=".cache"
2025-12-10T09:05:25.811933Z  WARN tokio-runtime-worker ThreadId(11) fenrir::infra::modules::storage: Skipping hidden module entry path=/Users/jfurocket/Documents/personal/modules/.fenrir-backups name=".fenrir-backups"
2025-12-10T09:05:25.812540Z  WARN tokio-runtime-worker ThreadId(11) fenrir::infra::modules::storage: Skipping hidden module entry path=/Users/jfurocket/Documents/personal/modules/.cache name=".cache"
2025-12-10T09:05:40.813885Z  WARN tokio-runtime-worker ThreadId(10) fenrir::infra::modules::storage: Skipping hidden module entry path=/Users/jfurocket/Documents/personal/modules/.fenrir-backups name=".fenrir-backups"
2025-12-10T09:05:40.814868Z  WARN tokio-runtime-worker ThreadId(10) fenrir::infra::modules::storage: Skipping hidden module entry path=/Users/jfurocket/Documents/personal/modules/.cache name=".cache"
2025-12-10T09:05:42.368430Z  WARN tokio-runtime-worker ThreadId(14) fenrir::services::scheduler::service: db ping failed error=db connection error: error connecting to server: Connection refused (os error 61)
2025-12-10T09:05:44.568301Z  WARN tokio-runtime-worker ThreadId(13) fenrir::infra::modules::storage: Skipping hidden module entry path=/Users/jfurocket/Documents/personal/modules/.fenrir-backups name=".fenrir-backups"
2025-12-10T09:05:44.569773Z  WARN tokio-runtime-worker ThreadId(13) fenrir::infra::modules::storage: Skipping hidden module entry path=/Users/jfurocket/Documents/personal/modules/.cache name=".cache"
2025-12-10T09:07:42.372383Z  WARN tokio-runtime-worker ThreadId(13) fenrir::services::scheduler::service: db ping failed error=db connection error: error connecting to server: Connection refused (os error 61)
2025-12-10T09:09:42.377513Z  WARN tokio-runtime-worker ThreadId(14) fenrir::services::scheduler::service: db ping failed error=db connection error: error connecting to server: Connection refused (os error 61)
2025-12-10T09:11:42.381383Z  WARN tokio-runtime-worker ThreadId(13) fenrir::services::scheduler::service: db ping failed error=db connection error: error connecting to server: Connection refused (os error 61)
2025-12-10T09:13:42.386483Z  WARN tokio-runtime-worker ThreadId(13) fenrir::services::scheduler::service: db ping failed error=db connection error: error connecting to server: Connection refused (os error 61)
2025-12-10T09:15:42.392165Z  WARN tokio-runtime-worker ThreadId(13) fenrir::services::scheduler::service: db ping failed error=db connection error: error connecting to server: Connection refused (os error 61)
2025-12-10T09:17:42.397229Z  WARN tokio-runtime-worker ThreadId(02) fenrir::services::scheduler::service: db ping failed error=db connection error: error connecting to server: Connection refused (os error 61)
2025-12-10T09:19:42.402648Z  WARN tokio-runtime-worker ThreadId(13) fenrir::services::scheduler::service: db ping failed error=db connection error: error connecting to server: Connection refused (os error 61)
2025-12-10T09:21:42.407475Z  WARN tokio-runtime-worker ThreadId(02) fenrir::services::scheduler::service: db ping failed error=db connection error: error connecting to server: Connection refused (os error 61)
2025-12-10T09:23:42.419642Z  WARN tokio-runtime-worker ThreadId(02) fenrir::services::scheduler::service: db ping failed error=db connection error: error connecting to server: Connection refused (os error 61)
2025-12-10T09:25:42.422991Z  WARN tokio-runtime-worker ThreadId(13) fenrir::services::scheduler::service: db ping failed error=db connection error: error connecting to server: Connection refused (os error 61)
2025-12-10T09:27:42.428331Z  WARN tokio-runtime-worker ThreadId(02) fenrir::services::scheduler::service: db ping failed error=db connection error: error connecting to server: Connection refused (os error 61)
2025-12-10T09:29:42.433387Z  WARN tokio-runtime-worker ThreadId(11) fenrir::services::scheduler::service: db ping failed error=db connection error: error connecting to server: Connection refused (os error 61)
2025-12-10T09:31:42.438220Z  WARN tokio-runtime-worker ThreadId(13) fenrir::services::scheduler::service: db ping failed error=db connection error: error connecting to server: Connection refused (os error 61)
2025-12-10T09:33:42.443447Z  WARN tokio-runtime-worker ThreadId(11) fenrir::services::scheduler::service: db ping failed error=db connection error: error connecting to server: Connection refused (os error 61)
2025-12-10T09:35:42.447629Z  WARN tokio-runtime-worker ThreadId(13) fenrir::services::scheduler::service: db ping failed error=db connection error: error connecting to server: Connection refused (os error 61)
2025-12-10T09:37:07.940170Z  WARN tokio-runtime-worker ThreadId(13) fenrir::infra::modules::storage: Skipping hidden module entry path=/Users/jfurocket/Documents/personal/modules/.fenrir-backups name=".fenrir-backups"
2025-12-10T09:37:07.941689Z  WARN tokio-runtime-worker ThreadId(02) fenrir::infra::modules::storage: Skipping hidden module entry path=/Users/jfurocket/Documents/personal/modules/.cache name=".cache"
2025-12-10T09:37:09.953964Z  WARN tokio-runtime-worker ThreadId(11) fenrir::infra::modules::storage: Skipping hidden module entry path=/Users/jfurocket/Documents/personal/modules/.fenrir-backups name=".fenrir-backups"
2025-12-10T09:37:09.955044Z  WARN tokio-runtime-worker ThreadId(11) fenrir::infra::modules::storage: Skipping hidden module entry path=/Users/jfurocket/Documents/personal/modules/.cache name=".cache"
2025-12-10T09:37:25.027376Z  WARN tokio-runtime-worker ThreadId(13) fenrir::infra::modules::storage: Skipping hidden module entry path=/Users/jfurocket/Documents/personal/modules/.fenrir-backups name=".fenrir-backups"
2025-12-10T09:37:25.027795Z  WARN tokio-runtime-worker ThreadId(13) fenrir::infra::modules::storage: Skipping hidden module entry path=/Users/jfurocket/Documents/personal/modules/.cache name=".cache"
2025-12-10T09:37:32.568189Z  WARN tokio-runtime-worker ThreadId(02) fenrir::infra::modules::storage: Skipping hidden module entry path=/Users/jfurocket/Documents/personal/modules/.fenrir-backups name=".fenrir-backups"
2025-12-10T09:37:32.568561Z  WARN tokio-runtime-worker ThreadId(02) fenrir::infra::modules::storage: Skipping hidden module entry path=/Users/jfurocket/Documents/personal/modules/.cache name=".cache"
2025-12-10T09:37:32.629358Z  WARN tokio-runtime-worker ThreadId(13) fenrir::infra::modules::storage: Skipping hidden module entry path=/Users/jfurocket/Documents/personal/modules/.fenrir-backups name=".fenrir-backups"
2025-12-10T09:37:32.629589Z  WARN tokio-runtime-worker ThreadId(11) fenrir::infra::modules::storage: Skipping hidden module entry path=/Users/jfurocket/Documents/personal/modules/.cache name=".cache"
2025-12-10T09:37:42.455548Z  WARN tokio-runtime-worker ThreadId(13) fenrir::services::scheduler::service: db ping failed error=db connection error: error connecting to server: Connection refused (os error 61)
