2025-12-11T03:22:11.288884Z  INFO main ThreadId(01) fenrir::infra::logging::init: file logging initialized log_path=logs/app.log
2025-12-11T03:22:11.289114Z  INFO main ThreadId(01) fenrir::infra::logging::init: db log file prepared log_path=logs/db.log
2025-12-11T03:22:11.369194Z  INFO main ThreadId(01) fenrir::boot::startup: core services registered in registry
2025-12-11T03:22:11.370749Z  INFO main ThreadId(01) fenrir::boot::startup: scheduler service started
2025-12-11T03:22:11.370877Z  INFO tokio-runtime-worker ThreadId(14) fenrir::services::scheduler::service: scheduler heartbeat loop started
2025-12-11T03:22:11.373221Z  INFO                 main ThreadId(01) fenrir::boot::startup: audit log persistence configured path=/opt/fenrir/development/tmp/runtime/audit/fenrir-audit-history.json capacity=2048 retention_hours=24 persist_seconds=30
2025-12-11T03:22:11.378910Z  INFO                 main ThreadId(01) fenrir::infra::modules::runtime::process: loaded 2 module states from disk
2025-12-11T03:22:11.378943Z  WARN                 main ThreadId(01) fenrir::infra::modules::runtime::process: module was running but process no longer exists module_id=notification-hub pid=88917
2025-12-11T03:22:11.378951Z  WARN                 main ThreadId(01) fenrir::infra::modules::runtime::process: module was running but process no longer exists module_id=fenrir-api pid=88916
2025-12-11T03:22:11.439589Z  INFO                 main ThreadId(01) fenrir::infra::http::server: HTTP control-plane authentication via identity broker with static token fallback
2025-12-11T03:22:11.439668Z  INFO                 main ThreadId(01) fenrir::boot::startup: boot complete app=fenrir version=0.1.4
2025-12-11T03:22:11.440117Z  INFO                 main ThreadId(01) fenrir::infra::db::connector: db connector ipc socket ready path=/opt/fenrir/development/tmp/ipc/db-connector.sock
2025-12-11T03:22:11.440264Z  INFO tokio-runtime-worker ThreadId(15) fenrir::infra::db::connector: db connector task started task="db-connector-ipc"
2025-12-11T03:22:11.445923Z  INFO                 main ThreadId(01) fenrir::infra::modules::runtime::process: module process started module_id=fenrir-api pid=14465 port=Some(41000)
2025-12-11T03:22:11.446400Z  INFO                 main ThreadId(01) fenrir::services::module::runtime: module started successfully module_id=fenrir-api pid=Some(14465) port=Some(41000)
2025-12-11T03:22:11.660215Z  INFO                 main ThreadId(01) fenrir::infra::modules::runtime::process: module process started module_id=notification-hub pid=14466 port=Some(41001)
2025-12-11T03:22:11.660620Z  INFO                 main ThreadId(01) fenrir::services::module::runtime: module started successfully module_id=notification-hub pid=Some(14466) port=Some(41001)
2025-12-11T03:22:11.872518Z  INFO tokio-runtime-worker ThreadId(11) fenrir::boot::transports: ssh server task spawned
2025-12-11T03:22:11.872518Z  INFO                 main ThreadId(01) fenrir::boot::transports: transport initialisation triggered
2025-12-11T03:22:11.873312Z  INFO tokio-runtime-worker ThreadId(11) fenrir::infra::ssh::server: starting SSH server host=127.0.0.1 port=2222
2025-12-11T03:22:11.874165Z  INFO tokio-runtime-worker ThreadId(14) fenrir::infra::http::server: HTTP server task spawned
2025-12-11T03:22:26.443855Z  WARN tokio-runtime-worker ThreadId(18) fenrir::services::scheduler::service: db ping failed error=db connection error: error connecting to server: Connection refused (os error 61)
