2025-11-19T10:14:53.278495Z  INFO main ThreadId(01) fenrir::infra::logging: dateilogging initialisiert log_path=logs/app.log
2025-11-19T10:14:53.278618Z  INFO main ThreadId(01) fenrir::infra::logging: db-logdatei vorbereitet log_path=logs/db.log
2025-11-19T10:14:53.280265Z  INFO main ThreadId(01) fenrir::boot: core services registered in registry
2025-11-19T10:14:53.280679Z  INFO main ThreadId(01) fenrir::boot: scheduler service started
2025-11-19T10:14:53.280890Z  INFO tokio-runtime-worker ThreadId(12) fenrir::services::scheduler: scheduler heartbeat loop started
2025-11-19T10:14:53.281056Z  INFO                 main ThreadId(01) fenrir::boot: audit log persistence configured path=/opt/fenrir/development/tmp/runtime/audit/fenrir-audit-history.json capacity=2048 retention_hours=24 persist_seconds=30
2025-11-19T10:14:53.287792Z  INFO                 main ThreadId(01) fenrir::infra::modules::runtime::process: loaded 1 module states from disk
2025-11-19T10:14:53.287837Z  WARN                 main ThreadId(01) fenrir::infra::modules::runtime::process: module was running but process no longer exists module_id=fenrir-api pid=39400
2025-11-19T10:14:53.327042Z  INFO                 main ThreadId(01) fenrir::infra::http::server: HTTP control-plane authentication via identity broker
2025-11-19T10:14:53.327114Z  INFO                 main ThreadId(01) fenrir::boot: boot complete app=fenrir version=0.1.4
2025-11-19T10:14:53.757844Z  WARN                 main ThreadId(01) fenrir::boot: bootstrap module install failed module=fenrir-api error=registry error: registry unavailable: Download failed with status: 502 Bad Gateway
2025-11-19T10:14:53.757923Z  INFO                 main ThreadId(01) fenrir::boot: transport initialisation triggered
2025-11-19T10:14:53.757968Z  INFO tokio-runtime-worker ThreadId(12) fenrir::boot: ssh server task spawned
2025-11-19T10:14:53.758905Z  INFO tokio-runtime-worker ThreadId(12) fenrir::infra::ssh: starting SSH server host=127.0.0.1 port=2222
2025-11-19T10:15:01.704425Z  INFO tokio-runtime-worker ThreadId(13) thrussh::server::encrypted: pty-req: unknown pty code 42
2025-11-19T10:15:05.250157Z  WARN ThreadId(18) fenrir::infra::modules::storage: Skipping hidden module entry path=/Users/jfurocket/Documents/personal/modules/.cache name=".cache"
2025-11-19T10:15:08.330354Z  WARN tokio-runtime-worker ThreadId(05) fenrir::services::scheduler: db ping failed error=DB-Verbindungsfehler: error connecting to server: Connection refused (os error 61)
2025-11-19T10:17:08.336292Z  WARN tokio-runtime-worker ThreadId(12) fenrir::services::scheduler: db ping failed error=DB-Verbindungsfehler: error connecting to server: Connection refused (os error 61)
2025-11-19T10:19:08.342270Z  WARN tokio-runtime-worker ThreadId(05) fenrir::services::scheduler: db ping failed error=DB-Verbindungsfehler: error connecting to server: Connection refused (os error 61)
2025-11-19T10:21:08.345130Z  WARN tokio-runtime-worker ThreadId(12) fenrir::services::scheduler: db ping failed error=DB-Verbindungsfehler: error connecting to server: Connection refused (os error 61)
2025-11-19T10:23:08.348999Z  WARN tokio-runtime-worker ThreadId(05) fenrir::services::scheduler: db ping failed error=DB-Verbindungsfehler: error connecting to server: Connection refused (os error 61)
2025-11-19T10:25:08.353059Z  WARN tokio-runtime-worker ThreadId(12) fenrir::services::scheduler: db ping failed error=DB-Verbindungsfehler: error connecting to server: Connection refused (os error 61)
2025-11-19T10:27:08.356913Z  WARN tokio-runtime-worker ThreadId(05) fenrir::services::scheduler: db ping failed error=DB-Verbindungsfehler: error connecting to server: Connection refused (os error 61)
2025-11-19T10:29:08.360624Z  WARN tokio-runtime-worker ThreadId(12) fenrir::services::scheduler: db ping failed error=DB-Verbindungsfehler: error connecting to server: Connection refused (os error 61)
2025-11-19T10:31:08.393889Z  WARN tokio-runtime-worker ThreadId(05) fenrir::services::scheduler: db ping failed error=DB-Verbindungsfehler: error connecting to server: Connection refused (os error 61)
2025-11-19T10:33:08.400573Z  WARN tokio-runtime-worker ThreadId(12) fenrir::services::scheduler: db ping failed error=DB-Verbindungsfehler: error connecting to server: Connection refused (os error 61)
2025-11-19T10:35:08.405344Z  WARN tokio-runtime-worker ThreadId(05) fenrir::services::scheduler: db ping failed error=DB-Verbindungsfehler: error connecting to server: Connection refused (os error 61)
2025-11-19T10:37:08.408835Z  WARN tokio-runtime-worker ThreadId(12) fenrir::services::scheduler: db ping failed error=DB-Verbindungsfehler: error connecting to server: Connection refused (os error 61)
