2025-10-09T08:56:48.902000Z  INFO main ThreadId(01) fenrir::infra::logging: dateilogging initialisiert log_path=logs/app.log
2025-10-09T08:56:48.902096Z  INFO main ThreadId(01) fenrir::infra::logging: db-logdatei vorbereitet log_path=logs/db.log
2025-10-09T08:56:48.902313Z  INFO main ThreadId(01) fenrir::boot: core services registered in registry
2025-10-09T08:56:48.902557Z  INFO main ThreadId(01) fenrir::boot: scheduler service started
2025-10-09T08:56:48.902822Z  INFO tokio-runtime-worker ThreadId(02) fenrir::services::scheduler: scheduler heartbeat loop started
2025-10-09T08:56:48.903950Z  INFO                 main ThreadId(01) fenrir::boot: user and ticket services initialised
2025-10-09T08:56:48.903963Z  INFO                 main ThreadId(01) fenrir::boot: boot complete app=fenrir version=0.1.3
2025-10-09T08:56:48.904011Z  INFO                 main ThreadId(01) fenrir::boot: transport initialisation triggered
2025-10-09T08:56:48.904031Z  INFO tokio-runtime-worker ThreadId(10) fenrir::boot: ssh server task spawned
2025-10-09T08:56:48.904492Z  INFO tokio-runtime-worker ThreadId(10) fenrir::infra::ssh: starting SSH server host=127.0.0.1 port=2222
2025-10-09T08:56:48.904606Z  INFO tokio-runtime-worker ThreadId(11) fenrir::infra::http: HTTP server task spawned
2025-10-09T08:56:55.728491Z  INFO tokio-runtime-worker ThreadId(04) thrussh::server::encrypted: pty-req: unknown pty code 42
2025-10-09T08:56:57.822135Z  INFO tokio-runtime-worker ThreadId(04) fenrir::cli::commands::builtins::modules: modules command invoked command="modules"
2025-10-09T08:56:57.827630Z  WARN ThreadId(17) fenrir::infra::modules::storage: Skipping hidden module entry path=/Users/jfurocket/Documents/personal/modules/.cache name=".cache"
2025-10-09T08:56:57.827752Z  WARN ThreadId(17) fenrir::infra::modules::storage: Skipping hidden module entry path=/Users/jfurocket/Documents/personal/modules/.idea name=".idea"
2025-10-09T08:57:14.517332Z  INFO tokio-runtime-worker ThreadId(02) fenrir::cli::commands::builtins::modules: modules command invoked command="modules"
2025-10-09T08:57:14.525781Z  INFO ThreadId(49) fenrir::infra::modules::runtime::process: module process started module_id=fenrir-api pid=72698 port=Some(8080)
2025-10-09T08:57:14.527311Z  INFO ThreadId(49) fenrir::services::module: module started successfully module_id=fenrir-api pid=Some(72698) port=Some(8080)
2025-10-09T08:57:16.521643Z  INFO tokio-runtime-worker ThreadId(11) fenrir::cli::commands::builtins::modules: modules command invoked command="modules"
2025-10-09T08:57:16.523323Z  WARN ThreadId(65) fenrir::infra::modules::storage: Skipping hidden module entry path=/Users/jfurocket/Documents/personal/modules/.cache name=".cache"
2025-10-09T08:57:16.523393Z  WARN ThreadId(65) fenrir::infra::modules::storage: Skipping hidden module entry path=/Users/jfurocket/Documents/personal/modules/.idea name=".idea"
2025-10-09T08:57:27.546059Z  INFO tokio-runtime-worker ThreadId(11) fenrir::cli::commands::builtins::modules: modules command invoked command="modules"
2025-10-09T08:57:28.051276Z  INFO ThreadId(96) fenrir::infra::modules::runtime::process: module stopped module_id=fenrir-api pid=72698
2025-10-09T08:57:28.051465Z  INFO ThreadId(96) fenrir::services::module: module stopped successfully module_id=fenrir-api
2025-10-09T08:58:29.068882Z  INFO tokio-runtime-worker ThreadId(15) fenrir::services::scheduler: scheduler heartbeat stopped
2025-10-09T08:58:29.068952Z  INFO tokio-runtime-worker ThreadId(15) fenrir::services::scheduler: scheduler service dropped and resources cleaned up
